<?xml version="1.0" encoding="ISO-8859-1" ?>
<link_info>
   <banner>TMS320C2000 Linker PC v20.2.1.LTS</banner>
   <copyright>Copyright (c) 1996-2018 Texas Instruments Incorporated</copyright>
   <link_time>0x62bfe200</link_time>
   <link_errors>0x0</link_errors>
   <output_file>28379d_CPU1_temp.out</output_file>
   <entry_point>
      <name>_c_int00</name>
      <address>0xb7e8</address>
   </entry_point>
   <input_file_list>
      <input_file id="fl-2">
         <path>.\</path>
         <kind>object</kind>
         <file>appl.obj</file>
         <name>appl.obj</name>
      </input_file>
      <input_file id="fl-3">
         <path>.\03_device\source\</path>
         <kind>object</kind>
         <file>adc.obj</file>
         <name>adc.obj</name>
      </input_file>
      <input_file id="fl-4">
         <path>.\03_device\source\</path>
         <kind>object</kind>
         <file>asysctl.obj</file>
         <name>asysctl.obj</name>
      </input_file>
      <input_file id="fl-5">
         <path>.\03_device\source\</path>
         <kind>object</kind>
         <file>can.obj</file>
         <name>can.obj</name>
      </input_file>
      <input_file id="fl-6">
         <path>.\03_device\source\</path>
         <kind>object</kind>
         <file>cla.obj</file>
         <name>cla.obj</name>
      </input_file>
      <input_file id="fl-7">
         <path>.\03_device\source\</path>
         <kind>object</kind>
         <file>clb.obj</file>
         <name>clb.obj</name>
      </input_file>
      <input_file id="fl-8">
         <path>.\03_device\source\</path>
         <kind>object</kind>
         <file>cmpss.obj</file>
         <name>cmpss.obj</name>
      </input_file>
      <input_file id="fl-9">
         <path>.\03_device\source\</path>
         <kind>object</kind>
         <file>cputimer.obj</file>
         <name>cputimer.obj</name>
      </input_file>
      <input_file id="fl-a">
         <path>.\03_device\source\</path>
         <kind>object</kind>
         <file>dac.obj</file>
         <name>dac.obj</name>
      </input_file>
      <input_file id="fl-b">
         <path>.\03_device\source\</path>
         <kind>object</kind>
         <file>dcsm.obj</file>
         <name>dcsm.obj</name>
      </input_file>
      <input_file id="fl-c">
         <path>.\03_device\source\</path>
         <kind>object</kind>
         <file>dma.obj</file>
         <name>dma.obj</name>
      </input_file>
      <input_file id="fl-d">
         <path>.\03_device\source\</path>
         <kind>object</kind>
         <file>ecap.obj</file>
         <name>ecap.obj</name>
      </input_file>
      <input_file id="fl-e">
         <path>.\03_device\source\</path>
         <kind>object</kind>
         <file>emif.obj</file>
         <name>emif.obj</name>
      </input_file>
      <input_file id="fl-f">
         <path>.\03_device\source\</path>
         <kind>object</kind>
         <file>epwm.obj</file>
         <name>epwm.obj</name>
      </input_file>
      <input_file id="fl-10">
         <path>.\03_device\source\</path>
         <kind>object</kind>
         <file>eqep.obj</file>
         <name>eqep.obj</name>
      </input_file>
      <input_file id="fl-11">
         <path>.\03_device\source\</path>
         <kind>object</kind>
         <file>flash.obj</file>
         <name>flash.obj</name>
      </input_file>
      <input_file id="fl-12">
         <path>.\03_device\source\</path>
         <kind>object</kind>
         <file>gpio.obj</file>
         <name>gpio.obj</name>
      </input_file>
      <input_file id="fl-13">
         <path>.\03_device\source\</path>
         <kind>object</kind>
         <file>hrpwm.obj</file>
         <name>hrpwm.obj</name>
      </input_file>
      <input_file id="fl-14">
         <path>.\03_device\source\</path>
         <kind>object</kind>
         <file>i2c.obj</file>
         <name>i2c.obj</name>
      </input_file>
      <input_file id="fl-15">
         <path>.\03_device\source\</path>
         <kind>object</kind>
         <file>interrupt.obj</file>
         <name>interrupt.obj</name>
      </input_file>
      <input_file id="fl-16">
         <path>.\03_device\source\</path>
         <kind>object</kind>
         <file>ipc.obj</file>
         <name>ipc.obj</name>
      </input_file>
      <input_file id="fl-17">
         <path>.\03_device\source\</path>
         <kind>object</kind>
         <file>mcbsp.obj</file>
         <name>mcbsp.obj</name>
      </input_file>
      <input_file id="fl-18">
         <path>.\03_device\source\</path>
         <kind>object</kind>
         <file>memcfg.obj</file>
         <name>memcfg.obj</name>
      </input_file>
      <input_file id="fl-19">
         <path>.\03_device\source\</path>
         <kind>object</kind>
         <file>sci.obj</file>
         <name>sci.obj</name>
      </input_file>
      <input_file id="fl-1a">
         <path>.\03_device\source\</path>
         <kind>object</kind>
         <file>sdfm.obj</file>
         <name>sdfm.obj</name>
      </input_file>
      <input_file id="fl-1b">
         <path>.\03_device\source\</path>
         <kind>object</kind>
         <file>spi.obj</file>
         <name>spi.obj</name>
      </input_file>
      <input_file id="fl-1c">
         <path>.\03_device\source\</path>
         <kind>object</kind>
         <file>sysctl.obj</file>
         <name>sysctl.obj</name>
      </input_file>
      <input_file id="fl-1d">
         <path>.\03_device\source\</path>
         <kind>object</kind>
         <file>upp.obj</file>
         <name>upp.obj</name>
      </input_file>
      <input_file id="fl-1e">
         <path>.\03_device\source\</path>
         <kind>object</kind>
         <file>usb.obj</file>
         <name>usb.obj</name>
      </input_file>
      <input_file id="fl-1f">
         <path>.\03_device\source\</path>
         <kind>object</kind>
         <file>version.obj</file>
         <name>version.obj</name>
      </input_file>
      <input_file id="fl-20">
         <path>.\03_device\source\</path>
         <kind>object</kind>
         <file>xbar.obj</file>
         <name>xbar.obj</name>
      </input_file>
      <input_file id="fl-21">
         <path>.\04_common\source\</path>
         <kind>object</kind>
         <file>F2837xD_Adc.obj</file>
         <name>F2837xD_Adc.obj</name>
      </input_file>
      <input_file id="fl-22">
         <path>.\04_common\source\</path>
         <kind>object</kind>
         <file>F2837xD_CodeStartBranch.obj</file>
         <name>F2837xD_CodeStartBranch.obj</name>
      </input_file>
      <input_file id="fl-23">
         <path>.\04_common\source\</path>
         <kind>object</kind>
         <file>F2837xD_CpuTimers.obj</file>
         <name>F2837xD_CpuTimers.obj</name>
      </input_file>
      <input_file id="fl-24">
         <path>.\04_common\source\</path>
         <kind>object</kind>
         <file>F2837xD_DBGIER.obj</file>
         <name>F2837xD_DBGIER.obj</name>
      </input_file>
      <input_file id="fl-25">
         <path>.\04_common\source\</path>
         <kind>object</kind>
         <file>F2837xD_DefaultISR.obj</file>
         <name>F2837xD_DefaultISR.obj</name>
      </input_file>
      <input_file id="fl-26">
         <path>.\04_common\source\</path>
         <kind>object</kind>
         <file>F2837xD_Dma.obj</file>
         <name>F2837xD_Dma.obj</name>
      </input_file>
      <input_file id="fl-27">
         <path>.\04_common\source\</path>
         <kind>object</kind>
         <file>F2837xD_ECap.obj</file>
         <name>F2837xD_ECap.obj</name>
      </input_file>
      <input_file id="fl-28">
         <path>.\04_common\source\</path>
         <kind>object</kind>
         <file>F2837xD_EPwm.obj</file>
         <name>F2837xD_EPwm.obj</name>
      </input_file>
      <input_file id="fl-29">
         <path>.\04_common\source\</path>
         <kind>object</kind>
         <file>F2837xD_EQep.obj</file>
         <name>F2837xD_EQep.obj</name>
      </input_file>
      <input_file id="fl-2a">
         <path>.\04_common\source\</path>
         <kind>object</kind>
         <file>F2837xD_Emif.obj</file>
         <name>F2837xD_Emif.obj</name>
      </input_file>
      <input_file id="fl-2b">
         <path>.\04_common\source\</path>
         <kind>object</kind>
         <file>F2837xD_Gpio.obj</file>
         <name>F2837xD_Gpio.obj</name>
      </input_file>
      <input_file id="fl-2c">
         <path>.\04_common\source\</path>
         <kind>object</kind>
         <file>F2837xD_I2C.obj</file>
         <name>F2837xD_I2C.obj</name>
      </input_file>
      <input_file id="fl-2d">
         <path>.\04_common\source\</path>
         <kind>object</kind>
         <file>F2837xD_Ipc.obj</file>
         <name>F2837xD_Ipc.obj</name>
      </input_file>
      <input_file id="fl-2e">
         <path>.\04_common\source\</path>
         <kind>object</kind>
         <file>F2837xD_Ipc_Driver.obj</file>
         <name>F2837xD_Ipc_Driver.obj</name>
      </input_file>
      <input_file id="fl-2f">
         <path>.\04_common\source\</path>
         <kind>object</kind>
         <file>F2837xD_Ipc_Driver_Lite.obj</file>
         <name>F2837xD_Ipc_Driver_Lite.obj</name>
      </input_file>
      <input_file id="fl-30">
         <path>.\04_common\source\</path>
         <kind>object</kind>
         <file>F2837xD_Ipc_Driver_Util.obj</file>
         <name>F2837xD_Ipc_Driver_Util.obj</name>
      </input_file>
      <input_file id="fl-31">
         <path>.\04_common\source\</path>
         <kind>object</kind>
         <file>F2837xD_Mcbsp.obj</file>
         <name>F2837xD_Mcbsp.obj</name>
      </input_file>
      <input_file id="fl-32">
         <path>.\04_common\source\</path>
         <kind>object</kind>
         <file>F2837xD_SWPrioritizedPieVect.obj</file>
         <name>F2837xD_SWPrioritizedPieVect.obj</name>
      </input_file>
      <input_file id="fl-33">
         <path>.\04_common\source\</path>
         <kind>object</kind>
         <file>F2837xD_Sci.obj</file>
         <name>F2837xD_Sci.obj</name>
      </input_file>
      <input_file id="fl-34">
         <path>.\04_common\source\</path>
         <kind>object</kind>
         <file>F2837xD_Spi.obj</file>
         <name>F2837xD_Spi.obj</name>
      </input_file>
      <input_file id="fl-35">
         <path>.\04_common\source\</path>
         <kind>object</kind>
         <file>F2837xD_SysCtrl.obj</file>
         <name>F2837xD_SysCtrl.obj</name>
      </input_file>
      <input_file id="fl-36">
         <path>.\04_common\source\</path>
         <kind>object</kind>
         <file>F2837xD_TempSensorConv.obj</file>
         <name>F2837xD_TempSensorConv.obj</name>
      </input_file>
      <input_file id="fl-37">
         <path>.\04_common\source\</path>
         <kind>object</kind>
         <file>F2837xD_Upp.obj</file>
         <name>F2837xD_Upp.obj</name>
      </input_file>
      <input_file id="fl-38">
         <path>.\04_common\source\</path>
         <kind>object</kind>
         <file>F2837xD_can.obj</file>
         <name>F2837xD_can.obj</name>
      </input_file>
      <input_file id="fl-39">
         <path>.\04_common\source\</path>
         <kind>object</kind>
         <file>F2837xD_sci_io.obj</file>
         <name>F2837xD_sci_io.obj</name>
      </input_file>
      <input_file id="fl-3a">
         <path>.\04_common\source\</path>
         <kind>object</kind>
         <file>F2837xD_sdfm_drivers.obj</file>
         <name>F2837xD_sdfm_drivers.obj</name>
      </input_file>
      <input_file id="fl-3b">
         <path>.\04_common\source\</path>
         <kind>object</kind>
         <file>F2837xD_struct.obj</file>
         <name>F2837xD_struct.obj</name>
      </input_file>
      <input_file id="fl-3c">
         <path>.\04_common\source\</path>
         <kind>object</kind>
         <file>F2837xD_usDelay.obj</file>
         <name>F2837xD_usDelay.obj</name>
      </input_file>
      <input_file id="fl-3d">
         <path>.\04_common\source\</path>
         <kind>object</kind>
         <file>device.obj</file>
         <name>device.obj</name>
      </input_file>
      <input_file id="fl-3e">
         <path>.\05_headers\source\</path>
         <kind>object</kind>
         <file>F2837xD_GlobalVariableDefs.obj</file>
         <name>F2837xD_GlobalVariableDefs.obj</name>
      </input_file>
      <input_file id="fl-3f">
         <path>.\06_user\</path>
         <kind>object</kind>
         <file>main_cpu1.obj</file>
         <name>main_cpu1.obj</name>
      </input_file>
      <input_file id="fl-40">
         <path>.\07_driver\drv8323\</path>
         <kind>object</kind>
         <file>drv8323.obj</file>
         <name>drv8323.obj</name>
      </input_file>
      <input_file id="fl-49">
         <kind>object</kind>
         <file>&lt;internal&gt;</file>
         <name>&lt;internal&gt;</name>
      </input_file>
      <input_file id="fl-4a">
         <path>..\02_math_lib\</path>
         <kind>archive</kind>
         <file>rts2800_fpu32_eabi.lib</file>
         <name>boot28.asm.obj</name>
      </input_file>
      <input_file id="fl-4b">
         <path>..\02_math_lib\</path>
         <kind>archive</kind>
         <file>rts2800_fpu32_eabi.lib</file>
         <name>fd_cmp28.asm.obj</name>
      </input_file>
      <input_file id="fl-4c">
         <path>..\02_math_lib\</path>
         <kind>archive</kind>
         <file>rts2800_fpu32_eabi.lib</file>
         <name>fd_mpy28.asm.obj</name>
      </input_file>
      <input_file id="fl-4d">
         <path>..\02_math_lib\</path>
         <kind>archive</kind>
         <file>rts2800_fpu32_eabi.lib</file>
         <name>fd_sub28.asm.obj</name>
      </input_file>
      <input_file id="fl-4e">
         <path>..\02_math_lib\</path>
         <kind>archive</kind>
         <file>rts2800_fpu32_eabi.lib</file>
         <name>fd_toi28.asm.obj</name>
      </input_file>
      <input_file id="fl-4f">
         <path>..\02_math_lib\</path>
         <kind>archive</kind>
         <file>rts2800_fpu32_eabi.lib</file>
         <name>fd_toul28.asm.obj</name>
      </input_file>
      <input_file id="fl-50">
         <path>..\02_math_lib\</path>
         <kind>archive</kind>
         <file>rts2800_fpu32_eabi.lib</file>
         <name>fs_div28.asm.obj</name>
      </input_file>
      <input_file id="fl-51">
         <path>..\02_math_lib\</path>
         <kind>archive</kind>
         <file>rts2800_fpu32_eabi.lib</file>
         <name>ll_aox28.asm.obj</name>
      </input_file>
      <input_file id="fl-52">
         <path>..\02_math_lib\</path>
         <kind>archive</kind>
         <file>rts2800_fpu32_eabi.lib</file>
         <name>ll_cmp28.asm.obj</name>
      </input_file>
      <input_file id="fl-53">
         <path>..\02_math_lib\</path>
         <kind>archive</kind>
         <file>rts2800_fpu32_eabi.lib</file>
         <name>i_tofd28.asm.obj</name>
      </input_file>
      <input_file id="fl-54">
         <path>..\02_math_lib\</path>
         <kind>archive</kind>
         <file>rts2800_fpu32_eabi.lib</file>
         <name>u_tofd28.asm.obj</name>
      </input_file>
      <input_file id="fl-55">
         <path>..\02_math_lib\</path>
         <kind>archive</kind>
         <file>rts2800_fpu32_eabi.lib</file>
         <name>l_tofd28.asm.obj</name>
      </input_file>
      <input_file id="fl-56">
         <path>..\02_math_lib\</path>
         <kind>archive</kind>
         <file>rts2800_fpu32_eabi.lib</file>
         <name>fs_tofdfpu32.asm.obj</name>
      </input_file>
      <input_file id="fl-57">
         <path>..\02_math_lib\</path>
         <kind>archive</kind>
         <file>rts2800_fpu32_eabi.lib</file>
         <name>fd_div28.asm.obj</name>
      </input_file>
      <input_file id="fl-58">
         <path>..\02_math_lib\</path>
         <kind>archive</kind>
         <file>rts2800_fpu32_eabi.lib</file>
         <name>memcpy.c.obj</name>
      </input_file>
      <input_file id="fl-59">
         <path>..\02_math_lib\</path>
         <kind>archive</kind>
         <file>rts2800_fpu32_eabi.lib</file>
         <name>pre_init.c.obj</name>
      </input_file>
      <input_file id="fl-5a">
         <path>..\02_math_lib\</path>
         <kind>archive</kind>
         <file>rts2800_fpu32_eabi.lib</file>
         <name>autoinit.c.obj</name>
      </input_file>
      <input_file id="fl-5b">
         <path>..\02_math_lib\</path>
         <kind>archive</kind>
         <file>rts2800_fpu32_eabi.lib</file>
         <name>copy_zero_init.c.obj</name>
      </input_file>
      <input_file id="fl-5c">
         <path>..\02_math_lib\</path>
         <kind>archive</kind>
         <file>rts2800_fpu32_eabi.lib</file>
         <name>copy_decompress_none.c.obj</name>
      </input_file>
      <input_file id="fl-5d">
         <path>..\02_math_lib\</path>
         <kind>archive</kind>
         <file>rts2800_fpu32_eabi.lib</file>
         <name>copy_decompress_lzss.c.obj</name>
      </input_file>
      <input_file id="fl-5e">
         <path>..\02_math_lib\</path>
         <kind>archive</kind>
         <file>rts2800_fpu32_eabi.lib</file>
         <name>exit.c.obj</name>
      </input_file>
      <input_file id="fl-5f">
         <path>..\02_math_lib\</path>
         <kind>archive</kind>
         <file>rts2800_fpu32_eabi.lib</file>
         <name>_lock.c.obj</name>
      </input_file>
      <input_file id="fl-60">
         <path>..\02_math_lib\</path>
         <kind>archive</kind>
         <file>rts2800_fpu32_eabi.lib</file>
         <name>args_main.c.obj</name>
      </input_file>
      <input_file id="fl-61">
         <path>..\02_math_lib\</path>
         <kind>archive</kind>
         <file>rts2800_fpu32_eabi.lib</file>
         <name>memset.c.obj</name>
      </input_file>
      <input_file id="fl-62">
         <path>..\02_math_lib\</path>
         <kind>archive</kind>
         <file>rts2800_fpu32_eabi.lib</file>
         <name>fd_add28.asm.obj</name>
      </input_file>
      <input_file id="fl-63">
         <path>..\02_math_lib\</path>
         <kind>archive</kind>
         <file>rts2800_fpu32_eabi.lib</file>
         <name>cpy_tbl.c.obj</name>
      </input_file>
      <input_file id="fl-64">
         <path>..\02_math_lib\</path>
         <kind>archive</kind>
         <file>rts2800_fpu32_eabi.lib</file>
         <name>startup.c.obj</name>
      </input_file>
   </input_file_list>
   <object_component_list>
      <object_component id="oc-a5">
         <name>codestart</name>
         <load_address>0x0</load_address>
         <run_address>0x0</run_address>
         <size>0x2</size>
         <input_file_ref idref="fl-22"/>
      </object_component>
      <object_component id="oc-aa">
         <name>.text:retain</name>
         <load_address>0x8000</load_address>
         <run_address>0x8000</run_address>
         <size>0x585</size>
         <input_file_ref idref="fl-25"/>
      </object_component>
      <object_component id="oc-169">
         <name>.text</name>
         <load_address>0x8585</load_address>
         <run_address>0x8585</run_address>
         <size>0x187</size>
         <input_file_ref idref="fl-15"/>
      </object_component>
      <object_component id="oc-1c1">
         <name>.text</name>
         <load_address>0x870c</load_address>
         <run_address>0x870c</run_address>
         <size>0x9c</size>
         <input_file_ref idref="fl-62"/>
      </object_component>
      <object_component id="oc-d7">
         <name>.text</name>
         <load_address>0x87a8</load_address>
         <run_address>0x87a8</run_address>
         <size>0x29</size>
         <input_file_ref idref="fl-5e"/>
      </object_component>
      <object_component id="oc-b6">
         <name>.text</name>
         <load_address>0x87d1</load_address>
         <run_address>0x87d1</run_address>
         <size>0x1d</size>
         <input_file_ref idref="fl-58"/>
      </object_component>
      <object_component id="oc-186">
         <name>.text</name>
         <load_address>0x87ee</load_address>
         <run_address>0x87ee</run_address>
         <size>0xe</size>
         <input_file_ref idref="fl-4d"/>
      </object_component>
      <object_component id="oc-ca">
         <name>.text</name>
         <load_address>0x87fc</load_address>
         <run_address>0x87fc</run_address>
         <size>0x2</size>
         <input_file_ref idref="fl-59"/>
      </object_component>
      <object_component id="oc-163">
         <name>.text</name>
         <load_address>0x8800</load_address>
         <run_address>0x8800</run_address>
         <size>0x3e2</size>
         <input_file_ref idref="fl-3d"/>
      </object_component>
      <object_component id="oc-181">
         <name>.text</name>
         <load_address>0x8be2</load_address>
         <run_address>0x8be2</run_address>
         <size>0x8b</size>
         <input_file_ref idref="fl-57"/>
      </object_component>
      <object_component id="oc-1d8">
         <name>.text</name>
         <load_address>0x8c6d</load_address>
         <run_address>0x8c6d</run_address>
         <size>0x88</size>
         <input_file_ref idref="fl-50"/>
      </object_component>
      <object_component id="oc-12c">
         <name>.text</name>
         <load_address>0x8cf5</load_address>
         <run_address>0x8cf5</run_address>
         <size>0x84</size>
         <input_file_ref idref="fl-3f"/>
      </object_component>
      <object_component id="oc-18b">
         <name>.text</name>
         <load_address>0x8d79</load_address>
         <run_address>0x8d79</run_address>
         <size>0x1b</size>
         <input_file_ref idref="fl-4f"/>
      </object_component>
      <object_component id="oc-17b">
         <name>.text</name>
         <load_address>0x8d94</load_address>
         <run_address>0x8d94</run_address>
         <size>0x17</size>
         <input_file_ref idref="fl-54"/>
      </object_component>
      <object_component id="oc-d1">
         <name>.text</name>
         <load_address>0x8dab</load_address>
         <run_address>0x8dab</run_address>
         <size>0xc</size>
         <input_file_ref idref="fl-60"/>
      </object_component>
      <object_component id="oc-198">
         <name>.text</name>
         <load_address>0x8db7</load_address>
         <run_address>0x8db7</run_address>
         <size>0x9</size>
         <input_file_ref idref="fl-5f"/>
      </object_component>
      <object_component id="oc-de">
         <name>.text</name>
         <load_address>0x8dc0</load_address>
         <run_address>0x8dc0</run_address>
         <size>0x8</size>
         <input_file_ref idref="fl-22"/>
      </object_component>
      <object_component id="oc-99">
         <name>.text:decompress:none</name>
         <load_address>0x8dc8</load_address>
         <run_address>0x8dc8</run_address>
         <size>0x8</size>
         <input_file_ref idref="fl-5c"/>
      </object_component>
      <object_component id="oc-175">
         <name>.text</name>
         <load_address>0x8dd0</load_address>
         <run_address>0x8dd0</run_address>
         <size>0x6</size>
         <input_file_ref idref="fl-2"/>
      </object_component>
      <object_component id="oc-1ae">
         <name>.text</name>
         <load_address>0xb000</load_address>
         <run_address>0xb000</run_address>
         <size>0x5a1</size>
         <input_file_ref idref="fl-1c"/>
      </object_component>
      <object_component id="oc-16f">
         <name>.text</name>
         <load_address>0xb5a1</load_address>
         <run_address>0xb5a1</run_address>
         <size>0x1eb</size>
         <input_file_ref idref="fl-12"/>
      </object_component>
      <object_component id="oc-93">
         <name>.text:decompress:lzss</name>
         <load_address>0xb78c</load_address>
         <run_address>0xb78c</run_address>
         <size>0x31</size>
         <input_file_ref idref="fl-5d"/>
      </object_component>
      <object_component id="oc-fc">
         <name>.text:__TI_auto_init_nobinit_nopinit</name>
         <load_address>0xb7bd</load_address>
         <run_address>0xb7bd</run_address>
         <size>0x2b</size>
         <input_file_ref idref="fl-5a"/>
      </object_component>
      <object_component id="oc-a0">
         <name>.text</name>
         <load_address>0xb7e8</load_address>
         <run_address>0xb7e8</run_address>
         <size>0x17</size>
         <input_file_ref idref="fl-4a"/>
      </object_component>
      <object_component id="oc-14e">
         <name>.text</name>
         <load_address>0xb7ff</load_address>
         <run_address>0xb7ff</run_address>
         <size>0x1</size>
         <input_file_ref idref="fl-64"/>
      </object_component>
      <object_component id="oc-298">
         <name>.cinit..data.load</name>
         <load_address>0x128</load_address>
         <run_address>0x128</run_address>
         <size>0x9</size>
      </object_component>
      <object_component id="oc-296">
         <name>__TI_handler_table</name>
         <load_address>0x132</load_address>
         <run_address>0x132</run_address>
         <size>0x4</size>
      </object_component>
      <object_component id="oc-297">
         <name>__TI_cinit_table</name>
         <load_address>0x138</load_address>
         <run_address>0x138</run_address>
         <size>0x4</size>
      </object_component>
      <object_component id="oc-b3">
         <name>.stack</name>
         <uninitialized>true</uninitialized>
         <run_address>0x400</run_address>
         <size>0x0</size>
         <input_file_ref idref="fl-4a"/>
      </object_component>
      <object_component id="oc-299">
         <name>.stack</name>
         <uninitialized>true</uninitialized>
         <run_address>0x400</run_address>
         <size>0x0</size>
      </object_component>
      <object_component id="oc-b0">
         <name>.const</name>
         <load_address>0xa800</load_address>
         <run_address>0xa800</run_address>
         <size>0x1c0</size>
         <input_file_ref idref="fl-32"/>
      </object_component>
      <object_component id="oc-180">
         <name>.const</name>
         <load_address>0xa9c0</load_address>
         <run_address>0xa9c0</run_address>
         <size>0xc</size>
         <input_file_ref idref="fl-3f"/>
      </object_component>
      <object_component id="oc-1b4">
         <name>.data</name>
         <load_address>0xa9cc</load_address>
         <run_address>0xa9cc</run_address>
         <size>0x6</size>
         <input_file_ref idref="fl-3d"/>
      </object_component>
      <object_component id="oc-134">
         <name>.data</name>
         <load_address>0xa9d2</load_address>
         <run_address>0xa9d2</run_address>
         <size>0x6</size>
         <input_file_ref idref="fl-5e"/>
      </object_component>
      <object_component id="oc-137">
         <name>.data:_lock</name>
         <load_address>0xa9d8</load_address>
         <run_address>0xa9d8</run_address>
         <size>0x2</size>
         <input_file_ref idref="fl-5f"/>
      </object_component>
      <object_component id="oc-1cb">
         <name>.data:_unlock</name>
         <load_address>0xa9da</load_address>
         <run_address>0xa9da</run_address>
         <size>0x2</size>
         <input_file_ref idref="fl-5f"/>
      </object_component>
      <object_component id="oc-190">
         <name>.TI.ramfunc</name>
         <load_address>0x123</load_address>
         <run_address>0x123</run_address>
         <size>0x4</size>
         <input_file_ref idref="fl-1c"/>
      </object_component>
      <object_component id="oc-1be">
         <name>.debug_types</name>
         <load_address>0x0</load_address>
         <run_address>0x0</run_address>
         <size>0x2d9</size>
         <input_file_ref idref="fl-2"/>
      </object_component>
      <object_component id="oc-1bc">
         <name>.debug_types</name>
         <load_address>0x2d9</load_address>
         <run_address>0x2d9</run_address>
         <size>0x686</size>
         <input_file_ref idref="fl-12"/>
      </object_component>
      <object_component id="oc-1ba">
         <name>.debug_types</name>
         <load_address>0x0</load_address>
         <run_address>0x0</run_address>
         <size>0x0</size>
         <input_file_ref idref="fl-15"/>
      </object_component>
      <object_component id="oc-1de">
         <name>.debug_types</name>
         <load_address>0x95f</load_address>
         <run_address>0x95f</run_address>
         <size>0x3a1</size>
         <input_file_ref idref="fl-1c"/>
      </object_component>
      <object_component id="oc-e5">
         <name>.debug_types</name>
         <load_address>0x0</load_address>
         <run_address>0x0</run_address>
         <size>0x0</size>
         <input_file_ref idref="fl-25"/>
      </object_component>
      <object_component id="oc-e8">
         <name>.debug_types</name>
         <load_address>0xd00</load_address>
         <run_address>0xd00</run_address>
         <size>0x1cfa</size>
         <input_file_ref idref="fl-32"/>
      </object_component>
      <object_component id="oc-1b8">
         <name>.debug_types</name>
         <load_address>0x29fa</load_address>
         <run_address>0x29fa</run_address>
         <size>0xcd4</size>
         <input_file_ref idref="fl-3d"/>
      </object_component>
      <object_component id="oc-192">
         <name>.debug_types</name>
         <load_address>0x0</load_address>
         <run_address>0x0</run_address>
         <size>0x0</size>
         <input_file_ref idref="fl-3f"/>
      </object_component>
      <object_component id="oc-ed">
         <name>.debug_types</name>
         <load_address>0x36ce</load_address>
         <run_address>0x36ce</run_address>
         <size>0x142</size>
         <input_file_ref idref="fl-58"/>
      </object_component>
      <object_component id="oc-fb">
         <name>.debug_types</name>
         <load_address>0x0</load_address>
         <run_address>0x0</run_address>
         <size>0x0</size>
         <input_file_ref idref="fl-59"/>
      </object_component>
      <object_component id="oc-155">
         <name>.debug_types</name>
         <load_address>0x3810</load_address>
         <run_address>0x3810</run_address>
         <size>0x470</size>
         <input_file_ref idref="fl-5a"/>
      </object_component>
      <object_component id="oc-bd">
         <name>.debug_types</name>
         <load_address>0x3c80</load_address>
         <run_address>0x3c80</run_address>
         <size>0x194</size>
         <input_file_ref idref="fl-5c"/>
      </object_component>
      <object_component id="oc-b5">
         <name>.debug_types</name>
         <load_address>0x3e14</load_address>
         <run_address>0x3e14</run_address>
         <size>0x191</size>
         <input_file_ref idref="fl-5d"/>
      </object_component>
      <object_component id="oc-13b">
         <name>.debug_types</name>
         <load_address>0x3fa5</load_address>
         <run_address>0x3fa5</run_address>
         <size>0xbf</size>
         <input_file_ref idref="fl-5e"/>
      </object_component>
      <object_component id="oc-1a0">
         <name>.debug_types</name>
         <load_address>0x4064</load_address>
         <run_address>0x4064</run_address>
         <size>0x2f</size>
         <input_file_ref idref="fl-5f"/>
      </object_component>
      <object_component id="oc-133">
         <name>.debug_types</name>
         <load_address>0x4093</load_address>
         <run_address>0x4093</run_address>
         <size>0xe1</size>
         <input_file_ref idref="fl-60"/>
      </object_component>
      <object_component id="oc-1a8">
         <name>.debug_types</name>
         <load_address>0x0</load_address>
         <run_address>0x0</run_address>
         <size>0x0</size>
         <input_file_ref idref="fl-64"/>
      </object_component>
      <object_component id="oc-179">
         <name>.debug_info</name>
         <load_address>0x0</load_address>
         <run_address>0x0</run_address>
         <size>0x13d</size>
         <input_file_ref idref="fl-2"/>
      </object_component>
      <object_component id="oc-170">
         <name>.debug_info</name>
         <load_address>0x13d</load_address>
         <run_address>0x13d</run_address>
         <size>0xaa2</size>
         <input_file_ref idref="fl-12"/>
      </object_component>
      <object_component id="oc-16a">
         <name>.debug_info</name>
         <load_address>0xbdf</load_address>
         <run_address>0xbdf</run_address>
         <size>0x7ee</size>
         <input_file_ref idref="fl-15"/>
      </object_component>
      <object_component id="oc-1b0">
         <name>.debug_info</name>
         <load_address>0x13cd</load_address>
         <run_address>0x13cd</run_address>
         <size>0x14ec</size>
         <input_file_ref idref="fl-1c"/>
      </object_component>
      <object_component id="oc-a7">
         <name>.debug_info</name>
         <load_address>0x28b9</load_address>
         <run_address>0x28b9</run_address>
         <size>0x11d</size>
         <input_file_ref idref="fl-22"/>
      </object_component>
      <object_component id="oc-df">
         <name>.debug_info</name>
         <load_address>0x29d6</load_address>
         <run_address>0x29d6</run_address>
         <size>0x11e</size>
         <input_file_ref idref="fl-22"/>
      </object_component>
      <object_component id="oc-ac">
         <name>.debug_info</name>
         <load_address>0x2af4</load_address>
         <run_address>0x2af4</run_address>
         <size>0x2d86</size>
         <input_file_ref idref="fl-25"/>
      </object_component>
      <object_component id="oc-b1">
         <name>.debug_info</name>
         <load_address>0x587a</load_address>
         <run_address>0x587a</run_address>
         <size>0x116</size>
         <input_file_ref idref="fl-32"/>
      </object_component>
      <object_component id="oc-1b5">
         <name>.debug_info</name>
         <load_address>0x5990</load_address>
         <run_address>0x5990</run_address>
         <size>0x15e</size>
         <input_file_ref idref="fl-3d"/>
      </object_component>
      <object_component id="oc-167">
         <name>.debug_info</name>
         <load_address>0x5aee</load_address>
         <run_address>0x5aee</run_address>
         <size>0x1d00</size>
         <input_file_ref idref="fl-3d"/>
      </object_component>
      <object_component id="oc-12d">
         <name>.debug_info</name>
         <load_address>0x77ee</load_address>
         <run_address>0x77ee</run_address>
         <size>0x4c0</size>
         <input_file_ref idref="fl-3f"/>
      </object_component>
      <object_component id="oc-a2">
         <name>.debug_info</name>
         <load_address>0x7cae</load_address>
         <run_address>0x7cae</run_address>
         <size>0x158</size>
         <input_file_ref idref="fl-4a"/>
      </object_component>
      <object_component id="oc-187">
         <name>.debug_info</name>
         <load_address>0x7e06</load_address>
         <run_address>0x7e06</run_address>
         <size>0x13b</size>
         <input_file_ref idref="fl-4d"/>
      </object_component>
      <object_component id="oc-18e">
         <name>.debug_info</name>
         <load_address>0x7f41</load_address>
         <run_address>0x7f41</run_address>
         <size>0x12a</size>
         <input_file_ref idref="fl-4f"/>
      </object_component>
      <object_component id="oc-1d9">
         <name>.debug_info</name>
         <load_address>0x806b</load_address>
         <run_address>0x806b</run_address>
         <size>0x127</size>
         <input_file_ref idref="fl-50"/>
      </object_component>
      <object_component id="oc-17e">
         <name>.debug_info</name>
         <load_address>0x8192</load_address>
         <run_address>0x8192</run_address>
         <size>0x12b</size>
         <input_file_ref idref="fl-54"/>
      </object_component>
      <object_component id="oc-183">
         <name>.debug_info</name>
         <load_address>0x82bd</load_address>
         <run_address>0x82bd</run_address>
         <size>0x127</size>
         <input_file_ref idref="fl-57"/>
      </object_component>
      <object_component id="oc-b9">
         <name>.debug_info</name>
         <load_address>0x83e4</load_address>
         <run_address>0x83e4</run_address>
         <size>0x19b</size>
         <input_file_ref idref="fl-58"/>
      </object_component>
      <object_component id="oc-cb">
         <name>.debug_info</name>
         <load_address>0x857f</load_address>
         <run_address>0x857f</run_address>
         <size>0x14d</size>
         <input_file_ref idref="fl-59"/>
      </object_component>
      <object_component id="oc-fd">
         <name>.debug_info</name>
         <load_address>0x86cc</load_address>
         <run_address>0x86cc</run_address>
         <size>0x1bf</size>
         <input_file_ref idref="fl-5a"/>
      </object_component>
      <object_component id="oc-9b">
         <name>.debug_info</name>
         <load_address>0x888b</load_address>
         <run_address>0x888b</run_address>
         <size>0x1b7</size>
         <input_file_ref idref="fl-5c"/>
      </object_component>
      <object_component id="oc-94">
         <name>.debug_info</name>
         <load_address>0x8a42</load_address>
         <run_address>0x8a42</run_address>
         <size>0x20c</size>
         <input_file_ref idref="fl-5d"/>
      </object_component>
      <object_component id="oc-135">
         <name>.debug_info</name>
         <load_address>0x8c4e</load_address>
         <run_address>0x8c4e</run_address>
         <size>0x19e</size>
         <input_file_ref idref="fl-5e"/>
      </object_component>
      <object_component id="oc-d8">
         <name>.debug_info</name>
         <load_address>0x8dec</load_address>
         <run_address>0x8dec</run_address>
         <size>0x1a9</size>
         <input_file_ref idref="fl-5e"/>
      </object_component>
      <object_component id="oc-138">
         <name>.debug_info</name>
         <load_address>0x8f95</load_address>
         <run_address>0x8f95</run_address>
         <size>0x107</size>
         <input_file_ref idref="fl-5f"/>
      </object_component>
      <object_component id="oc-1cc">
         <name>.debug_info</name>
         <load_address>0x909c</load_address>
         <run_address>0x909c</run_address>
         <size>0x10b</size>
         <input_file_ref idref="fl-5f"/>
      </object_component>
      <object_component id="oc-19b">
         <name>.debug_info</name>
         <load_address>0x91a7</load_address>
         <run_address>0x91a7</run_address>
         <size>0x203</size>
         <input_file_ref idref="fl-5f"/>
      </object_component>
      <object_component id="oc-d4">
         <name>.debug_info</name>
         <load_address>0x93aa</load_address>
         <run_address>0x93aa</run_address>
         <size>0x15d</size>
         <input_file_ref idref="fl-60"/>
      </object_component>
      <object_component id="oc-1c3">
         <name>.debug_info</name>
         <load_address>0x9507</load_address>
         <run_address>0x9507</run_address>
         <size>0x127</size>
         <input_file_ref idref="fl-62"/>
      </object_component>
      <object_component id="oc-151">
         <name>.debug_info</name>
         <load_address>0x962e</load_address>
         <run_address>0x962e</run_address>
         <size>0x147</size>
         <input_file_ref idref="fl-64"/>
      </object_component>
      <object_component id="oc-29d">
         <name>.debug_info</name>
         <load_address>0x9775</load_address>
         <run_address>0x9775</run_address>
         <size>0xa9</size>
      </object_component>
      <object_component id="oc-176">
         <name>.debug_line</name>
         <load_address>0x0</load_address>
         <run_address>0x0</run_address>
         <size>0x5e</size>
         <input_file_ref idref="fl-2"/>
      </object_component>
      <object_component id="oc-1eb">
         <name>.debug_line</name>
         <load_address>0x5e</load_address>
         <run_address>0x5e</run_address>
         <size>0x21</size>
         <input_file_ref idref="fl-2"/>
      </object_component>
      <object_component id="oc-173">
         <name>.debug_line</name>
         <load_address>0x7f</load_address>
         <run_address>0x7f</run_address>
         <size>0x286</size>
         <input_file_ref idref="fl-12"/>
      </object_component>
      <object_component id="oc-1e8">
         <name>.debug_line</name>
         <load_address>0x305</load_address>
         <run_address>0x305</run_address>
         <size>0x6d</size>
         <input_file_ref idref="fl-12"/>
      </object_component>
      <object_component id="oc-16e">
         <name>.debug_line</name>
         <load_address>0x372</load_address>
         <run_address>0x372</run_address>
         <size>0x22e</size>
         <input_file_ref idref="fl-15"/>
      </object_component>
      <object_component id="oc-1e5">
         <name>.debug_line</name>
         <load_address>0x5a0</load_address>
         <run_address>0x5a0</run_address>
         <size>0x21</size>
         <input_file_ref idref="fl-15"/>
      </object_component>
      <object_component id="oc-1af">
         <name>.debug_line</name>
         <load_address>0x5c1</load_address>
         <run_address>0x5c1</run_address>
         <size>0x6b7</size>
         <input_file_ref idref="fl-1c"/>
      </object_component>
      <object_component id="oc-1f2">
         <name>.debug_line</name>
         <load_address>0xc78</load_address>
         <run_address>0xc78</run_address>
         <size>0xbf</size>
         <input_file_ref idref="fl-1c"/>
      </object_component>
      <object_component id="oc-a6">
         <name>.debug_line</name>
         <load_address>0xd37</load_address>
         <run_address>0xd37</run_address>
         <size>0x5f</size>
         <input_file_ref idref="fl-22"/>
      </object_component>
      <object_component id="oc-e2">
         <name>.debug_line</name>
         <load_address>0xd96</load_address>
         <run_address>0xd96</run_address>
         <size>0x67</size>
         <input_file_ref idref="fl-22"/>
      </object_component>
      <object_component id="oc-af">
         <name>.debug_line</name>
         <load_address>0xdfd</load_address>
         <run_address>0xdfd</run_address>
         <size>0xcf1</size>
         <input_file_ref idref="fl-25"/>
      </object_component>
      <object_component id="oc-13e">
         <name>.debug_line</name>
         <load_address>0x1aee</load_address>
         <run_address>0x1aee</run_address>
         <size>0x21</size>
         <input_file_ref idref="fl-25"/>
      </object_component>
      <object_component id="oc-e7">
         <name>.debug_line</name>
         <load_address>0x1b0f</load_address>
         <run_address>0x1b0f</run_address>
         <size>0x57</size>
         <input_file_ref idref="fl-32"/>
      </object_component>
      <object_component id="oc-141">
         <name>.debug_line</name>
         <load_address>0x1b66</load_address>
         <run_address>0x1b66</run_address>
         <size>0xd3</size>
         <input_file_ref idref="fl-32"/>
      </object_component>
      <object_component id="oc-1e0">
         <name>.debug_line</name>
         <load_address>0x1c39</load_address>
         <run_address>0x1c39</run_address>
         <size>0x41</size>
         <input_file_ref idref="fl-3d"/>
      </object_component>
      <object_component id="oc-165">
         <name>.debug_line</name>
         <load_address>0x1c7a</load_address>
         <run_address>0x1c7a</run_address>
         <size>0x422</size>
         <input_file_ref idref="fl-3d"/>
      </object_component>
      <object_component id="oc-1e2">
         <name>.debug_line</name>
         <load_address>0x209c</load_address>
         <run_address>0x209c</run_address>
         <size>0xbb</size>
         <input_file_ref idref="fl-3d"/>
      </object_component>
      <object_component id="oc-130">
         <name>.debug_line</name>
         <load_address>0x2157</load_address>
         <run_address>0x2157</run_address>
         <size>0x16e</size>
         <input_file_ref idref="fl-3f"/>
      </object_component>
      <object_component id="oc-1c9">
         <name>.debug_line</name>
         <load_address>0x22c5</load_address>
         <run_address>0x22c5</run_address>
         <size>0x10c</size>
         <input_file_ref idref="fl-3f"/>
      </object_component>
      <object_component id="oc-a1">
         <name>.debug_line</name>
         <load_address>0x23d1</load_address>
         <run_address>0x23d1</run_address>
         <size>0x4f</size>
         <input_file_ref idref="fl-4a"/>
      </object_component>
      <object_component id="oc-18a">
         <name>.debug_line</name>
         <load_address>0x2420</load_address>
         <run_address>0x2420</run_address>
         <size>0x4a</size>
         <input_file_ref idref="fl-4d"/>
      </object_component>
      <object_component id="oc-18c">
         <name>.debug_line</name>
         <load_address>0x246a</load_address>
         <run_address>0x246a</run_address>
         <size>0x58</size>
         <input_file_ref idref="fl-4f"/>
      </object_component>
      <object_component id="oc-1dc">
         <name>.debug_line</name>
         <load_address>0x24c2</load_address>
         <run_address>0x24c2</run_address>
         <size>0xae</size>
         <input_file_ref idref="fl-50"/>
      </object_component>
      <object_component id="oc-17c">
         <name>.debug_line</name>
         <load_address>0x2570</load_address>
         <run_address>0x2570</run_address>
         <size>0x53</size>
         <input_file_ref idref="fl-54"/>
      </object_component>
      <object_component id="oc-185">
         <name>.debug_line</name>
         <load_address>0x25c3</load_address>
         <run_address>0x25c3</run_address>
         <size>0xb4</size>
         <input_file_ref idref="fl-57"/>
      </object_component>
      <object_component id="oc-b7">
         <name>.debug_line</name>
         <load_address>0x2677</load_address>
         <run_address>0x2677</run_address>
         <size>0x63</size>
         <input_file_ref idref="fl-58"/>
      </object_component>
      <object_component id="oc-144">
         <name>.debug_line</name>
         <load_address>0x26da</load_address>
         <run_address>0x26da</run_address>
         <size>0x21</size>
         <input_file_ref idref="fl-58"/>
      </object_component>
      <object_component id="oc-cf">
         <name>.debug_line</name>
         <load_address>0x26fb</load_address>
         <run_address>0x26fb</run_address>
         <size>0x3f</size>
         <input_file_ref idref="fl-59"/>
      </object_component>
      <object_component id="oc-14c">
         <name>.debug_line</name>
         <load_address>0x273a</load_address>
         <run_address>0x273a</run_address>
         <size>0x21</size>
         <input_file_ref idref="fl-59"/>
      </object_component>
      <object_component id="oc-100">
         <name>.debug_line</name>
         <load_address>0x275b</load_address>
         <run_address>0x275b</run_address>
         <size>0x74</size>
         <input_file_ref idref="fl-5a"/>
      </object_component>
      <object_component id="oc-1aa">
         <name>.debug_line</name>
         <load_address>0x27cf</load_address>
         <run_address>0x27cf</run_address>
         <size>0x21</size>
         <input_file_ref idref="fl-5a"/>
      </object_component>
      <object_component id="oc-9e">
         <name>.debug_line</name>
         <load_address>0x27f0</load_address>
         <run_address>0x27f0</run_address>
         <size>0x57</size>
         <input_file_ref idref="fl-5c"/>
      </object_component>
      <object_component id="oc-ef">
         <name>.debug_line</name>
         <load_address>0x2847</load_address>
         <run_address>0x2847</run_address>
         <size>0x21</size>
         <input_file_ref idref="fl-5c"/>
      </object_component>
      <object_component id="oc-97">
         <name>.debug_line</name>
         <load_address>0x2868</load_address>
         <run_address>0x2868</run_address>
         <size>0x9a</size>
         <input_file_ref idref="fl-5d"/>
      </object_component>
      <object_component id="oc-ea">
         <name>.debug_line</name>
         <load_address>0x2902</load_address>
         <run_address>0x2902</run_address>
         <size>0x21</size>
         <input_file_ref idref="fl-5d"/>
      </object_component>
      <object_component id="oc-197">
         <name>.debug_line</name>
         <load_address>0x2923</load_address>
         <run_address>0x2923</run_address>
         <size>0x2b</size>
         <input_file_ref idref="fl-5e"/>
      </object_component>
      <object_component id="oc-db">
         <name>.debug_line</name>
         <load_address>0x294e</load_address>
         <run_address>0x294e</run_address>
         <size>0x66</size>
         <input_file_ref idref="fl-5e"/>
      </object_component>
      <object_component id="oc-1a2">
         <name>.debug_line</name>
         <load_address>0x29b4</load_address>
         <run_address>0x29b4</run_address>
         <size>0x21</size>
         <input_file_ref idref="fl-5e"/>
      </object_component>
      <object_component id="oc-19f">
         <name>.debug_line</name>
         <load_address>0x29d5</load_address>
         <run_address>0x29d5</run_address>
         <size>0x2c</size>
         <input_file_ref idref="fl-5f"/>
      </object_component>
      <object_component id="oc-1ef">
         <name>.debug_line</name>
         <load_address>0x2a01</load_address>
         <run_address>0x2a01</run_address>
         <size>0x2c</size>
         <input_file_ref idref="fl-5f"/>
      </object_component>
      <object_component id="oc-19a">
         <name>.debug_line</name>
         <load_address>0x2a2d</load_address>
         <run_address>0x2a2d</run_address>
         <size>0x5f</size>
         <input_file_ref idref="fl-5f"/>
      </object_component>
      <object_component id="oc-1d0">
         <name>.debug_line</name>
         <load_address>0x2a8c</load_address>
         <run_address>0x2a8c</run_address>
         <size>0x21</size>
         <input_file_ref idref="fl-5f"/>
      </object_component>
      <object_component id="oc-d2">
         <name>.debug_line</name>
         <load_address>0x2aad</load_address>
         <run_address>0x2aad</run_address>
         <size>0x4e</size>
         <input_file_ref idref="fl-60"/>
      </object_component>
      <object_component id="oc-194">
         <name>.debug_line</name>
         <load_address>0x2afb</load_address>
         <run_address>0x2afb</run_address>
         <size>0x30</size>
         <input_file_ref idref="fl-60"/>
      </object_component>
      <object_component id="oc-1c5">
         <name>.debug_line</name>
         <load_address>0x2b2b</load_address>
         <run_address>0x2b2b</run_address>
         <size>0xc5</size>
         <input_file_ref idref="fl-62"/>
      </object_component>
      <object_component id="oc-14f">
         <name>.debug_line</name>
         <load_address>0x2bf0</load_address>
         <run_address>0x2bf0</run_address>
         <size>0x3b</size>
         <input_file_ref idref="fl-64"/>
      </object_component>
      <object_component id="oc-1d3">
         <name>.debug_line</name>
         <load_address>0x2c2b</load_address>
         <run_address>0x2c2b</run_address>
         <size>0x21</size>
         <input_file_ref idref="fl-64"/>
      </object_component>
      <object_component id="oc-177">
         <name>.debug_frame</name>
         <load_address>0x0</load_address>
         <run_address>0x0</run_address>
         <size>0x40</size>
         <input_file_ref idref="fl-2"/>
      </object_component>
      <object_component id="oc-174">
         <name>.debug_frame</name>
         <load_address>0x40</load_address>
         <run_address>0x40</run_address>
         <size>0x178</size>
         <input_file_ref idref="fl-12"/>
      </object_component>
      <object_component id="oc-16d">
         <name>.debug_frame</name>
         <load_address>0x1b8</load_address>
         <run_address>0x1b8</run_address>
         <size>0x128</size>
         <input_file_ref idref="fl-15"/>
      </object_component>
      <object_component id="oc-1b3">
         <name>.debug_frame</name>
         <load_address>0x2e0</load_address>
         <run_address>0x2e0</run_address>
         <size>0x25c</size>
         <input_file_ref idref="fl-1c"/>
      </object_component>
      <object_component id="oc-ae">
         <name>.debug_frame</name>
         <load_address>0x53c</load_address>
         <run_address>0x53c</run_address>
         <size>0x11d0</size>
         <input_file_ref idref="fl-25"/>
      </object_component>
      <object_component id="oc-164">
         <name>.debug_frame</name>
         <load_address>0x170c</load_address>
         <run_address>0x170c</run_address>
         <size>0x230</size>
         <input_file_ref idref="fl-3d"/>
      </object_component>
      <object_component id="oc-131">
         <name>.debug_frame</name>
         <load_address>0x193c</load_address>
         <run_address>0x193c</run_address>
         <size>0xa8</size>
         <input_file_ref idref="fl-3f"/>
      </object_component>
      <object_component id="oc-bb">
         <name>.debug_frame</name>
         <load_address>0x19e4</load_address>
         <run_address>0x19e4</run_address>
         <size>0x40</size>
         <input_file_ref idref="fl-58"/>
      </object_component>
      <object_component id="oc-ce">
         <name>.debug_frame</name>
         <load_address>0x1a24</load_address>
         <run_address>0x1a24</run_address>
         <size>0x40</size>
         <input_file_ref idref="fl-59"/>
      </object_component>
      <object_component id="oc-101">
         <name>.debug_frame</name>
         <load_address>0x1a64</load_address>
         <run_address>0x1a64</run_address>
         <size>0x58</size>
         <input_file_ref idref="fl-5a"/>
      </object_component>
      <object_component id="oc-9a">
         <name>.debug_frame</name>
         <load_address>0x1abc</load_address>
         <run_address>0x1abc</run_address>
         <size>0x40</size>
         <input_file_ref idref="fl-5c"/>
      </object_component>
      <object_component id="oc-98">
         <name>.debug_frame</name>
         <load_address>0x1afc</load_address>
         <run_address>0x1afc</run_address>
         <size>0x48</size>
         <input_file_ref idref="fl-5d"/>
      </object_component>
      <object_component id="oc-dc">
         <name>.debug_frame</name>
         <load_address>0x1b44</load_address>
         <run_address>0x1b44</run_address>
         <size>0x60</size>
         <input_file_ref idref="fl-5e"/>
      </object_component>
      <object_component id="oc-199">
         <name>.debug_frame</name>
         <load_address>0x1ba4</load_address>
         <run_address>0x1ba4</run_address>
         <size>0x70</size>
         <input_file_ref idref="fl-5f"/>
      </object_component>
      <object_component id="oc-d6">
         <name>.debug_frame</name>
         <load_address>0x1c14</load_address>
         <run_address>0x1c14</run_address>
         <size>0x40</size>
         <input_file_ref idref="fl-60"/>
      </object_component>
      <object_component id="oc-150">
         <name>.debug_frame</name>
         <load_address>0x1c54</load_address>
         <run_address>0x1c54</run_address>
         <size>0x40</size>
         <input_file_ref idref="fl-64"/>
      </object_component>
      <object_component id="oc-1bd">
         <name>.debug_abbrev</name>
         <load_address>0x0</load_address>
         <run_address>0x0</run_address>
         <size>0x54</size>
         <input_file_ref idref="fl-2"/>
      </object_component>
      <object_component id="oc-1ea">
         <name>.debug_abbrev</name>
         <load_address>0x54</load_address>
         <run_address>0x54</run_address>
         <size>0x1c</size>
         <input_file_ref idref="fl-2"/>
      </object_component>
      <object_component id="oc-1bb">
         <name>.debug_abbrev</name>
         <load_address>0x70</load_address>
         <run_address>0x70</run_address>
         <size>0x11d</size>
         <input_file_ref idref="fl-12"/>
      </object_component>
      <object_component id="oc-1e7">
         <name>.debug_abbrev</name>
         <load_address>0x18d</load_address>
         <run_address>0x18d</run_address>
         <size>0x62</size>
         <input_file_ref idref="fl-12"/>
      </object_component>
      <object_component id="oc-1b9">
         <name>.debug_abbrev</name>
         <load_address>0x1ef</load_address>
         <run_address>0x1ef</run_address>
         <size>0x136</size>
         <input_file_ref idref="fl-15"/>
      </object_component>
      <object_component id="oc-1e4">
         <name>.debug_abbrev</name>
         <load_address>0x325</load_address>
         <run_address>0x325</run_address>
         <size>0x2b</size>
         <input_file_ref idref="fl-15"/>
      </object_component>
      <object_component id="oc-1dd">
         <name>.debug_abbrev</name>
         <load_address>0x350</load_address>
         <run_address>0x350</run_address>
         <size>0x16a</size>
         <input_file_ref idref="fl-1c"/>
      </object_component>
      <object_component id="oc-1f1">
         <name>.debug_abbrev</name>
         <load_address>0x4ba</load_address>
         <run_address>0x4ba</run_address>
         <size>0x76</size>
         <input_file_ref idref="fl-1c"/>
      </object_component>
      <object_component id="oc-e3">
         <name>.debug_abbrev</name>
         <load_address>0x530</load_address>
         <run_address>0x530</run_address>
         <size>0x25</size>
         <input_file_ref idref="fl-22"/>
      </object_component>
      <object_component id="oc-13c">
         <name>.debug_abbrev</name>
         <load_address>0x555</load_address>
         <run_address>0x555</run_address>
         <size>0x25</size>
         <input_file_ref idref="fl-22"/>
      </object_component>
      <object_component id="oc-e4">
         <name>.debug_abbrev</name>
         <load_address>0x57a</load_address>
         <run_address>0x57a</run_address>
         <size>0x91</size>
         <input_file_ref idref="fl-25"/>
      </object_component>
      <object_component id="oc-13d">
         <name>.debug_abbrev</name>
         <load_address>0x60b</load_address>
         <run_address>0x60b</run_address>
         <size>0x1c</size>
         <input_file_ref idref="fl-25"/>
      </object_component>
      <object_component id="oc-e6">
         <name>.debug_abbrev</name>
         <load_address>0x627</load_address>
         <run_address>0x627</run_address>
         <size>0x28</size>
         <input_file_ref idref="fl-32"/>
      </object_component>
      <object_component id="oc-140">
         <name>.debug_abbrev</name>
         <load_address>0x64f</load_address>
         <run_address>0x64f</run_address>
         <size>0xa7</size>
         <input_file_ref idref="fl-32"/>
      </object_component>
      <object_component id="oc-1df">
         <name>.debug_abbrev</name>
         <load_address>0x6f6</load_address>
         <run_address>0x6f6</run_address>
         <size>0x28</size>
         <input_file_ref idref="fl-3d"/>
      </object_component>
      <object_component id="oc-1b7">
         <name>.debug_abbrev</name>
         <load_address>0x71e</load_address>
         <run_address>0x71e</run_address>
         <size>0x126</size>
         <input_file_ref idref="fl-3d"/>
      </object_component>
      <object_component id="oc-1e1">
         <name>.debug_abbrev</name>
         <load_address>0x844</load_address>
         <run_address>0x844</run_address>
         <size>0xa5</size>
         <input_file_ref idref="fl-3d"/>
      </object_component>
      <object_component id="oc-191">
         <name>.debug_abbrev</name>
         <load_address>0x8e9</load_address>
         <run_address>0x8e9</run_address>
         <size>0xae</size>
         <input_file_ref idref="fl-3f"/>
      </object_component>
      <object_component id="oc-1c8">
         <name>.debug_abbrev</name>
         <load_address>0x997</load_address>
         <run_address>0x997</run_address>
         <size>0x62</size>
         <input_file_ref idref="fl-3f"/>
      </object_component>
      <object_component id="oc-dd">
         <name>.debug_abbrev</name>
         <load_address>0x9f9</load_address>
         <run_address>0x9f9</run_address>
         <size>0x3d</size>
         <input_file_ref idref="fl-4a"/>
      </object_component>
      <object_component id="oc-1c6">
         <name>.debug_abbrev</name>
         <load_address>0xa36</load_address>
         <run_address>0xa36</run_address>
         <size>0x49</size>
         <input_file_ref idref="fl-4d"/>
      </object_component>
      <object_component id="oc-1c7">
         <name>.debug_abbrev</name>
         <load_address>0xa7f</load_address>
         <run_address>0xa7f</run_address>
         <size>0x3b</size>
         <input_file_ref idref="fl-4f"/>
      </object_component>
      <object_component id="oc-1f0">
         <name>.debug_abbrev</name>
         <load_address>0xaba</load_address>
         <run_address>0xaba</run_address>
         <size>0x3b</size>
         <input_file_ref idref="fl-50"/>
      </object_component>
      <object_component id="oc-1bf">
         <name>.debug_abbrev</name>
         <load_address>0xaf5</load_address>
         <run_address>0xaf5</run_address>
         <size>0x3b</size>
         <input_file_ref idref="fl-54"/>
      </object_component>
      <object_component id="oc-1c0">
         <name>.debug_abbrev</name>
         <load_address>0xb30</load_address>
         <run_address>0xb30</run_address>
         <size>0x3b</size>
         <input_file_ref idref="fl-57"/>
      </object_component>
      <object_component id="oc-ec">
         <name>.debug_abbrev</name>
         <load_address>0xb6b</load_address>
         <run_address>0xb6b</run_address>
         <size>0x61</size>
         <input_file_ref idref="fl-58"/>
      </object_component>
      <object_component id="oc-143">
         <name>.debug_abbrev</name>
         <load_address>0xbcc</load_address>
         <run_address>0xbcc</run_address>
         <size>0x44</size>
         <input_file_ref idref="fl-58"/>
      </object_component>
      <object_component id="oc-fa">
         <name>.debug_abbrev</name>
         <load_address>0xc10</load_address>
         <run_address>0xc10</run_address>
         <size>0x4b</size>
         <input_file_ref idref="fl-59"/>
      </object_component>
      <object_component id="oc-14b">
         <name>.debug_abbrev</name>
         <load_address>0xc5b</load_address>
         <run_address>0xc5b</run_address>
         <size>0x1c</size>
         <input_file_ref idref="fl-59"/>
      </object_component>
      <object_component id="oc-154">
         <name>.debug_abbrev</name>
         <load_address>0xc77</load_address>
         <run_address>0xc77</run_address>
         <size>0x71</size>
         <input_file_ref idref="fl-5a"/>
      </object_component>
      <object_component id="oc-1a9">
         <name>.debug_abbrev</name>
         <load_address>0xce8</load_address>
         <run_address>0xce8</run_address>
         <size>0xb3</size>
         <input_file_ref idref="fl-5a"/>
      </object_component>
      <object_component id="oc-bc">
         <name>.debug_abbrev</name>
         <load_address>0xd9b</load_address>
         <run_address>0xd9b</run_address>
         <size>0x6d</size>
         <input_file_ref idref="fl-5c"/>
      </object_component>
      <object_component id="oc-ee">
         <name>.debug_abbrev</name>
         <load_address>0xe08</load_address>
         <run_address>0xe08</run_address>
         <size>0x44</size>
         <input_file_ref idref="fl-5c"/>
      </object_component>
      <object_component id="oc-b4">
         <name>.debug_abbrev</name>
         <load_address>0xe4c</load_address>
         <run_address>0xe4c</run_address>
         <size>0x5f</size>
         <input_file_ref idref="fl-5d"/>
      </object_component>
      <object_component id="oc-e9">
         <name>.debug_abbrev</name>
         <load_address>0xeab</load_address>
         <run_address>0xeab</run_address>
         <size>0x44</size>
         <input_file_ref idref="fl-5d"/>
      </object_component>
      <object_component id="oc-196">
         <name>.debug_abbrev</name>
         <load_address>0xeef</load_address>
         <run_address>0xeef</run_address>
         <size>0x28</size>
         <input_file_ref idref="fl-5e"/>
      </object_component>
      <object_component id="oc-13a">
         <name>.debug_abbrev</name>
         <load_address>0xf17</load_address>
         <run_address>0xf17</run_address>
         <size>0xa0</size>
         <input_file_ref idref="fl-5e"/>
      </object_component>
      <object_component id="oc-1a1">
         <name>.debug_abbrev</name>
         <load_address>0xfb7</load_address>
         <run_address>0xfb7</run_address>
         <size>0x57</size>
         <input_file_ref idref="fl-5e"/>
      </object_component>
      <object_component id="oc-19e">
         <name>.debug_abbrev</name>
         <load_address>0x100e</load_address>
         <run_address>0x100e</run_address>
         <size>0x28</size>
         <input_file_ref idref="fl-5f"/>
      </object_component>
      <object_component id="oc-1ee">
         <name>.debug_abbrev</name>
         <load_address>0x1036</load_address>
         <run_address>0x1036</run_address>
         <size>0x28</size>
         <input_file_ref idref="fl-5f"/>
      </object_component>
      <object_component id="oc-1ce">
         <name>.debug_abbrev</name>
         <load_address>0x105e</load_address>
         <run_address>0x105e</run_address>
         <size>0x5f</size>
         <input_file_ref idref="fl-5f"/>
      </object_component>
      <object_component id="oc-1cf">
         <name>.debug_abbrev</name>
         <load_address>0x10bd</load_address>
         <run_address>0x10bd</run_address>
         <size>0x3a</size>
         <input_file_ref idref="fl-5f"/>
      </object_component>
      <object_component id="oc-132">
         <name>.debug_abbrev</name>
         <load_address>0x10f7</load_address>
         <run_address>0x10f7</run_address>
         <size>0x64</size>
         <input_file_ref idref="fl-60"/>
      </object_component>
      <object_component id="oc-193">
         <name>.debug_abbrev</name>
         <load_address>0x115b</load_address>
         <run_address>0x115b</run_address>
         <size>0x79</size>
         <input_file_ref idref="fl-60"/>
      </object_component>
      <object_component id="oc-1ed">
         <name>.debug_abbrev</name>
         <load_address>0x11d4</load_address>
         <run_address>0x11d4</run_address>
         <size>0x3b</size>
         <input_file_ref idref="fl-62"/>
      </object_component>
      <object_component id="oc-1a7">
         <name>.debug_abbrev</name>
         <load_address>0x120f</load_address>
         <run_address>0x120f</run_address>
         <size>0x49</size>
         <input_file_ref idref="fl-64"/>
      </object_component>
      <object_component id="oc-1d2">
         <name>.debug_abbrev</name>
         <load_address>0x1258</load_address>
         <run_address>0x1258</run_address>
         <size>0x1c</size>
         <input_file_ref idref="fl-64"/>
      </object_component>
      <object_component id="oc-29e">
         <name>.debug_abbrev</name>
         <load_address>0x1274</load_address>
         <run_address>0x1274</run_address>
         <size>0xf</size>
      </object_component>
      <object_component id="oc-1ec">
         <name>.debug_str</name>
         <load_address>0x0</load_address>
         <run_address>0x0</run_address>
         <size>0x67</size>
         <input_file_ref idref="fl-2"/>
      </object_component>
      <object_component id="oc-1e9">
         <name>.debug_str</name>
         <load_address>0x67</load_address>
         <run_address>0x67</run_address>
         <size>0x67</size>
         <input_file_ref idref="fl-12"/>
      </object_component>
      <object_component id="oc-1e6">
         <name>.debug_str</name>
         <load_address>0xce</load_address>
         <run_address>0xce</run_address>
         <size>0x67</size>
         <input_file_ref idref="fl-15"/>
      </object_component>
      <object_component id="oc-1f3">
         <name>.debug_str</name>
         <load_address>0x135</load_address>
         <run_address>0x135</run_address>
         <size>0x67</size>
         <input_file_ref idref="fl-1c"/>
      </object_component>
      <object_component id="oc-13f">
         <name>.debug_str</name>
         <load_address>0x19c</load_address>
         <run_address>0x19c</run_address>
         <size>0x67</size>
         <input_file_ref idref="fl-25"/>
      </object_component>
      <object_component id="oc-142">
         <name>.debug_str</name>
         <load_address>0x203</load_address>
         <run_address>0x203</run_address>
         <size>0x67</size>
         <input_file_ref idref="fl-32"/>
      </object_component>
      <object_component id="oc-1e3">
         <name>.debug_str</name>
         <load_address>0x26a</load_address>
         <run_address>0x26a</run_address>
         <size>0x67</size>
         <input_file_ref idref="fl-3d"/>
      </object_component>
      <object_component id="oc-1ca">
         <name>.debug_str</name>
         <load_address>0x2d1</load_address>
         <run_address>0x2d1</run_address>
         <size>0x67</size>
         <input_file_ref idref="fl-3f"/>
      </object_component>
      <object_component id="oc-145">
         <name>.debug_str</name>
         <load_address>0x338</load_address>
         <run_address>0x338</run_address>
         <size>0x69</size>
         <input_file_ref idref="fl-58"/>
      </object_component>
      <object_component id="oc-14d">
         <name>.debug_str</name>
         <load_address>0x3a1</load_address>
         <run_address>0x3a1</run_address>
         <size>0x69</size>
         <input_file_ref idref="fl-59"/>
      </object_component>
      <object_component id="oc-1ab">
         <name>.debug_str</name>
         <load_address>0x40a</load_address>
         <run_address>0x40a</run_address>
         <size>0x69</size>
         <input_file_ref idref="fl-5a"/>
      </object_component>
      <object_component id="oc-f0">
         <name>.debug_str</name>
         <load_address>0x473</load_address>
         <run_address>0x473</run_address>
         <size>0x69</size>
         <input_file_ref idref="fl-5c"/>
      </object_component>
      <object_component id="oc-eb">
         <name>.debug_str</name>
         <load_address>0x4dc</load_address>
         <run_address>0x4dc</run_address>
         <size>0x69</size>
         <input_file_ref idref="fl-5d"/>
      </object_component>
      <object_component id="oc-1a3">
         <name>.debug_str</name>
         <load_address>0x545</load_address>
         <run_address>0x545</run_address>
         <size>0x69</size>
         <input_file_ref idref="fl-5e"/>
      </object_component>
      <object_component id="oc-1d1">
         <name>.debug_str</name>
         <load_address>0x5ae</load_address>
         <run_address>0x5ae</run_address>
         <size>0x69</size>
         <input_file_ref idref="fl-5f"/>
      </object_component>
      <object_component id="oc-195">
         <name>.debug_str</name>
         <load_address>0x617</load_address>
         <run_address>0x617</run_address>
         <size>0x69</size>
         <input_file_ref idref="fl-60"/>
      </object_component>
      <object_component id="oc-1d4">
         <name>.debug_str</name>
         <load_address>0x680</load_address>
         <run_address>0x680</run_address>
         <size>0x69</size>
         <input_file_ref idref="fl-64"/>
      </object_component>
      <object_component id="oc-178">
         <name>.debug_aranges</name>
         <load_address>0x0</load_address>
         <run_address>0x0</run_address>
         <size>0x20</size>
         <input_file_ref idref="fl-2"/>
      </object_component>
      <object_component id="oc-172">
         <name>.debug_aranges</name>
         <load_address>0x20</load_address>
         <run_address>0x20</run_address>
         <size>0x78</size>
         <input_file_ref idref="fl-12"/>
      </object_component>
      <object_component id="oc-16c">
         <name>.debug_aranges</name>
         <load_address>0x98</load_address>
         <run_address>0x98</run_address>
         <size>0x68</size>
         <input_file_ref idref="fl-15"/>
      </object_component>
      <object_component id="oc-1b1">
         <name>.debug_aranges</name>
         <load_address>0x100</load_address>
         <run_address>0x100</run_address>
         <size>0xb8</size>
         <input_file_ref idref="fl-1c"/>
      </object_component>
      <object_component id="oc-a9">
         <name>.debug_aranges</name>
         <load_address>0x1b8</load_address>
         <run_address>0x1b8</run_address>
         <size>0x20</size>
         <input_file_ref idref="fl-22"/>
      </object_component>
      <object_component id="oc-e1">
         <name>.debug_aranges</name>
         <load_address>0x1d8</load_address>
         <run_address>0x1d8</run_address>
         <size>0x20</size>
         <input_file_ref idref="fl-22"/>
      </object_component>
      <object_component id="oc-ab">
         <name>.debug_aranges</name>
         <load_address>0x1f8</load_address>
         <run_address>0x1f8</run_address>
         <size>0x480</size>
         <input_file_ref idref="fl-25"/>
      </object_component>
      <object_component id="oc-166">
         <name>.debug_aranges</name>
         <load_address>0x678</load_address>
         <run_address>0x678</run_address>
         <size>0xb8</size>
         <input_file_ref idref="fl-3d"/>
      </object_component>
      <object_component id="oc-12e">
         <name>.debug_aranges</name>
         <load_address>0x730</load_address>
         <run_address>0x730</run_address>
         <size>0x40</size>
         <input_file_ref idref="fl-3f"/>
      </object_component>
      <object_component id="oc-a4">
         <name>.debug_aranges</name>
         <load_address>0x770</load_address>
         <run_address>0x770</run_address>
         <size>0x20</size>
         <input_file_ref idref="fl-4a"/>
      </object_component>
      <object_component id="oc-188">
         <name>.debug_aranges</name>
         <load_address>0x790</load_address>
         <run_address>0x790</run_address>
         <size>0x20</size>
         <input_file_ref idref="fl-4d"/>
      </object_component>
      <object_component id="oc-18d">
         <name>.debug_aranges</name>
         <load_address>0x7b0</load_address>
         <run_address>0x7b0</run_address>
         <size>0x20</size>
         <input_file_ref idref="fl-4f"/>
      </object_component>
      <object_component id="oc-1da">
         <name>.debug_aranges</name>
         <load_address>0x7d0</load_address>
         <run_address>0x7d0</run_address>
         <size>0x20</size>
         <input_file_ref idref="fl-50"/>
      </object_component>
      <object_component id="oc-17d">
         <name>.debug_aranges</name>
         <load_address>0x7f0</load_address>
         <run_address>0x7f0</run_address>
         <size>0x20</size>
         <input_file_ref idref="fl-54"/>
      </object_component>
      <object_component id="oc-182">
         <name>.debug_aranges</name>
         <load_address>0x810</load_address>
         <run_address>0x810</run_address>
         <size>0x20</size>
         <input_file_ref idref="fl-57"/>
      </object_component>
      <object_component id="oc-b8">
         <name>.debug_aranges</name>
         <load_address>0x830</load_address>
         <run_address>0x830</run_address>
         <size>0x20</size>
         <input_file_ref idref="fl-58"/>
      </object_component>
      <object_component id="oc-cd">
         <name>.debug_aranges</name>
         <load_address>0x850</load_address>
         <run_address>0x850</run_address>
         <size>0x20</size>
         <input_file_ref idref="fl-59"/>
      </object_component>
      <object_component id="oc-fe">
         <name>.debug_aranges</name>
         <load_address>0x870</load_address>
         <run_address>0x870</run_address>
         <size>0x20</size>
         <input_file_ref idref="fl-5a"/>
      </object_component>
      <object_component id="oc-9d">
         <name>.debug_aranges</name>
         <load_address>0x890</load_address>
         <run_address>0x890</run_address>
         <size>0x20</size>
         <input_file_ref idref="fl-5c"/>
      </object_component>
      <object_component id="oc-95">
         <name>.debug_aranges</name>
         <load_address>0x8b0</load_address>
         <run_address>0x8b0</run_address>
         <size>0x20</size>
         <input_file_ref idref="fl-5d"/>
      </object_component>
      <object_component id="oc-d9">
         <name>.debug_aranges</name>
         <load_address>0x8d0</load_address>
         <run_address>0x8d0</run_address>
         <size>0x28</size>
         <input_file_ref idref="fl-5e"/>
      </object_component>
      <object_component id="oc-19d">
         <name>.debug_aranges</name>
         <load_address>0x8f8</load_address>
         <run_address>0x8f8</run_address>
         <size>0x30</size>
         <input_file_ref idref="fl-5f"/>
      </object_component>
      <object_component id="oc-d3">
         <name>.debug_aranges</name>
         <load_address>0x928</load_address>
         <run_address>0x928</run_address>
         <size>0x20</size>
         <input_file_ref idref="fl-60"/>
      </object_component>
      <object_component id="oc-1c2">
         <name>.debug_aranges</name>
         <load_address>0x948</load_address>
         <run_address>0x948</run_address>
         <size>0x20</size>
         <input_file_ref idref="fl-62"/>
      </object_component>
[...]
         <name>EPWM6_ISR</name>
         <value>0x8190</value>
         <object_component_ref idref="oc-aa"/>
      </symbol>
      <symbol id="sm-291">
         <name>ADCB_EVT_ISR</name>
         <value>0x835c</value>
         <object_component_ref idref="oc-aa"/>
      </symbol>
      <symbol id="sm-292">
         <name>EPWM8_ISR</name>
         <value>0x81a4</value>
         <object_component_ref idref="oc-aa"/>
      </symbol>
      <symbol id="sm-293">
         <name>EMU_ISR</name>
         <value>0x8028</value>
         <object_component_ref idref="oc-aa"/>
      </symbol>
      <symbol id="sm-294">
         <name>USER11_ISR</name>
         <value>0x80aa</value>
         <object_component_ref idref="oc-aa"/>
      </symbol>
      <symbol id="sm-295">
         <name>USER4_ISR</name>
         <value>0x8064</value>
         <object_component_ref idref="oc-aa"/>
      </symbol>
      <symbol id="sm-296">
         <name>EQEP3_ISR</name>
         <value>0x81fe</value>
         <object_component_ref idref="oc-aa"/>
      </symbol>
      <symbol id="sm-297">
         <name>SCIA_RX_ISR</name>
         <value>0x82e4</value>
         <object_component_ref idref="oc-aa"/>
      </symbol>
      <symbol id="sm-298">
         <name>SCIA_TX_ISR</name>
         <value>0x82ee</value>
         <object_component_ref idref="oc-aa"/>
      </symbol>
      <symbol id="sm-299">
         <name>SCID_RX_ISR</name>
         <value>0x82d0</value>
         <object_component_ref idref="oc-aa"/>
      </symbol>
      <symbol id="sm-29a">
         <name>SCID_TX_ISR</name>
         <value>0x82da</value>
         <object_component_ref idref="oc-aa"/>
      </symbol>
      <symbol id="sm-29b">
         <name>ADCD4_ISR</name>
         <value>0x850a</value>
         <object_component_ref idref="oc-aa"/>
      </symbol>
      <symbol id="sm-29c">
         <name>ECAP1_ISR</name>
         <value>0x81ae</value>
         <object_component_ref idref="oc-aa"/>
      </symbol>
      <symbol id="sm-29d">
         <name>ADCA4_ISR</name>
         <value>0x8352</value>
         <object_component_ref idref="oc-aa"/>
      </symbol>
      <symbol id="sm-29e">
         <name>FPU_OVERFLOW_ISR</name>
         <value>0x83fc</value>
         <object_component_ref idref="oc-aa"/>
      </symbol>
      <symbol id="sm-29f">
         <name>ADCC4_ISR</name>
         <value>0x84e2</value>
         <object_component_ref idref="oc-aa"/>
      </symbol>
      <symbol id="sm-2a0">
         <name>ADCB4_ISR</name>
         <value>0x837a</value>
         <object_component_ref idref="oc-aa"/>
      </symbol>
      <symbol id="sm-2a1">
         <name>EPWM7_ISR</name>
         <value>0x819a</value>
         <object_component_ref idref="oc-aa"/>
      </symbol>
      <symbol id="sm-2a2">
         <name>SD1_ISR</name>
         <value>0x8488</value>
         <object_component_ref idref="oc-aa"/>
      </symbol>
      <symbol id="sm-2a3">
         <name>EPWM9_ISR</name>
         <value>0x8460</value>
         <object_component_ref idref="oc-aa"/>
      </symbol>
      <symbol id="sm-2a4">
         <name>USER10_ISR</name>
         <value>0x80a0</value>
         <object_component_ref idref="oc-aa"/>
      </symbol>
      <symbol id="sm-2a5">
         <name>XINT1_ISR</name>
         <value>0x80dc</value>
         <object_component_ref idref="oc-aa"/>
      </symbol>
      <symbol id="sm-2a6">
         <name>USER7_ISR</name>
         <value>0x8082</value>
         <object_component_ref idref="oc-aa"/>
      </symbol>
      <symbol id="sm-2a7">
         <name>CLA1_1_ISR</name>
         <value>0x8384</value>
         <object_component_ref idref="oc-aa"/>
      </symbol>
      <symbol id="sm-2a8">
         <name>USER9_ISR</name>
         <value>0x8096</value>
         <object_component_ref idref="oc-aa"/>
      </symbol>
      <symbol id="sm-2a9">
         <name>ECAP2_ISR</name>
         <value>0x81b8</value>
         <object_component_ref idref="oc-aa"/>
      </symbol>
      <symbol id="sm-2aa">
         <name>EPWM5_TZ_ISR</name>
         <value>0x8136</value>
         <object_component_ref idref="oc-aa"/>
      </symbol>
      <symbol id="sm-2ab">
         <name>SD2_ISR</name>
         <value>0x8492</value>
         <object_component_ref idref="oc-aa"/>
      </symbol>
      <symbol id="sm-2ac">
         <name>I2CB_FIFO_ISR</name>
         <value>0x82b2</value>
         <object_component_ref idref="oc-aa"/>
      </symbol>
      <symbol id="sm-2ad">
         <name>DMA_CH1_ISR</name>
         <value>0x8258</value>
         <object_component_ref idref="oc-aa"/>
      </symbol>
      <symbol id="sm-2ae">
         <name>UPPA_ISR</name>
         <value>0x84b0</value>
         <object_component_ref idref="oc-aa"/>
      </symbol>
      <symbol id="sm-2af">
         <name>CLA1_8_ISR</name>
         <value>0x83ca</value>
         <object_component_ref idref="oc-aa"/>
      </symbol>
      <symbol id="sm-2b0">
         <name>USER6_ISR</name>
         <value>0x8078</value>
         <object_component_ref idref="oc-aa"/>
      </symbol>
      <symbol id="sm-2b1">
         <name>CLA1_2_ISR</name>
         <value>0x838e</value>
         <object_component_ref idref="oc-aa"/>
      </symbol>
      <symbol id="sm-2b2">
         <name>EMIF_ERROR_ISR</name>
         <value>0x8514</value>
         <object_component_ref idref="oc-aa"/>
      </symbol>
      <symbol id="sm-2b3">
         <name>USER8_ISR</name>
         <value>0x808c</value>
         <object_component_ref idref="oc-aa"/>
      </symbol>
      <symbol id="sm-2b4">
         <name>MCBSPB_RX_ISR</name>
         <value>0x8244</value>
         <object_component_ref idref="oc-aa"/>
      </symbol>
      <symbol id="sm-2b5">
         <name>MCBSPB_TX_ISR</name>
         <value>0x824e</value>
         <object_component_ref idref="oc-aa"/>
      </symbol>
      <symbol id="sm-2b6">
         <name>SPIB_RX_ISR</name>
         <value>0x821c</value>
         <object_component_ref idref="oc-aa"/>
      </symbol>
      <symbol id="sm-2b7">
         <name>SPIB_TX_ISR</name>
         <value>0x8226</value>
         <object_component_ref idref="oc-aa"/>
      </symbol>
      <symbol id="sm-2b8">
         <name>ECAP3_ISR</name>
         <value>0x81c2</value>
         <object_component_ref idref="oc-aa"/>
      </symbol>
      <symbol id="sm-2b9">
         <name>EPWM1_ISR</name>
         <value>0x815e</value>
         <object_component_ref idref="oc-aa"/>
      </symbol>
      <symbol id="sm-2ba">
         <name>IPC0_ISR</name>
         <value>0x8410</value>
         <object_component_ref idref="oc-aa"/>
      </symbol>
      <symbol id="sm-2bb">
         <name>DMA_CH2_ISR</name>
         <value>0x8262</value>
         <object_component_ref idref="oc-aa"/>
      </symbol>
      <symbol id="sm-2bc">
         <name>USER12_ISR</name>
         <value>0x80b4</value>
         <object_component_ref idref="oc-aa"/>
      </symbol>
      <symbol id="sm-2bd">
         <name>XINT3_ISR</name>
         <value>0x83d4</value>
         <object_component_ref idref="oc-aa"/>
      </symbol>
      <symbol id="sm-2be">
         <name>USER1_ISR</name>
         <value>0x8046</value>
         <object_component_ref idref="oc-aa"/>
      </symbol>
      <symbol id="sm-2bf">
         <name>CLA1_3_ISR</name>
         <value>0x8398</value>
         <object_component_ref idref="oc-aa"/>
      </symbol>
      <symbol id="sm-2c0">
         <name>I2CA_ISR</name>
         <value>0x8294</value>
         <object_component_ref idref="oc-aa"/>
      </symbol>
      <symbol id="sm-2c1">
         <name>CANA0_ISR</name>
         <value>0x830c</value>
         <object_component_ref idref="oc-aa"/>
      </symbol>
      <symbol id="sm-2c2">
         <name>CANB0_ISR</name>
         <value>0x8320</value>
         <object_component_ref idref="oc-aa"/>
      </symbol>
      <symbol id="sm-2c3">
         <name>EPWM1_TZ_ISR</name>
         <value>0x810e</value>
         <object_component_ref idref="oc-aa"/>
      </symbol>
      <symbol id="sm-2c4">
         <name>I2CA_FIFO_ISR</name>
         <value>0x829e</value>
         <object_component_ref idref="oc-aa"/>
      </symbol>
      <symbol id="sm-2c5">
         <name>EPWM2_ISR</name>
         <value>0x8168</value>
         <object_component_ref idref="oc-aa"/>
      </symbol>
      <symbol id="sm-2c6">
         <name>USBA_ISR</name>
         <value>0x84ba</value>
         <object_component_ref idref="oc-aa"/>
      </symbol>
      <symbol id="sm-2c7">
         <name>IPC1_ISR</name>
         <value>0x841a</value>
         <object_component_ref idref="oc-aa"/>
      </symbol>
      <symbol id="sm-2c8">
         <name>RAM_CORRECTABLE_ERROR_ISR</name>
         <value>0x851e</value>
         <object_component_ref idref="oc-aa"/>
      </symbol>
      <symbol id="sm-2c9">
         <name>ADCD_EVT_ISR</name>
         <value>0x84ec</value>
         <object_component_ref idref="oc-aa"/>
      </symbol>
      <symbol id="sm-2ca">
         <name>DMA_CH3_ISR</name>
         <value>0x826c</value>
         <object_component_ref idref="oc-aa"/>
      </symbol>
      <symbol id="sm-2cb">
         <name>ADCC_EVT_ISR</name>
         <value>0x84c4</value>
         <object_component_ref idref="oc-aa"/>
      </symbol>
      <symbol id="sm-2cc">
         <name>EPWM11_ISR</name>
         <value>0x8474</value>
         <object_component_ref idref="oc-aa"/>
      </symbol>
      <symbol id="sm-2cd">
         <name>DATALOG_ISR</name>
         <value>0x8014</value>
         <object_component_ref idref="oc-aa"/>
      </symbol>
      <symbol id="sm-2ce">
         <name>XINT2_ISR</name>
         <value>0x80e6</value>
         <object_component_ref idref="oc-aa"/>
      </symbol>
      <symbol id="sm-2cf">
         <name>PIE_RESERVED_ISR</name>
         <value>0x8564</value>
         <object_component_ref idref="oc-aa"/>
      </symbol>
      <symbol id="sm-2d0">
         <name>SCIB_RX_ISR</name>
         <value>0x82f8</value>
         <object_component_ref idref="oc-aa"/>
      </symbol>
      <symbol id="sm-2d1">
         <name>SCIB_TX_ISR</name>
         <value>0x8302</value>
         <object_component_ref idref="oc-aa"/>
      </symbol>
      <symbol id="sm-2d2">
         <name>I2CB_ISR</name>
         <value>0x82a8</value>
         <object_component_ref idref="oc-aa"/>
      </symbol>
      <symbol id="sm-2d3">
         <name>CANA1_ISR</name>
         <value>0x8316</value>
         <object_component_ref idref="oc-aa"/>
      </symbol>
      <symbol id="sm-2d4">
         <name>SPIC_RX_ISR</name>
         <value>0x849c</value>
         <object_component_ref idref="oc-aa"/>
      </symbol>
      <symbol id="sm-2d5">
         <name>CANB1_ISR</name>
         <value>0x832a</value>
         <object_component_ref idref="oc-aa"/>
      </symbol>
      <symbol id="sm-2d6">
         <name>SPIC_TX_ISR</name>
         <value>0x84a6</value>
         <object_component_ref idref="oc-aa"/>
      </symbol>
      <symbol id="sm-2d7">
         <name>EPWM12_TZ_ISR</name>
         <value>0x8456</value>
         <object_component_ref idref="oc-aa"/>
      </symbol>
      <symbol id="sm-2d8">
         <name>ILLEGAL_ISR</name>
         <value>0x803c</value>
         <object_component_ref idref="oc-aa"/>
      </symbol>
      <symbol id="sm-2d9">
         <name>EPWM3_ISR</name>
         <value>0x8172</value>
         <object_component_ref idref="oc-aa"/>
      </symbol>
      <symbol id="sm-2da">
         <name>IPC2_ISR</name>
         <value>0x8424</value>
         <object_component_ref idref="oc-aa"/>
      </symbol>
      <symbol id="sm-2db">
         <name>TIMER0_ISR</name>
         <value>0x80fa</value>
         <object_component_ref idref="oc-aa"/>
      </symbol>
      <symbol id="sm-2dc">
         <name>EPWM10_ISR</name>
         <value>0x846a</value>
         <object_component_ref idref="oc-aa"/>
      </symbol>
      <symbol id="sm-2dd">
         <name>USER3_ISR</name>
         <value>0x805a</value>
         <object_component_ref idref="oc-aa"/>
      </symbol>
      <symbol id="sm-2f4">
         <name>PieVectTableInit</name>
         <value>0xa800</value>
         <object_component_ref idref="oc-b0"/>
      </symbol>
      <symbol id="sm-32c">
         <name>Device_enableAllPeripherals</name>
         <value>0x88c9</value>
         <object_component_ref idref="oc-163"/>
      </symbol>
      <symbol id="sm-32d">
         <name>Device_initGPIO</name>
         <value>0x89b4</value>
         <object_component_ref idref="oc-163"/>
      </symbol>
      <symbol id="sm-32e">
         <name>Example_Fail</name>
         <value>0xa9d0</value>
         <object_component_ref idref="oc-1b4"/>
      </symbol>
      <symbol id="sm-32f">
         <name>Example_setResultFail</name>
         <value>0x8bdc</value>
         <object_component_ref idref="oc-163"/>
      </symbol>
      <symbol id="sm-330">
         <name>Device_bootCPU2</name>
         <value>0x8a56</value>
         <object_component_ref idref="oc-163"/>
      </symbol>
      <symbol id="sm-331">
         <name>Device_init</name>
         <value>0x88ab</value>
         <object_component_ref idref="oc-163"/>
      </symbol>
      <symbol id="sm-332">
         <name>Example_Result</name>
         <value>0xa9cc</value>
         <object_component_ref idref="oc-1b4"/>
      </symbol>
      <symbol id="sm-333">
         <name>Device_enableUnbondedGPIOPullups</name>
         <value>0x8a0f</value>
         <object_component_ref idref="oc-163"/>
      </symbol>
      <symbol id="sm-334">
         <name>__error__</name>
         <value>0x8bd0</value>
         <object_component_ref idref="oc-163"/>
      </symbol>
      <symbol id="sm-335">
         <name>Example_setResultPass</name>
         <value>0x8bd7</value>
         <object_component_ref idref="oc-163"/>
      </symbol>
      <symbol id="sm-336">
         <name>Device_configureTMXAnalogTrim</name>
         <value>0x8a25</value>
         <object_component_ref idref="oc-163"/>
      </symbol>
      <symbol id="sm-337">
         <name>Device_enableUnbondedGPIOPullupsFor176Pin</name>
         <value>0x89d5</value>
         <object_component_ref idref="oc-163"/>
      </symbol>
      <symbol id="sm-338">
         <name>Example_done</name>
         <value>0x8be1</value>
         <object_component_ref idref="oc-163"/>
      </symbol>
      <symbol id="sm-339">
         <name>Example_PassCount</name>
         <value>0xa9ce</value>
         <object_component_ref idref="oc-1b4"/>
      </symbol>
      <symbol id="sm-33a">
         <name>Device_enableUnbondedGPIOPullupsFor100Pin</name>
         <value>0x89ec</value>
         <object_component_ref idref="oc-163"/>
      </symbol>
      <symbol id="sm-352">
         <name>main</name>
         <value>0x8d16</value>
         <object_component_ref idref="oc-12c"/>
      </symbol>
      <symbol id="sm-353">
         <name>LED</name>
         <value>0x8d47</value>
         <object_component_ref idref="oc-12c"/>
      </symbol>
      <symbol id="sm-354">
         <name>delay_ms</name>
         <value>0x8d4b</value>
         <object_component_ref idref="oc-12c"/>
      </symbol>
      <symbol id="sm-35f">
         <name>_c_int00</name>
         <value>0xb7e8</value>
         <object_component_ref idref="oc-a0"/>
      </symbol>
      <symbol id="sm-360">
         <name>__stack</name>
         <value>0x400</value>
         <object_component_ref idref="oc-b3"/>
      </symbol>
      <symbol id="sm-36a">
         <name>__c28xabi_subd</name>
         <value>0x87ee</value>
         <object_component_ref idref="oc-186"/>
      </symbol>
      <symbol id="sm-376">
         <name>__c28xabi_dtoul</name>
         <value>0x8d79</value>
         <object_component_ref idref="oc-18b"/>
      </symbol>
      <symbol id="sm-383">
         <name>__c28xabi_divf</name>
         <value>0x8c6d</value>
         <object_component_ref idref="oc-1d8"/>
      </symbol>
      <symbol id="sm-393">
         <name>__c28xabi_utod</name>
         <value>0x8d94</value>
         <object_component_ref idref="oc-17b"/>
      </symbol>
      <symbol id="sm-3a8">
         <name>__c28xabi_divd</name>
         <value>0x8be2</value>
         <object_component_ref idref="oc-181"/>
      </symbol>
      <symbol id="sm-3ba">
         <name>memcpy</name>
         <value>0x87d1</value>
         <object_component_ref idref="oc-b6"/>
      </symbol>
      <symbol id="sm-3c7">
         <name>_system_pre_init</name>
         <value>0x87fc</value>
         <object_component_ref idref="oc-ca"/>
      </symbol>
      <symbol id="sm-3d6">
         <name>__TI_auto_init_nobinit_nopinit</name>
         <value>0xb7bd</value>
         <object_component_ref idref="oc-fc"/>
      </symbol>
      <symbol id="sm-3e4">
         <name>__TI_decompress_none</name>
         <value>0x8dc8</value>
         <object_component_ref idref="oc-99"/>
      </symbol>
      <symbol id="sm-3f8">
         <name>__TI_decompress_lzss</name>
         <value>0xb78c</value>
         <object_component_ref idref="oc-93"/>
      </symbol>
      <symbol id="sm-40e">
         <name>C$$EXIT</name>
         <value>0x87a8</value>
         <object_component_ref idref="oc-d7"/>
      </symbol>
      <symbol id="sm-40f">
         <name>abort</name>
         <value>0x87a8</value>
         <object_component_ref idref="oc-d7"/>
      </symbol>
      <symbol id="sm-410">
         <name>exit</name>
         <value>0x87aa</value>
         <object_component_ref idref="oc-d7"/>
      </symbol>
      <symbol id="sm-411">
         <name>__TI_dtors_ptr</name>
         <value>0xa9d6</value>
         <object_component_ref idref="oc-134"/>
      </symbol>
      <symbol id="sm-412">
         <name>__TI_cleanup_ptr</name>
         <value>0xa9d4</value>
         <object_component_ref idref="oc-134"/>
      </symbol>
      <symbol id="sm-413">
         <name>__TI_enable_exit_profile_output</name>
         <value>0xa9d2</value>
         <object_component_ref idref="oc-134"/>
      </symbol>
      <symbol id="sm-42a">
         <name>_nop</name>
         <value>0x8dbf</value>
         <object_component_ref idref="oc-198"/>
      </symbol>
      <symbol id="sm-42b">
         <name>_lock</name>
         <value>0xa9d8</value>
         <object_component_ref idref="oc-137"/>
      </symbol>
      <symbol id="sm-42c">
         <name>_unlock</name>
         <value>0xa9da</value>
         <object_component_ref idref="oc-1cb"/>
      </symbol>
      <symbol id="sm-42d">
         <name>_register_lock</name>
         <value>0x8dbb</value>
         <object_component_ref idref="oc-198"/>
      </symbol>
      <symbol id="sm-42e">
         <name>_register_unlock</name>
         <value>0x8db7</value>
         <object_component_ref idref="oc-198"/>
      </symbol>
      <symbol id="sm-43d">
         <name>_args_main</name>
         <value>0x8dab</value>
         <object_component_ref idref="oc-d1"/>
      </symbol>
      <symbol id="sm-455">
         <name>__c28xabi_addd</name>
         <value>0x870c</value>
         <object_component_ref idref="oc-1c1"/>
      </symbol>
      <symbol id="sm-463">
         <name>_system_post_cinit</name>
         <value>0xb7ff</value>
         <object_component_ref idref="oc-14e"/>
      </symbol>
      <symbol id="sm-465">
         <name>__c_args__</name>
         <value>0x0</value>
      </symbol>
   </symbol_table>
   <title>Link successful</title>
</link_info>
