******************************************************************************
             TMS320C2000 Linker PC v20.2.1                     
******************************************************************************
>> Linked Sat Jul  2 14:13:20 2022

OUTPUT FILE NAME:   <28379d_CPU1_temp.out>
ENTRY POINT SYMBOL: "_c_int00"  address: 0000b7e8


MEMORY CONFIGURATION

         name            origin    length      used     unused   attr    fill
----------------------  --------  ---------  --------  --------  ----  --------
PAGE 0:
  BEGIN                 00000000   00000002  00000002  00000000  RWIX
  RAMM0                 00000123   000002dd  00000018  000002c5  RWIX
  RAMLS0                00008000   00000800  000007fe  00000002  RWIX
  RAMLS1                00008800   00000800  000005d6  0000022a  RWIX
  RAMLS2                00009000   00000800  00000000  00000800  RWIX
  RAMLS3                00009800   00000800  00000000  00000800  RWIX
  RAMLS4                0000a000   00000800  00000000  00000800  RWIX
  RAMD0                 0000b000   00000800  00000800  00000000  RWIX
  FLASHA                00080002   00001ffe  00000000  00001ffe  RWIX
  FLASHB                00082000   00002000  00000000  00002000  RWIX
  FLASHC                00084000   00002000  00000000  00002000  RWIX
  FLASHD                00086000   00002000  00000000  00002000  RWIX
  FLASHE                00088000   00008000  00000000  00008000  RWIX
  FLASHF                00090000   00008000  00000000  00008000  RWIX
  FLASHG                00098000   00008000  00000000  00008000  RWIX
  FLASHH                000a0000   00008000  00000000  00008000  RWIX
  FLASHI                000a8000   00008000  00000000  00008000  RWIX
  FLASHJ                000b0000   00008000  00000000  00008000  RWIX
  FLASHK                000b8000   00002000  00000000  00002000  RWIX
  FLASHL                000ba000   00002000  00000000  00002000  RWIX
  FLASHM                000bc000   00002000  00000000  00002000  RWIX
  FLASHN                000be000   00001ff0  00000000  00001ff0  RWIX
  RESET                 003fffc0   00000002  00000000  00000002  RWIX

PAGE 1:
  BOOT_RSVD             00000002   00000121  00000000  00000121  RWIX
  RAMM1                 00000400   000003f8  00000200  000001f8  RWIX
  ADCARESULT            00000b00   00000018  00000000  00000018  RWIX
  ADCBRESULT            00000b20   00000018  00000000  00000018  RWIX
  ADCCRESULT            00000b40   00000018  00000000  00000018  RWIX
  ADCDRESULT            00000b60   00000018  00000000  00000018  RWIX
  CPUTIMER0             00000c00   00000008  00000000  00000008  RWIX
  CPUTIMER1             00000c08   00000008  00000000  00000008  RWIX
  CPUTIMER2             00000c10   00000008  00000000  00000008  RWIX
  PIECTRL               00000ce0   0000001a  00000000  0000001a  RWIX
  PIEVECTTABLE          00000d00   00000200  00000000  00000200  RWIX
  DMA                   00001000   00000200  00000000  00000200  RWIX
  CLA1                  00001400   00000080  00000000  00000080  RWIX
  CLB1LOGICCFG          00003000   00000052  00000000  00000052  RWIX
  CLB1LOGICCTRL         00003100   00000040  00000000  00000040  RWIX
  CLB1DATAEXCH          00003200   00000200  00000000  00000200  RWIX
  CLB2LOGICCFG          00003400   00000052  00000000  00000052  RWIX
  CLB2LOGICCTRL         00003500   00000040  00000000  00000040  RWIX
  CLB2DATAEXCH          00003600   00000200  00000000  00000200  RWIX
  CLB3LOGICCFG          00003800   00000052  00000000  00000052  RWIX
  CLB3LOGICCTRL         00003900   00000040  00000000  00000040  RWIX
  CLB3DATAEXCH          00003a00   00000200  00000000  00000200  RWIX
  CLB4LOGICCFG          00003c00   00000052  00000000  00000052  RWIX
  CLB4LOGICCTRL         00003d00   00000040  00000000  00000040  RWIX
  CLB4DATAEXCH          00003e00   00000200  00000000  00000200  RWIX
  EPWM1                 00004000   00000100  00000000  00000100  RWIX
  EPWM2                 00004100   00000100  00000000  00000100  RWIX
  EPWM3                 00004200   00000100  00000000  00000100  RWIX
  EPWM4                 00004300   00000100  00000000  00000100  RWIX
  EPWM5                 00004400   00000100  00000000  00000100  RWIX
  EPWM6                 00004500   00000100  00000000  00000100  RWIX
  EPWM7                 00004600   00000100  00000000  00000100  RWIX
  EPWM8                 00004700   00000100  00000000  00000100  RWIX
  EPWM9                 00004800   00000100  00000000  00000100  RWIX
  EPWM10                00004900   00000100  00000000  00000100  RWIX
  EPWM11                00004a00   00000100  00000000  00000100  RWIX
  EPWM12                00004b00   00000100  00000000  00000100  RWIX
  ECAP1                 00005000   00000020  00000000  00000020  RWIX
  ECAP2                 00005020   00000020  00000000  00000020  RWIX
  ECAP3                 00005040   00000020  00000000  00000020  RWIX
  ECAP4                 00005060   00000020  00000000  00000020  RWIX
  ECAP5                 00005080   00000020  00000000  00000020  RWIX
  ECAP6                 000050a0   00000020  00000000  00000020  RWIX
  EQEP1                 00005100   00000022  00000000  00000022  RWIX
  EQEP2                 00005140   00000022  00000000  00000022  RWIX
  EQEP3                 00005180   00000022  00000000  00000022  RWIX
  DACA                  00005c00   00000008  00000000  00000008  RWIX
  DACB                  00005c10   00000008  00000000  00000008  RWIX
  DACC                  00005c20   00000008  00000000  00000008  RWIX
  CMPSS1                00005c80   00000020  00000000  00000020  RWIX
  CMPSS2                00005ca0   00000020  00000000  00000020  RWIX
  CMPSS3                00005cc0   00000020  00000000  00000020  RWIX
  CMPSS4                00005ce0   00000020  00000000  00000020  RWIX
  CMPSS5                00005d00   00000020  00000000  00000020  RWIX
  CMPSS6                00005d20   00000020  00000000  00000020  RWIX
  CMPSS7                00005d40   00000020  00000000  00000020  RWIX
  CMPSS8                00005d60   00000020  00000000  00000020  RWIX
  SDFM1                 00005e00   00000080  00000000  00000080  RWIX
  SDFM2                 00005e80   00000080  00000000  00000080  RWIX
  MCBSPA                00006000   00000024  00000000  00000024  RWIX
  MCBSPB                00006040   00000024  00000000  00000024  RWIX
  SPIA                  00006100   00000010  00000000  00000010  RWIX
  SPIB                  00006110   00000010  00000000  00000010  RWIX
  SPIC                  00006120   00000010  00000000  00000010  RWIX
  UPP                   00006200   00000048  00000000  00000048  RWIX
  WD                    00007000   0000002b  00000000  0000002b  RWIX
  NMIINTRUPT            00007060   00000007  00000000  00000007  RWIX
  XINT                  00007070   0000000b  00000000  0000000b  RWIX
  SCIA                  00007200   00000010  00000000  00000010  RWIX
  SCIB                  00007210   00000010  00000000  00000010  RWIX
  SCIC                  00007220   00000010  00000000  00000010  RWIX
  SCID                  00007230   00000010  00000000  00000010  RWIX
  I2CA                  00007300   00000022  00000000  00000022  RWIX
  I2CB                  00007340   00000022  00000000  00000022  RWIX
  ADCA                  00007400   00000080  00000000  00000080  RWIX
  ADCB                  00007480   00000080  00000000  00000080  RWIX
  ADCC                  00007500   00000080  00000000  00000080  RWIX
  ADCD                  00007580   00000080  00000000  00000080  RWIX
  INPUTXBAR             00007900   00000020  00000000  00000020  RWIX
  XBAR                  00007920   00000020  00000000  00000020  RWIX
  SYNCSOC               00007940   00000006  00000000  00000006  RWIX
  DMACLASRCSEL          00007980   0000001a  00000000  0000001a  RWIX
  EPWMXBAR              00007a00   00000040  00000000  00000040  RWIX
  CLBXBAR               00007a40   00000040  00000000  00000040  RWIX
  OUTPUTXBAR            00007a80   00000040  00000000  00000040  RWIX
  GPIOCTRL              00007c00   00000180  00000000  00000180  RWIX
  GPIODATA              00007f00   00000030  00000000  00000030  RWIX
  RAMLS5                0000a800   00000800  000001dc  00000624  RWIX
  RAMD1                 0000b800   00000800  00000000  00000800  RWIX
  RAMGS0                0000c000   00001000  00000000  00001000  RWIX
  RAMGS1                0000d000   00001000  00000000  00001000  RWIX
  RAMGS2                0000e000   00001000  00000000  00001000  RWIX
  RAMGS3                0000f000   00001000  00000000  00001000  RWIX
  RAMGS4                00010000   00001000  00000000  00001000  RWIX
  RAMGS5                00011000   00001000  00000000  00001000  RWIX
  RAMGS6                00012000   00001000  00000000  00001000  RWIX
  RAMGS7                00013000   00001000  00000000  00001000  RWIX
  RAMGS8                00014000   00001000  00000000  00001000  RWIX
  RAMGS9                00015000   00001000  00000000  00001000  RWIX
  RAMGS10               00016000   00001000  00000000  00001000  RWIX
  RAMGS11               00017000   00001000  00000000  00001000  RWIX
  RAMGS12               00018000   00001000  00000000  00001000  RWIX
  RAMGS13               00019000   00001000  00000000  00001000  RWIX
  RAMGS14               0001a000   00001000  00000000  00001000  RWIX
  RAMGS15               0001b000   00000ff8  00000000  00000ff8  RWIX
  CPU2TOCPU1RAM         0003f800   00000400  00000000  00000400  RWIX
  CPU1TOCPU2RAM         0003fc00   00000400  00000000  00000400  RWIX
  EMIF1                 00047000   00000070  00000000  00000070  RWIX
  EMIF2                 00047800   00000070  00000000  00000070  RWIX
  CANA                  00048000   00000200  00000000  00000200  RWIX
  CANA_MSG_RAM          00049000   00000800  00000000  00000800  RWIX
  CANB                  0004a000   00000200  00000000  00000200  RWIX
  CANB_MSG_RAM          0004b000   00000800  00000000  00000800  RWIX
  IPC                   00050000   00000024  00000000  00000024  RWIX
  FLASHPUMPSEMAPHORE    00050024   00000002  00000000  00000002  RWIX
  DEVCFG                0005d000   0000012e  00000000  0000012e  RWIX
  ANALOGSUBSYS          0005d180   00000048  00000000  00000048  RWIX
  CLKCFG                0005d200   00000032  00000000  00000032  RWIX
  CPUSYS                0005d300   00000082  00000000  00000082  RWIX
  ROMPREFETCH           0005e608   00000002  00000000  00000002  RWIX
  DCSMZ1                0005f000   00000024  00000000  00000024  RWIX
  DCSMZ2                0005f040   00000024  00000000  00000024  RWIX
  DCSMCOMMON            0005f070   00000008  00000000  00000008  RWIX
  MEMCFG                0005f400   00000080  00000000  00000080  RWIX
  EMIF1CONFIG           0005f480   00000020  00000000  00000020  RWIX
  EMIF2CONFIG           0005f4a0   00000020  00000000  00000020  RWIX
  ACCESSPROTECTION      0005f4c0   00000040  00000000  00000040  RWIX
  MEMORYERROR           0005f500   00000040  00000000  00000040  RWIX
  ROMWAITSTATE          0005f540   00000002  00000000  00000002  RWIX
  FLASH0CTRL            0005f800   00000182  00000000  00000182  RWIX
  FLASH0ECC             0005fb00   00000028  00000000  00000028  RWIX


SECTION ALLOCATION MAP

 output                                  attributes/
section   page    origin      length       input sections
--------  ----  ----------  ----------   ----------------
codestart 
*          0    00000000    00000002     
                  00000000    00000002     F2837xD_CodeStartBranch.obj (codestart)

.cinit     0    00000128    00000014     
                  00000128    00000009     (.cinit..data.load) [load image, compression = lzss]
                  00000131    00000001     --HOLE-- [fill = 0]
                  00000132    00000004     (__TI_handler_table)
                  00000136    00000002     --HOLE-- [fill = 0]
                  00000138    00000004     (__TI_cinit_table)

.reset     0    003fffc0    00000000     DSECT

.stack     1    00000400    00000200     UNINITIALIZED
                  00000400    00000200     --HOLE--

.init_array 
*          0    00000123    00000000     UNINITIALIZED

.const     1    0000a800    000001cc     
                  0000a800    000001c0     F2837xD_SWPrioritizedPieVect.obj (.const)
                  0000a9c0    0000000c     main_cpu1.obj (.const)

.data      1    0000a9cc    00000010     UNINITIALIZED
                  0000a9cc    00000006     device.obj (.data)
                  0000a9d2    00000006     rts2800_fpu32_eabi.lib : exit.c.obj (.data)
                  0000a9d8    00000002                            : _lock.c.obj (.data:_lock)
                  0000a9da    00000002                            : _lock.c.obj (.data:_unlock)

.TI.ramfunc 
*          0    00000123    00000004     
                  00000123    00000004     sysctl.obj (.TI.ramfunc)

GETBUFFER 
*          0    0003f800    00000000     DSECT

GETWRITEIDX 
*          0    0003f800    00000000     DSECT

PUTREADIDX 
*          0    0003f800    00000000     DSECT

.text.1    0    00008000    000007fe     
                  00008000    00000585     F2837xD_DefaultISR.obj (.text:retain)
                  00008585    00000187     interrupt.obj (.text)
                  0000870c    0000009c     rts2800_fpu32_eabi.lib : fd_add28.asm.obj (.text)
                  000087a8    00000029                            : exit.c.obj (.text)
                  000087d1    0000001d                            : memcpy.c.obj (.text)
                  000087ee    0000000e                            : fd_sub28.asm.obj (.text)
                  000087fc    00000002                            : pre_init.c.obj (.text)

.text.2    0    00008800    000005d6     
                  00008800    000003e2     device.obj (.text)
                  00008be2    0000008b     rts2800_fpu32_eabi.lib : fd_div28.asm.obj (.text)
                  00008c6d    00000088                            : fs_div28.asm.obj (.text)
                  00008cf5    00000084     main_cpu1.obj (.text)
                  00008d79    0000001b     rts2800_fpu32_eabi.lib : fd_toul28.asm.obj (.text)
                  00008d94    00000017                            : u_tofd28.asm.obj (.text)
                  00008dab    0000000c                            : args_main.c.obj (.text)
                  00008db7    00000009                            : _lock.c.obj (.text)
                  00008dc0    00000008     F2837xD_CodeStartBranch.obj (.text)
                  00008dc8    00000008     rts2800_fpu32_eabi.lib : copy_decompress_none.c.obj (.text:decompress:none)
                  00008dd0    00000006     appl.obj (.text)

.text.3    0    0000b000    00000800     
                  0000b000    000005a1     sysctl.obj (.text)
                  0000b5a1    000001eb     gpio.obj (.text)
                  0000b78c    00000031     rts2800_fpu32_eabi.lib : copy_decompress_lzss.c.obj (.text:decompress:lzss)
                  0000b7bd    0000002b                            : autoinit.c.obj (.text:__TI_auto_init_nobinit_nopinit)
                  0000b7e8    00000017                            : boot28.asm.obj (.text)
                  0000b7ff    00000001                            : startup.c.obj (.text)

MODULE SUMMARY

       Module                             code   ro data   rw data
       ------                             ----   -------   -------
    .\
       appl.obj                           6      0         0      
    +--+----------------------------------+------+---------+---------+
       Total:                             6      0         0      
                                                                  
    .\03_device\source\
       sysctl.obj                         1445   0         0      
       gpio.obj                           491    0         0      
       interrupt.obj                      391    0         0      
    +--+----------------------------------+------+---------+---------+
       Total:                             2327   0         0      
                                                                  
    .\04_common\source\
       F2837xD_DefaultISR.obj             1413   0         0      
       device.obj                         994    0         6      
       F2837xD_SWPrioritizedPieVect.obj   0      448       0      
       F2837xD_CodeStartBranch.obj        10     0         0      
    +--+----------------------------------+------+---------+---------+
       Total:                             2417   448       6      
                                                                  
    .\06_user\
       main_cpu1.obj                      132    12        0      
    +--+----------------------------------+------+---------+---------+
       Total:                             132    12        0      
                                                                  
    ../02_math_lib/rts2800_fpu32_eabi.lib
       fd_add28.asm.obj                   156    0         0      
       fd_div28.asm.obj                   139    0         0      
       fs_div28.asm.obj                   136    0         0      
       copy_decompress_lzss.c.obj         49     0         0      
       exit.c.obj                         41     0         6      
       autoinit.c.obj                     43     0         0      
       memcpy.c.obj                       29     0         0      
       fd_toul28.asm.obj                  27     0         0      
       boot28.asm.obj                     23     0         0      
       u_tofd28.asm.obj                   23     0         0      
       fd_sub28.asm.obj                   14     0         0      
       _lock.c.obj                        9      0         4      
       args_main.c.obj                    12     0         0      
       copy_decompress_none.c.obj         8      0         0      
       pre_init.c.obj                     2      0         0      
       startup.c.obj                      1      0         0      
    +--+----------------------------------+------+---------+---------+
       Total:                             712    0         10     
                                                                  
       Stack:                             0      0         512    
       Linker Generated:                  0      17        0      
    +--+----------------------------------+------+---------+---------+
       Grand Total:                       5594   477       528    


LINKER GENERATED COPY TABLES

__TI_cinit_table @ 00000138 records: 1, size/record: 4, table size: 4
	.data: load addr=00000128, load size=00000009 bytes, run addr=0000a9cc, run size=00000010 bytes, compression=lzss


LINKER GENERATED HANDLER TABLE

__TI_handler_table @ 00000132 records: 2, size/record: 2, table size: 4
	index: 0, handler: __TI_decompress_lzss
	index: 1, handler: __TI_decompress_none


GLOBAL DATA SYMBOLS: SORTED BY DATA PAGE

address     data page           name
--------    ----------------    ----
00000400      10 (00000400)     __stack

0000a800     2a0 (0000a800)     PieVectTableInit

0000a9cc     2a7 (0000a9c0)     Example_Result
0000a9ce     2a7 (0000a9c0)     Example_PassCount
0000a9d0     2a7 (0000a9c0)     Example_Fail
0000a9d2     2a7 (0000a9c0)     __TI_enable_exit_profile_output
0000a9d4     2a7 (0000a9c0)     __TI_cleanup_ptr
0000a9d6     2a7 (0000a9c0)     __TI_dtors_ptr
0000a9d8     2a7 (0000a9c0)     _lock
0000a9da     2a7 (0000a9c0)     _unlock


GLOBAL SYMBOLS: SORTED ALPHABETICALLY BY Name 

page  address   name                                     
----  -------   ----                                     
0     000080be  ADCA1_ISR                                
0     0000833e  ADCA2_ISR                                
0     00008348  ADCA3_ISR                                
0     00008352  ADCA4_ISR                                
0     00008334  ADCA_EVT_ISR                             
0     000080c8  ADCB1_ISR                                
0     00008366  ADCB2_ISR                                
0     00008370  ADCB3_ISR                                
0     0000837a  ADCB4_ISR                                
0     0000835c  ADCB_EVT_ISR                             
0     000080d2  ADCC1_ISR                                
0     000084ce  ADCC2_ISR                                
0     000084d8  ADCC3_ISR                                
0     000084e2  ADCC4_ISR                                
0     000084c4  ADCC_EVT_ISR                             
0     000080f0  ADCD1_ISR                                
0     000084f6  ADCD2_ISR                                
0     00008500  ADCD3_ISR                                
0     0000850a  ADCD4_ISR                                
0     000084ec  ADCD_EVT_ISR                             
0     00008546  AUX_PLL_SLIP_ISR                         
0     000087a8  C$$EXIT                                  
0     0000830c  CANA0_ISR                                
0     00008316  CANA1_ISR                                
0     00008320  CANB0_ISR                                
0     0000832a  CANB1_ISR                                
0     00008384  CLA1_1_ISR                               
0     0000838e  CLA1_2_ISR                               
0     00008398  CLA1_3_ISR                               
0     000083a2  CLA1_4_ISR                               
0     000083ac  CLA1_5_ISR                               
0     000083b6  CLA1_6_ISR                               
0     000083c0  CLA1_7_ISR                               
0     000083ca  CLA1_8_ISR                               
0     00008550  CLA_OVERFLOW_ISR                         
0     0000855a  CLA_UNDERFLOW_ISR                        
0     00008014  DATALOG_ISR                              
0     00008258  DMA_CH1_ISR                              
0     00008262  DMA_CH2_ISR                              
0     0000826c  DMA_CH3_ISR                              
0     00008276  DMA_CH4_ISR                              
0     00008280  DMA_CH5_ISR                              
0     0000828a  DMA_CH6_ISR                              
0     00008a56  Device_bootCPU2                          
0     00008a25  Device_configureTMXAnalogTrim            
0     000088c9  Device_enableAllPeripherals              
0     00008a0f  Device_enableUnbondedGPIOPullups         
0     000089ec  Device_enableUnbondedGPIOPullupsFor100Pin
0     000089d5  Device_enableUnbondedGPIOPullupsFor176Pin
0     000088ab  Device_init                              
0     000089b4  Device_initGPIO                          
0     000081ae  ECAP1_ISR                                
0     000081b8  ECAP2_ISR                                
0     000081c2  ECAP3_ISR                                
0     000081cc  ECAP4_ISR                                
0     000081d6  ECAP5_ISR                                
0     000081e0  ECAP6_ISR                                
0     00008514  EMIF_ERROR_ISR                           
0     0000856e  EMPTY_ISR                                
0     00008028  EMU_ISR                                  
0     0000846a  EPWM10_ISR                               
0     00008442  EPWM10_TZ_ISR                            
0     00008474  EPWM11_ISR                               
0     0000844c  EPWM11_TZ_ISR                            
0     0000847e  EPWM12_ISR                               
0     00008456  EPWM12_TZ_ISR                            
0     0000815e  EPWM1_ISR                                
0     0000810e  EPWM1_TZ_ISR                             
0     00008168  EPWM2_ISR                                
0     00008118  EPWM2_TZ_ISR                             
0     00008172  EPWM3_ISR                                
0     00008122  EPWM3_TZ_ISR                             
0     0000817c  EPWM4_ISR                                
0     0000812c  EPWM4_TZ_ISR                             
0     00008186  EPWM5_ISR                                
0     00008136  EPWM5_TZ_ISR                             
0     00008190  EPWM6_ISR                                
0     00008140  EPWM6_TZ_ISR                             
0     0000819a  EPWM7_ISR                                
0     0000814a  EPWM7_TZ_ISR                             
0     000081a4  EPWM8_ISR                                
0     00008154  EPWM8_TZ_ISR                             
0     00008460  EPWM9_ISR                                
0     00008438  EPWM9_TZ_ISR                             
0     000081ea  EQEP1_ISR                                
0     000081f4  EQEP2_ISR                                
0     000081fe  EQEP3_ISR                                
1     0000a9d0  Example_Fail                             
1     0000a9ce  Example_PassCount                        
1     0000a9cc  Example_Result                           
0     00008be1  Example_done                             
0     00008bdc  Example_setResultFail                    
0     00008bd7  Example_setResultPass                    
0     00008528  FLASH_CORRECTABLE_ERROR_ISR              
0     000083fc  FPU_OVERFLOW_ISR                         
0     00008406  FPU_UNDERFLOW_ISR                        
0     0000b5d5  GPIO_getDirectionMode                    
0     0000b65e  GPIO_getPadConfig                        
0     0000b6be  GPIO_getQualificationMode                
0     0000b72d  GPIO_setAnalogMode                       
0     0000b5ae  GPIO_setDirectionMode                    
0     0000b5eb  GPIO_setInterruptPin                     
0     0000b701  GPIO_setMasterCore                       
0     0000b616  GPIO_setPadConfig                        
0     0000b755  GPIO_setPinConfig                        
0     0000b692  GPIO_setQualificationMode                
0     0000b6df  GPIO_setQualificationPeriod              
0     0000829e  I2CA_FIFO_ISR                            
0     00008294  I2CA_ISR                                 
0     000082b2  I2CB_FIFO_ISR                            
0     000082a8  I2CB_ISR                                 
0     0000803c  ILLEGAL_ISR                              
0     00008410  IPC0_ISR                                 
0     0000841a  IPC1_ISR                                 
0     00008424  IPC2_ISR                                 
0     0000842e  IPC3_ISR                                 
0     000086c1  Interrupt_disable                        
0     0000868d  Interrupt_enable                         
0     00008630  Interrupt_initModule                     
0     0000866d  Interrupt_initVectorTable                
0     00008d47  LED                                      
0     00008230  MCBSPA_RX_ISR                            
0     0000823a  MCBSPA_TX_ISR                            
0     00008244  MCBSPB_RX_ISR                            
0     0000824e  MCBSPB_TX_ISR                            
0     00008032  NMI_ISR                                  
0     0000857b  NOTUSED_ISR                              
0     00008564  PIE_RESERVED_ISR                         
1     0000a800  PieVectTableInit                         
0     00008532  RAM_ACCESS_VIOLATION_ISR                 
0     0000851e  RAM_CORRECTABLE_ERROR_ISR                
0     0000801e  RTOS_ISR                                 
0     000082e4  SCIA_RX_ISR                              
0     000082ee  SCIA_TX_ISR                              
0     000082f8  SCIB_RX_ISR                              
0     00008302  SCIB_TX_ISR                              
0     000082bc  SCIC_RX_ISR                              
0     000082c6  SCIC_TX_ISR                              
0     000082d0  SCID_RX_ISR                              
0     000082da  SCID_TX_ISR                              
0     00008488  SD1_ISR                                  
0     00008492  SD2_ISR                                  
0     00008208  SPIA_RX_ISR                              
0     00008212  SPIA_TX_ISR                              
0     0000821c  SPIB_RX_ISR                              
0     00008226  SPIB_TX_ISR                              
0     0000849c  SPIC_RX_ISR                              
0     000084a6  SPIC_TX_ISR                              
0     0000853c  SYS_PLL_SLIP_ISR                         
0     00000123  SysCtl_delay                             
0     0000b0ea  SysCtl_getAuxClock                       
0     0000b099  SysCtl_getClock                          
0     0000b539  SysCtl_getDeviceParametric               
0     0000b51f  SysCtl_getLowSpeedClock                  
0     0000b4ba  SysCtl_selectOscSource                   
0     0000b4f0  SysCtl_selectOscSourceAuxPLL             
0     0000b44d  SysCtl_selectXTAL                        
0     0000b333  SysCtl_setAuxClock                       
0     0000b12b  SysCtl_setClock                          
0     000080fa  TIMER0_ISR                               
0     00008000  TIMER1_ISR                               
0     0000800a  TIMER2_ISR                               
0     000084b0  UPPA_ISR                                 
0     000084ba  USBA_ISR                                 
0     000080a0  USER10_ISR                               
0     000080aa  USER11_ISR                               
0     000080b4  USER12_ISR                               
0     00008046  USER1_ISR                                
0     00008050  USER2_ISR                                
0     0000805a  USER3_ISR                                
0     00008064  USER4_ISR                                
0     0000806e  USER5_ISR                                
0     00008078  USER6_ISR                                
0     00008082  USER7_ISR                                
0     0000808c  USER8_ISR                                
0     00008096  USER9_ISR                                
0     000083f2  VCU_ISR                                  
0     00008104  WAKE_ISR                                 
0     000080dc  XINT1_ISR                                
0     000080e6  XINT2_ISR                                
0     000083d4  XINT3_ISR                                
0     000083de  XINT4_ISR                                
0     000083e8  XINT5_ISR                                
0     00000138  __TI_CINIT_Base                          
0     0000013c  __TI_CINIT_Limit                         
0     00000132  __TI_Handler_Table_Base                  
0     00000136  __TI_Handler_Table_Limit                 
1     00000600  __TI_STACK_END                           
abs   00000200  __TI_STACK_SIZE                          
0     0000b7bd  __TI_auto_init_nobinit_nopinit           
1     0000a9d4  __TI_cleanup_ptr                         
0     0000b78c  __TI_decompress_lzss                     
0     00008dc8  __TI_decompress_none                     
1     0000a9d6  __TI_dtors_ptr                           
1     0000a9d2  __TI_enable_exit_profile_output          
abs   ffffffff  __TI_pprof_out_hndl                      
abs   ffffffff  __TI_prof_data_size                      
abs   ffffffff  __TI_prof_data_start                     
0     0000870c  __c28xabi_addd                           
0     00008be2  __c28xabi_divd                           
0     00008c6d  __c28xabi_divf                           
0     00008d79  __c28xabi_dtoul                          
0     000087ee  __c28xabi_subd                           
0     00008d94  __c28xabi_utod                           
n/a   UNDEFED   __c_args__                               
0     00008bd0  __error__                                
1     00000400  __stack                                  
0     00008dab  _args_main                               
0     0000b7e8  _c_int00                                 
1     0000a9d8  _lock                                    
0     00008dbf  _nop                                     
0     00008dbb  _register_lock                           
0     00008db7  _register_unlock                         
0     0000b7ff  _system_post_cinit                       
0     000087fc  _system_pre_init                         
1     0000a9da  _unlock                                  
0     000087a8  abort                                    
0     00008dd0  appl                                     
0     00000000  code_start                               
0     00008d4b  delay_ms                                 
0     000087aa  exit                                     
0     00008d16  main                                     
0     000087d1  memcpy                                   


GLOBAL SYMBOLS: SORTED BY Symbol Address 

page  address   name                                     
----  -------   ----                                     
0     00000000  code_start                               
0     00000123  SysCtl_delay                             
0     00000132  __TI_Handler_Table_Base                  
0     00000136  __TI_Handler_Table_Limit                 
0     00000138  __TI_CINIT_Base                          
0     0000013c  __TI_CINIT_Limit                         
0     00008000  TIMER1_ISR                               
0     0000800a  TIMER2_ISR                               
0     00008014  DATALOG_ISR                              
0     0000801e  RTOS_ISR                                 
0     00008028  EMU_ISR                                  
0     00008032  NMI_ISR                                  
0     0000803c  ILLEGAL_ISR                              
0     00008046  USER1_ISR                                
0     00008050  USER2_ISR                                
0     0000805a  USER3_ISR                                
0     00008064  USER4_ISR                                
0     0000806e  USER5_ISR                                
0     00008078  USER6_ISR                                
0     00008082  USER7_ISR                                
0     0000808c  USER8_ISR                                
0     00008096  USER9_ISR                                
0     000080a0  USER10_ISR                               
0     000080aa  USER11_ISR                               
0     000080b4  USER12_ISR                               
0     000080be  ADCA1_ISR                                
0     000080c8  ADCB1_ISR                                
0     000080d2  ADCC1_ISR                                
0     000080dc  XINT1_ISR                                
0     000080e6  XINT2_ISR                                
0     000080f0  ADCD1_ISR                                
0     000080fa  TIMER0_ISR                               
0     00008104  WAKE_ISR                                 
0     0000810e  EPWM1_TZ_ISR                             
0     00008118  EPWM2_TZ_ISR                             
0     00008122  EPWM3_TZ_ISR                             
0     0000812c  EPWM4_TZ_ISR                             
0     00008136  EPWM5_TZ_ISR                             
0     00008140  EPWM6_TZ_ISR                             
0     0000814a  EPWM7_TZ_ISR                             
0     00008154  EPWM8_TZ_ISR                             
0     0000815e  EPWM1_ISR                                
0     00008168  EPWM2_ISR                                
0     00008172  EPWM3_ISR                                
0     0000817c  EPWM4_ISR                                
0     00008186  EPWM5_ISR                                
0     00008190  EPWM6_ISR                                
0     0000819a  EPWM7_ISR                                
0     000081a4  EPWM8_ISR                                
0     000081ae  ECAP1_ISR                                
0     000081b8  ECAP2_ISR                                
0     000081c2  ECAP3_ISR                                
0     000081cc  ECAP4_ISR                                
0     000081d6  ECAP5_ISR                                
0     000081e0  ECAP6_ISR                                
0     000081ea  EQEP1_ISR                                
0     000081f4  EQEP2_ISR                                
0     000081fe  EQEP3_ISR                                
0     00008208  SPIA_RX_ISR                              
0     00008212  SPIA_TX_ISR                              
0     0000821c  SPIB_RX_ISR                              
0     00008226  SPIB_TX_ISR                              
0     00008230  MCBSPA_RX_ISR                            
0     0000823a  MCBSPA_TX_ISR                            
0     00008244  MCBSPB_RX_ISR                            
0     0000824e  MCBSPB_TX_ISR                            
0     00008258  DMA_CH1_ISR                              
0     00008262  DMA_CH2_ISR                              
0     0000826c  DMA_CH3_ISR                              
0     00008276  DMA_CH4_ISR                              
0     00008280  DMA_CH5_ISR                              
0     0000828a  DMA_CH6_ISR                              
0     00008294  I2CA_ISR                                 
0     0000829e  I2CA_FIFO_ISR                            
0     000082a8  I2CB_ISR                                 
0     000082b2  I2CB_FIFO_ISR                            
0     000082bc  SCIC_RX_ISR                              
0     000082c6  SCIC_TX_ISR                              
0     000082d0  SCID_RX_ISR                              
0     000082da  SCID_TX_ISR                              
0     000082e4  SCIA_RX_ISR                              
0     000082ee  SCIA_TX_ISR                              
0     000082f8  SCIB_RX_ISR                              
0     00008302  SCIB_TX_ISR                              
0     0000830c  CANA0_ISR                                
0     00008316  CANA1_ISR                                
0     00008320  CANB0_ISR                                
0     0000832a  CANB1_ISR                                
0     00008334  ADCA_EVT_ISR                             
0     0000833e  ADCA2_ISR                                
0     00008348  ADCA3_ISR                                
0     00008352  ADCA4_ISR                                
0     0000835c  ADCB_EVT_ISR                             
0     00008366  ADCB2_ISR                                
0     00008370  ADCB3_ISR                                
0     0000837a  ADCB4_ISR                                
0     00008384  CLA1_1_ISR                               
0     0000838e  CLA1_2_ISR                               
0     00008398  CLA1_3_ISR                               
0     000083a2  CLA1_4_ISR                               
0     000083ac  CLA1_5_ISR                               
0     000083b6  CLA1_6_ISR                               
0     000083c0  CLA1_7_ISR                               
0     000083ca  CLA1_8_ISR                               
0     000083d4  XINT3_ISR                                
0     000083de  XINT4_ISR                                
0     000083e8  XINT5_ISR                                
0     000083f2  VCU_ISR                                  
0     000083fc  FPU_OVERFLOW_ISR                         
0     00008406  FPU_UNDERFLOW_ISR                        
0     00008410  IPC0_ISR                                 
0     0000841a  IPC1_ISR                                 
0     00008424  IPC2_ISR                                 
0     0000842e  IPC3_ISR                                 
0     00008438  EPWM9_TZ_ISR                             
0     00008442  EPWM10_TZ_ISR                            
0     0000844c  EPWM11_TZ_ISR                            
0     00008456  EPWM12_TZ_ISR                            
0     00008460  EPWM9_ISR                                
0     0000846a  EPWM10_ISR                               
0     00008474  EPWM11_ISR                               
0     0000847e  EPWM12_ISR                               
0     00008488  SD1_ISR                                  
0     00008492  SD2_ISR                                  
0     0000849c  SPIC_RX_ISR                              
0     000084a6  SPIC_TX_ISR                              
0     000084b0  UPPA_ISR                                 
0     000084ba  USBA_ISR                                 
0     000084c4  ADCC_EVT_ISR                             
0     000084ce  ADCC2_ISR                                
0     000084d8  ADCC3_ISR                                
0     000084e2  ADCC4_ISR                                
0     000084ec  ADCD_EVT_ISR                             
0     000084f6  ADCD2_ISR                                
0     00008500  ADCD3_ISR                                
0     0000850a  ADCD4_ISR                                
0     00008514  EMIF_ERROR_ISR                           
0     0000851e  RAM_CORRECTABLE_ERROR_ISR                
0     00008528  FLASH_CORRECTABLE_ERROR_ISR              
0     00008532  RAM_ACCESS_VIOLATION_ISR                 
0     0000853c  SYS_PLL_SLIP_ISR                         
0     00008546  AUX_PLL_SLIP_ISR                         
0     00008550  CLA_OVERFLOW_ISR                         
0     0000855a  CLA_UNDERFLOW_ISR                        
0     00008564  PIE_RESERVED_ISR                         
0     0000856e  EMPTY_ISR                                
0     0000857b  NOTUSED_ISR                              
0     00008630  Interrupt_initModule                     
0     0000866d  Interrupt_initVectorTable                
0     0000868d  Interrupt_enable                         
0     000086c1  Interrupt_disable                        
0     0000870c  __c28xabi_addd                           
0     000087a8  C$$EXIT                                  
0     000087a8  abort                                    
0     000087aa  exit                                     
0     000087d1  memcpy                                   
0     000087ee  __c28xabi_subd                           
0     000087fc  _system_pre_init                         
0     000088ab  Device_init                              
0     000088c9  Device_enableAllPeripherals              
0     000089b4  Device_initGPIO                          
0     000089d5  Device_enableUnbondedGPIOPullupsFor176Pin
0     000089ec  Device_enableUnbondedGPIOPullupsFor100Pin
0     00008a0f  Device_enableUnbondedGPIOPullups         
0     00008a25  Device_configureTMXAnalogTrim            
0     00008a56  Device_bootCPU2                          
0     00008bd0  __error__                                
0     00008bd7  Example_setResultPass                    
0     00008bdc  Example_setResultFail                    
0     00008be1  Example_done                             
0     00008be2  __c28xabi_divd                           
0     00008c6d  __c28xabi_divf                           
0     00008d16  main                                     
0     00008d47  LED                                      
0     00008d4b  delay_ms                                 
0     00008d79  __c28xabi_dtoul                          
0     00008d94  __c28xabi_utod                           
0     00008dab  _args_main                               
0     00008db7  _register_unlock                         
0     00008dbb  _register_lock                           
0     00008dbf  _nop                                     
0     00008dc8  __TI_decompress_none                     
0     00008dd0  appl                                     
0     0000b099  SysCtl_getClock                          
0     0000b0ea  SysCtl_getAuxClock                       
0     0000b12b  SysCtl_setClock                          
0     0000b333  SysCtl_setAuxClock                       
0     0000b44d  SysCtl_selectXTAL                        
0     0000b4ba  SysCtl_selectOscSource                   
0     0000b4f0  SysCtl_selectOscSourceAuxPLL             
0     0000b51f  SysCtl_getLowSpeedClock                  
0     0000b539  SysCtl_getDeviceParametric               
0     0000b5ae  GPIO_setDirectionMode                    
0     0000b5d5  GPIO_getDirectionMode                    
0     0000b5eb  GPIO_setInterruptPin                     
0     0000b616  GPIO_setPadConfig                        
0     0000b65e  GPIO_getPadConfig                        
0     0000b692  GPIO_setQualificationMode                
0     0000b6be  GPIO_getQualificationMode                
0     0000b6df  GPIO_setQualificationPeriod              
0     0000b701  GPIO_setMasterCore                       
0     0000b72d  GPIO_setAnalogMode                       
0     0000b755  GPIO_setPinConfig                        
0     0000b78c  __TI_decompress_lzss                     
0     0000b7bd  __TI_auto_init_nobinit_nopinit           
0     0000b7e8  _c_int00                                 
0     0000b7ff  _system_post_cinit                       
1     00000400  __stack                                  
1     00000600  __TI_STACK_END                           
1     0000a800  PieVectTableInit                         
1     0000a9cc  Example_Result                           
1     0000a9ce  Example_PassCount                        
1     0000a9d0  Example_Fail                             
1     0000a9d2  __TI_enable_exit_profile_output          
1     0000a9d4  __TI_cleanup_ptr                         
1     0000a9d6  __TI_dtors_ptr                           
1     0000a9d8  _lock                                    
1     0000a9da  _unlock                                  
abs   00000200  __TI_STACK_SIZE                          
abs   ffffffff  __TI_pprof_out_hndl                      
abs   ffffffff  __TI_prof_data_size                      
abs   ffffffff  __TI_prof_data_start                     
n/a   UNDEFED   __c_args__                               

[223 symbols]
