<?xml version="1.0" encoding="ISO-8859-1" ?>
<link_info>
   <banner>TMS320C2000 Linker PC v21.6.0.LTS</banner>
   <copyright>Copyright (c) 1996-2018 Texas Instruments Incorporated</copyright>
   <link_time>0x62b99843</link_time>
   <link_errors>0x0</link_errors>
   <output_file>28379d_CPU1_temp.out</output_file>
   <entry_point>
      <name>_c_int00</name>
      <address>0x837d0</address>
   </entry_point>
   <input_file_list>
      <input_file id="fl-2">
         <path>.\03_device\source\</path>
         <kind>object</kind>
         <file>adc.obj</file>
         <name>adc.obj</name>
      </input_file>
      <input_file id="fl-3">
         <path>.\03_device\source\</path>
         <kind>object</kind>
         <file>asysctl.obj</file>
         <name>asysctl.obj</name>
      </input_file>
      <input_file id="fl-4">
         <path>.\03_device\source\</path>
         <kind>object</kind>
         <file>can.obj</file>
         <name>can.obj</name>
      </input_file>
      <input_file id="fl-5">
         <path>.\03_device\source\</path>
         <kind>object</kind>
         <file>cla.obj</file>
         <name>cla.obj</name>
      </input_file>
      <input_file id="fl-6">
         <path>.\03_device\source\</path>
         <kind>object</kind>
         <file>clb.obj</file>
         <name>clb.obj</name>
      </input_file>
      <input_file id="fl-7">
         <path>.\03_device\source\</path>
         <kind>object</kind>
         <file>cmpss.obj</file>
         <name>cmpss.obj</name>
      </input_file>
      <input_file id="fl-8">
         <path>.\03_device\source\</path>
         <kind>object</kind>
         <file>cputimer.obj</file>
         <name>cputimer.obj</name>
      </input_file>
      <input_file id="fl-9">
         <path>.\03_device\source\</path>
         <kind>object</kind>
         <file>dac.obj</file>
         <name>dac.obj</name>
      </input_file>
      <input_file id="fl-a">
         <path>.\03_device\source\</path>
         <kind>object</kind>
         <file>dcsm.obj</file>
         <name>dcsm.obj</name>
      </input_file>
      <input_file id="fl-b">
         <path>.\03_device\source\</path>
         <kind>object</kind>
         <file>dma.obj</file>
         <name>dma.obj</name>
      </input_file>
      <input_file id="fl-c">
         <path>.\03_device\source\</path>
         <kind>object</kind>
         <file>ecap.obj</file>
         <name>ecap.obj</name>
      </input_file>
      <input_file id="fl-d">
         <path>.\03_device\source\</path>
         <kind>object</kind>
         <file>emif.obj</file>
         <name>emif.obj</name>
      </input_file>
      <input_file id="fl-e">
         <path>.\03_device\source\</path>
         <kind>object</kind>
         <file>epwm.obj</file>
         <name>epwm.obj</name>
      </input_file>
      <input_file id="fl-f">
         <path>.\03_device\source\</path>
         <kind>object</kind>
         <file>eqep.obj</file>
         <name>eqep.obj</name>
      </input_file>
      <input_file id="fl-10">
         <path>.\03_device\source\</path>
         <kind>object</kind>
         <file>flash.obj</file>
         <name>flash.obj</name>
      </input_file>
      <input_file id="fl-11">
         <path>.\03_device\source\</path>
         <kind>object</kind>
         <file>gpio.obj</file>
         <name>gpio.obj</name>
      </input_file>
      <input_file id="fl-12">
         <path>.\03_device\source\</path>
         <kind>object</kind>
         <file>hrpwm.obj</file>
         <name>hrpwm.obj</name>
      </input_file>
      <input_file id="fl-13">
         <path>.\03_device\source\</path>
         <kind>object</kind>
         <file>i2c.obj</file>
         <name>i2c.obj</name>
      </input_file>
      <input_file id="fl-14">
         <path>.\03_device\source\</path>
         <kind>object</kind>
         <file>interrupt.obj</file>
         <name>interrupt.obj</name>
      </input_file>
      <input_file id="fl-15">
         <path>.\03_device\source\</path>
         <kind>object</kind>
         <file>ipc.obj</file>
         <name>ipc.obj</name>
      </input_file>
      <input_file id="fl-16">
         <path>.\03_device\source\</path>
         <kind>object</kind>
         <file>mcbsp.obj</file>
         <name>mcbsp.obj</name>
      </input_file>
      <input_file id="fl-17">
         <path>.\03_device\source\</path>
         <kind>object</kind>
         <file>memcfg.obj</file>
         <name>memcfg.obj</name>
      </input_file>
      <input_file id="fl-18">
         <path>.\03_device\source\</path>
         <kind>object</kind>
         <file>sci.obj</file>
         <name>sci.obj</name>
      </input_file>
      <input_file id="fl-19">
         <path>.\03_device\source\</path>
         <kind>object</kind>
         <file>sdfm.obj</file>
         <name>sdfm.obj</name>
      </input_file>
      <input_file id="fl-1a">
         <path>.\03_device\source\</path>
         <kind>object</kind>
         <file>spi.obj</file>
         <name>spi.obj</name>
      </input_file>
      <input_file id="fl-1b">
         <path>.\03_device\source\</path>
         <kind>object</kind>
         <file>sysctl.obj</file>
         <name>sysctl.obj</name>
      </input_file>
      <input_file id="fl-1c">
         <path>.\03_device\source\</path>
         <kind>object</kind>
         <file>upp.obj</file>
         <name>upp.obj</name>
      </input_file>
      <input_file id="fl-1d">
         <path>.\03_device\source\</path>
         <kind>object</kind>
         <file>usb.obj</file>
         <name>usb.obj</name>
      </input_file>
      <input_file id="fl-1e">
         <path>.\03_device\source\</path>
         <kind>object</kind>
         <file>version.obj</file>
         <name>version.obj</name>
      </input_file>
      <input_file id="fl-1f">
         <path>.\03_device\source\</path>
         <kind>object</kind>
         <file>xbar.obj</file>
         <name>xbar.obj</name>
      </input_file>
      <input_file id="fl-20">
         <path>.\04_common\source\</path>
         <kind>object</kind>
         <file>F2837xD_Adc.obj</file>
         <name>F2837xD_Adc.obj</name>
      </input_file>
      <input_file id="fl-21">
         <path>.\04_common\source\</path>
         <kind>object</kind>
         <file>F2837xD_CodeStartBranch.obj</file>
         <name>F2837xD_CodeStartBranch.obj</name>
      </input_file>
      <input_file id="fl-22">
         <path>.\04_common\source\</path>
         <kind>object</kind>
         <file>F2837xD_CpuTimers.obj</file>
         <name>F2837xD_CpuTimers.obj</name>
      </input_file>
      <input_file id="fl-23">
         <path>.\04_common\source\</path>
         <kind>object</kind>
         <file>F2837xD_DBGIER.obj</file>
         <name>F2837xD_DBGIER.obj</name>
      </input_file>
      <input_file id="fl-24">
         <path>.\04_common\source\</path>
         <kind>object</kind>
         <file>F2837xD_DefaultISR.obj</file>
         <name>F2837xD_DefaultISR.obj</name>
      </input_file>
      <input_file id="fl-25">
         <path>.\04_common\source\</path>
         <kind>object</kind>
         <file>F2837xD_Dma.obj</file>
         <name>F2837xD_Dma.obj</name>
      </input_file>
      <input_file id="fl-26">
         <path>.\04_common\source\</path>
         <kind>object</kind>
         <file>F2837xD_ECap.obj</file>
         <name>F2837xD_ECap.obj</name>
      </input_file>
      <input_file id="fl-27">
         <path>.\04_common\source\</path>
         <kind>object</kind>
         <file>F2837xD_EPwm.obj</file>
         <name>F2837xD_EPwm.obj</name>
      </input_file>
      <input_file id="fl-28">
         <path>.\04_common\source\</path>
         <kind>object</kind>
         <file>F2837xD_EQep.obj</file>
         <name>F2837xD_EQep.obj</name>
      </input_file>
      <input_file id="fl-29">
         <path>.\04_common\source\</path>
         <kind>object</kind>
         <file>F2837xD_Emif.obj</file>
         <name>F2837xD_Emif.obj</name>
      </input_file>
      <input_file id="fl-2a">
         <path>.\04_common\source\</path>
         <kind>object</kind>
         <file>F2837xD_Gpio.obj</file>
         <name>F2837xD_Gpio.obj</name>
      </input_file>
      <input_file id="fl-2b">
         <path>.\04_common\source\</path>
         <kind>object</kind>
         <file>F2837xD_I2C.obj</file>
         <name>F2837xD_I2C.obj</name>
      </input_file>
      <input_file id="fl-2c">
         <path>.\04_common\source\</path>
         <kind>object</kind>
         <file>F2837xD_Ipc.obj</file>
         <name>F2837xD_Ipc.obj</name>
      </input_file>
      <input_file id="fl-2d">
         <path>.\04_common\source\</path>
         <kind>object</kind>
         <file>F2837xD_Ipc_Driver.obj</file>
         <name>F2837xD_Ipc_Driver.obj</name>
      </input_file>
      <input_file id="fl-2e">
         <path>.\04_common\source\</path>
         <kind>object</kind>
         <file>F2837xD_Ipc_Driver_Lite.obj</file>
         <name>F2837xD_Ipc_Driver_Lite.obj</name>
      </input_file>
      <input_file id="fl-2f">
         <path>.\04_common\source\</path>
         <kind>object</kind>
         <file>F2837xD_Ipc_Driver_Util.obj</file>
         <name>F2837xD_Ipc_Driver_Util.obj</name>
      </input_file>
      <input_file id="fl-30">
         <path>.\04_common\source\</path>
         <kind>object</kind>
         <file>F2837xD_Mcbsp.obj</file>
         <name>F2837xD_Mcbsp.obj</name>
      </input_file>
      <input_file id="fl-31">
         <path>.\04_common\source\</path>
         <kind>object</kind>
         <file>F2837xD_SWPrioritizedPieVect.obj</file>
         <name>F2837xD_SWPrioritizedPieVect.obj</name>
      </input_file>
      <input_file id="fl-32">
         <path>.\04_common\source\</path>
         <kind>object</kind>
         <file>F2837xD_Sci.obj</file>
         <name>F2837xD_Sci.obj</name>
      </input_file>
      <input_file id="fl-33">
         <path>.\04_common\source\</path>
         <kind>object</kind>
         <file>F2837xD_Spi.obj</file>
         <name>F2837xD_Spi.obj</name>
      </input_file>
      <input_file id="fl-34">
         <path>.\04_common\source\</path>
         <kind>object</kind>
         <file>F2837xD_SysCtrl.obj</file>
         <name>F2837xD_SysCtrl.obj</name>
      </input_file>
      <input_file id="fl-35">
         <path>.\04_common\source\</path>
         <kind>object</kind>
         <file>F2837xD_TempSensorConv.obj</file>
         <name>F2837xD_TempSensorConv.obj</name>
      </input_file>
      <input_file id="fl-36">
         <path>.\04_common\source\</path>
         <kind>object</kind>
         <file>F2837xD_Upp.obj</file>
         <name>F2837xD_Upp.obj</name>
      </input_file>
      <input_file id="fl-37">
         <path>.\04_common\source\</path>
         <kind>object</kind>
         <file>F2837xD_can.obj</file>
         <name>F2837xD_can.obj</name>
      </input_file>
      <input_file id="fl-38">
         <path>.\04_common\source\</path>
         <kind>object</kind>
         <file>F2837xD_sci_io.obj</file>
         <name>F2837xD_sci_io.obj</name>
      </input_file>
      <input_file id="fl-39">
         <path>.\04_common\source\</path>
         <kind>object</kind>
         <file>F2837xD_sdfm_drivers.obj</file>
         <name>F2837xD_sdfm_drivers.obj</name>
      </input_file>
      <input_file id="fl-3a">
         <path>.\04_common\source\</path>
         <kind>object</kind>
         <file>F2837xD_struct.obj</file>
         <name>F2837xD_struct.obj</name>
      </input_file>
      <input_file id="fl-3b">
         <path>.\04_common\source\</path>
         <kind>object</kind>
         <file>F2837xD_usDelay.obj</file>
         <name>F2837xD_usDelay.obj</name>
      </input_file>
      <input_file id="fl-3c">
         <path>.\04_common\source\</path>
         <kind>object</kind>
         <file>device.obj</file>
         <name>device.obj</name>
      </input_file>
      <input_file id="fl-3d">
         <path>.\05_headers\source\</path>
         <kind>object</kind>
         <file>F2837xD_GlobalVariableDefs.obj</file>
         <name>F2837xD_GlobalVariableDefs.obj</name>
      </input_file>
      <input_file id="fl-3e">
         <path>.\06_user\</path>
         <kind>object</kind>
         <file>main_cpu1.obj</file>
         <name>main_cpu1.obj</name>
      </input_file>
      <input_file id="fl-3f">
         <path>.\07_driver\drv8323\</path>
         <kind>object</kind>
         <file>drv8323.obj</file>
         <name>drv8323.obj</name>
      </input_file>
      <input_file id="fl-48">
         <kind>object</kind>
         <file>&lt;internal&gt;</file>
         <name>&lt;internal&gt;</name>
      </input_file>
      <input_file id="fl-49">
         <path>..\02_math_lib\</path>
         <kind>archive</kind>
         <file>rts2800_fpu32_eabi.lib</file>
         <name>boot28.asm.obj</name>
      </input_file>
      <input_file id="fl-4a">
         <path>..\02_math_lib\</path>
         <kind>archive</kind>
         <file>rts2800_fpu32_eabi.lib</file>
         <name>fd_add28.asm.obj</name>
      </input_file>
      <input_file id="fl-4b">
         <path>..\02_math_lib\</path>
         <kind>archive</kind>
         <file>rts2800_fpu32_eabi.lib</file>
         <name>fd_cmp28.asm.obj</name>
      </input_file>
      <input_file id="fl-4c">
         <path>..\02_math_lib\</path>
         <kind>archive</kind>
         <file>rts2800_fpu32_eabi.lib</file>
         <name>fd_mpy28.asm.obj</name>
      </input_file>
      <input_file id="fl-4d">
         <path>..\02_math_lib\</path>
         <kind>archive</kind>
         <file>rts2800_fpu32_eabi.lib</file>
         <name>fd_toi28.asm.obj</name>
      </input_file>
      <input_file id="fl-4e">
         <path>..\02_math_lib\</path>
         <kind>archive</kind>
         <file>rts2800_fpu32_eabi.lib</file>
         <name>fs_div28.asm.obj</name>
      </input_file>
      <input_file id="fl-4f">
         <path>..\02_math_lib\</path>
         <kind>archive</kind>
         <file>rts2800_fpu32_eabi.lib</file>
         <name>ll_aox28.asm.obj</name>
      </input_file>
      <input_file id="fl-50">
         <path>..\02_math_lib\</path>
         <kind>archive</kind>
         <file>rts2800_fpu32_eabi.lib</file>
         <name>ll_cmp28.asm.obj</name>
      </input_file>
      <input_file id="fl-51">
         <path>..\02_math_lib\</path>
         <kind>archive</kind>
         <file>rts2800_fpu32_eabi.lib</file>
         <name>i_tofd28.asm.obj</name>
      </input_file>
      <input_file id="fl-52">
         <path>..\02_math_lib\</path>
         <kind>archive</kind>
         <file>rts2800_fpu32_eabi.lib</file>
         <name>fs_tofdfpu32.asm.obj</name>
      </input_file>
      <input_file id="fl-53">
         <path>..\02_math_lib\</path>
         <kind>archive</kind>
         <file>rts2800_fpu32_eabi.lib</file>
         <name>fd_div28.asm.obj</name>
      </input_file>
      <input_file id="fl-54">
         <path>..\02_math_lib\</path>
         <kind>archive</kind>
         <file>rts2800_fpu32_eabi.lib</file>
         <name>memcpy.c.obj</name>
      </input_file>
      <input_file id="fl-55">
         <path>..\02_math_lib\</path>
         <kind>archive</kind>
         <file>rts2800_fpu32_eabi.lib</file>
         <name>pre_init.c.obj</name>
      </input_file>
      <input_file id="fl-56">
         <path>..\02_math_lib\</path>
         <kind>archive</kind>
         <file>rts2800_fpu32_eabi.lib</file>
         <name>autoinit.c.obj</name>
      </input_file>
      <input_file id="fl-57">
         <path>..\02_math_lib\</path>
         <kind>archive</kind>
         <file>rts2800_fpu32_eabi.lib</file>
         <name>copy_zero_init.c.obj</name>
      </input_file>
      <input_file id="fl-58">
         <path>..\02_math_lib\</path>
         <kind>archive</kind>
         <file>rts2800_fpu32_eabi.lib</file>
         <name>copy_decompress_none.c.obj</name>
      </input_file>
      <input_file id="fl-59">
         <path>..\02_math_lib\</path>
         <kind>archive</kind>
         <file>rts2800_fpu32_eabi.lib</file>
         <name>copy_decompress_lzss.c.obj</name>
      </input_file>
      <input_file id="fl-5a">
         <path>..\02_math_lib\</path>
         <kind>archive</kind>
         <file>rts2800_fpu32_eabi.lib</file>
         <name>exit.c.obj</name>
      </input_file>
      <input_file id="fl-5b">
         <path>..\02_math_lib\</path>
         <kind>archive</kind>
         <file>rts2800_fpu32_eabi.lib</file>
         <name>_lock.c.obj</name>
      </input_file>
      <input_file id="fl-5c">
         <path>..\02_math_lib\</path>
         <kind>archive</kind>
         <file>rts2800_fpu32_eabi.lib</file>
         <name>args_main.c.obj</name>
      </input_file>
      <input_file id="fl-5d">
         <path>..\02_math_lib\</path>
         <kind>archive</kind>
         <file>rts2800_fpu32_eabi.lib</file>
         <name>memset.c.obj</name>
      </input_file>
      <input_file id="fl-5e">
         <path>..\02_math_lib\</path>
         <kind>archive</kind>
         <file>rts2800_fpu32_eabi.lib</file>
         <name>cpy_tbl.c.obj</name>
      </input_file>
      <input_file id="fl-5f">
         <path>..\02_math_lib\</path>
         <kind>archive</kind>
         <file>rts2800_fpu32_eabi.lib</file>
         <name>startup.c.obj</name>
      </input_file>
   </input_file_list>
   <object_component_list>
      <object_component id="oc-2cf">
         <name>.cinit..data.load</name>
         <load_address>0x83810</load_address>
         <run_address>0x83810</run_address>
         <size>0xa</size>
      </object_component>
      <object_component id="oc-2cd">
         <name>__TI_handler_table</name>
         <load_address>0x8381a</load_address>
         <run_address>0x8381a</run_address>
         <size>0x4</size>
      </object_component>
      <object_component id="oc-2ce">
         <name>__TI_cinit_table</name>
         <load_address>0x83820</load_address>
         <run_address>0x83820</run_address>
         <size>0x4</size>
      </object_component>
      <object_component id="oc-b4">
         <name>.text:retain</name>
         <load_address>0x82000</load_address>
         <run_address>0x82000</run_address>
         <size>0x585</size>
         <input_file_ref idref="fl-24"/>
      </object_component>
      <object_component id="oc-1cd">
         <name>.text</name>
         <load_address>0x82585</load_address>
         <run_address>0x82585</run_address>
         <size>0x4ab</size>
         <input_file_ref idref="fl-1b"/>
      </object_component>
      <object_component id="oc-17f">
         <name>.text</name>
         <load_address>0x82a30</load_address>
         <run_address>0x82a30</run_address>
         <size>0x32a</size>
         <input_file_ref idref="fl-3c"/>
      </object_component>
      <object_component id="oc-173">
         <name>.text</name>
         <load_address>0x82d5a</load_address>
         <run_address>0x82d5a</run_address>
         <size>0x21c</size>
         <input_file_ref idref="fl-1a"/>
      </object_component>
      <object_component id="oc-1bc">
         <name>.text</name>
         <load_address>0x82f76</load_address>
         <run_address>0x82f76</run_address>
         <size>0x1cb</size>
         <input_file_ref idref="fl-2a"/>
      </object_component>
      <object_component id="oc-16d">
         <name>.text</name>
         <load_address>0x83141</load_address>
         <run_address>0x83141</run_address>
         <size>0x18c</size>
         <input_file_ref idref="fl-11"/>
      </object_component>
      <object_component id="oc-185">
         <name>.text</name>
         <load_address>0x832cd</load_address>
         <run_address>0x832cd</run_address>
         <size>0x154</size>
         <input_file_ref idref="fl-14"/>
      </object_component>
      <object_component id="oc-179">
         <name>.text</name>
         <load_address>0x83421</load_address>
         <run_address>0x83421</run_address>
         <size>0x14c</size>
         <input_file_ref idref="fl-2f"/>
      </object_component>
      <object_component id="oc-136">
         <name>.text</name>
         <load_address>0x8356d</load_address>
         <run_address>0x8356d</run_address>
         <size>0x139</size>
         <input_file_ref idref="fl-3e"/>
      </object_component>
      <object_component id="oc-207">
         <name>.text</name>
         <load_address>0x836a6</load_address>
         <run_address>0x836a6</run_address>
         <size>0x88</size>
         <input_file_ref idref="fl-4e"/>
      </object_component>
      <object_component id="oc-97">
         <name>.text:decompress:lzss</name>
         <load_address>0x8372e</load_address>
         <run_address>0x8372e</run_address>
         <size>0x31</size>
         <input_file_ref idref="fl-59"/>
      </object_component>
      <object_component id="oc-106">
         <name>.text:__TI_auto_init_nobinit_nopinit</name>
         <load_address>0x8375f</load_address>
         <run_address>0x8375f</run_address>
         <size>0x2b</size>
         <input_file_ref idref="fl-56"/>
      </object_component>
      <object_component id="oc-e1">
         <name>.text</name>
         <load_address>0x8378a</load_address>
         <run_address>0x8378a</run_address>
         <size>0x29</size>
         <input_file_ref idref="fl-5a"/>
      </object_component>
      <object_component id="oc-c0">
         <name>.text</name>
         <load_address>0x837b3</load_address>
         <run_address>0x837b3</run_address>
         <size>0x1d</size>
         <input_file_ref idref="fl-54"/>
      </object_component>
      <object_component id="oc-a4">
         <name>.text</name>
         <load_address>0x837d0</load_address>
         <run_address>0x837d0</run_address>
         <size>0x17</size>
         <input_file_ref idref="fl-49"/>
      </object_component>
      <object_component id="oc-db">
         <name>.text</name>
         <load_address>0x837e7</load_address>
         <run_address>0x837e7</run_address>
         <size>0xc</size>
         <input_file_ref idref="fl-5c"/>
      </object_component>
      <object_component id="oc-193">
         <name>.text</name>
         <load_address>0x837f3</load_address>
         <run_address>0x837f3</run_address>
         <size>0x9</size>
         <input_file_ref idref="fl-5b"/>
      </object_component>
      <object_component id="oc-e8">
         <name>.text</name>
         <load_address>0x837fc</load_address>
         <run_address>0x837fc</run_address>
         <size>0x8</size>
         <input_file_ref idref="fl-21"/>
      </object_component>
      <object_component id="oc-9d">
         <name>.text:decompress:none</name>
         <load_address>0x83804</load_address>
         <run_address>0x83804</run_address>
         <size>0x8</size>
         <input_file_ref idref="fl-58"/>
      </object_component>
      <object_component id="oc-d4">
         <name>.text</name>
         <load_address>0x8380c</load_address>
         <run_address>0x8380c</run_address>
         <size>0x2</size>
         <input_file_ref idref="fl-55"/>
      </object_component>
      <object_component id="oc-158">
         <name>.text</name>
         <load_address>0x8380e</load_address>
         <run_address>0x8380e</run_address>
         <size>0x1</size>
         <input_file_ref idref="fl-5f"/>
      </object_component>
      <object_component id="oc-af">
         <name>codestart</name>
         <load_address>0x80000</load_address>
         <run_address>0x80000</run_address>
         <size>0x2</size>
         <input_file_ref idref="fl-21"/>
      </object_component>
      <object_component id="oc-bd">
         <name>.stack</name>
         <uninitialized>true</uninitialized>
         <run_address>0x400</run_address>
         <size>0x0</size>
         <input_file_ref idref="fl-49"/>
      </object_component>
      <object_component id="oc-2d0">
         <name>.stack</name>
         <uninitialized>true</uninitialized>
         <run_address>0x400</run_address>
         <size>0x0</size>
      </object_component>
      <object_component id="oc-1c4">
         <name>.data</name>
         <load_address>0xa800</load_address>
         <run_address>0xa800</run_address>
         <size>0x6</size>
         <input_file_ref idref="fl-3c"/>
      </object_component>
      <object_component id="oc-13e">
         <name>.data</name>
         <load_address>0xa806</load_address>
         <run_address>0xa806</run_address>
         <size>0x6</size>
         <input_file_ref idref="fl-5a"/>
      </object_component>
      <object_component id="oc-141">
         <name>.data:_lock</name>
         <load_address>0xa80c</load_address>
         <run_address>0xa80c</run_address>
         <size>0x2</size>
         <input_file_ref idref="fl-5b"/>
      </object_component>
      <object_component id="oc-1da">
         <name>.data:_unlock</name>
         <load_address>0xa80e</load_address>
         <run_address>0xa80e</run_address>
         <size>0x2</size>
         <input_file_ref idref="fl-5b"/>
      </object_component>
      <object_component id="oc-ba">
         <name>.const</name>
         <load_address>0x90000</load_address>
         <run_address>0x90000</run_address>
         <size>0x1c0</size>
         <input_file_ref idref="fl-31"/>
      </object_component>
      <object_component id="oc-1c7">
         <name>.TI.ramfunc</name>
         <load_address>0x86000</load_address>
         <run_address>0x8000</run_address>
         <size>0x6d</size>
         <input_file_ref idref="fl-10"/>
      </object_component>
      <object_component id="oc-18b">
         <name>.TI.ramfunc</name>
         <load_address>0x8606d</load_address>
         <run_address>0x806d</run_address>
         <size>0x4</size>
         <input_file_ref idref="fl-1b"/>
      </object_component>
      <object_component id="oc-1b3">
         <name>ClkCfgRegsFile</name>
         <uninitialized>true</uninitialized>
         <run_address>0x5d200</run_address>
         <size>0x32</size>
         <input_file_ref idref="fl-3d"/>
      </object_component>
      <object_component id="oc-1b6">
         <name>CpuSysRegsFile</name>
         <uninitialized>true</uninitialized>
         <run_address>0x5d300</run_address>
         <size>0x82</size>
         <input_file_ref idref="fl-3d"/>
      </object_component>
      <object_component id="oc-1b9">
         <name>DevCfgRegsFile</name>
         <uninitialized>true</uninitialized>
         <run_address>0x5d000</run_address>
         <size>0x12e</size>
         <input_file_ref idref="fl-3d"/>
      </object_component>
      <object_component id="oc-1b0">
         <name>GpioCtrlRegsFile</name>
         <uninitialized>true</uninitialized>
         <run_address>0x7c00</run_address>
         <size>0x180</size>
         <input_file_ref idref="fl-3d"/>
      </object_component>
      <object_component id="oc-1f8">
         <name>GpioDataRegsFile</name>
         <uninitialized>true</uninitialized>
         <run_address>0x7f00</run_address>
         <size>0x30</size>
         <input_file_ref idref="fl-3d"/>
      </object_component>
      <object_component id="oc-1fb">
         <name>InputXbarRegsFile</name>
         <uninitialized>true</uninitialized>
         <run_address>0x7900</run_address>
         <size>0x20</size>
         <input_file_ref idref="fl-3d"/>
      </object_component>
      <object_component id="oc-1ad">
         <name>IpcRegsFile</name>
         <uninitialized>true</uninitialized>
         <run_address>0x50000</run_address>
         <size>0x24</size>
         <input_file_ref idref="fl-3d"/>
      </object_component>
      <object_component id="oc-206">
         <name>.debug_types</name>
         <load_address>0x0</load_address>
         <run_address>0x0</run_address>
         <size>0x5ea</size>
         <input_file_ref idref="fl-10"/>
      </object_component>
      <object_component id="oc-1aa">
         <name>.debug_types</name>
         <load_address>0x5ea</load_address>
         <run_address>0x5ea</run_address>
         <size>0x695</size>
         <input_file_ref idref="fl-11"/>
      </object_component>
      <object_component id="oc-1d6">
         <name>.debug_types</name>
         <load_address>0x0</load_address>
         <run_address>0x0</run_address>
         <size>0x0</size>
         <input_file_ref idref="fl-14"/>
      </object_component>
      <object_component id="oc-1ac">
         <name>.debug_types</name>
         <load_address>0xc7f</load_address>
         <run_address>0xc7f</run_address>
         <size>0x785</size>
         <input_file_ref idref="fl-1a"/>
      </object_component>
      <object_component id="oc-20d">
         <name>.debug_types</name>
         <load_address>0x1404</load_address>
         <run_address>0x1404</run_address>
         <size>0x3a1</size>
         <input_file_ref idref="fl-1b"/>
      </object_component>
      <object_component id="oc-ef">
         <name>.debug_types</name>
         <load_address>0x0</load_address>
         <run_address>0x0</run_address>
         <size>0x0</size>
         <input_file_ref idref="fl-24"/>
      </object_component>
      <object_component id="oc-1ff">
         <name>.debug_types</name>
         <load_address>0x17a5</load_address>
         <run_address>0x17a5</run_address>
         <size>0x1ad46</size>
         <input_file_ref idref="fl-2a"/>
      </object_component>
      <object_component id="oc-1c3">
         <name>.debug_types</name>
         <load_address>0x1c4eb</load_address>
         <run_address>0x1c4eb</run_address>
         <size>0x5230</size>
         <input_file_ref idref="fl-2f"/>
      </object_component>
      <object_component id="oc-f2">
         <name>.debug_types</name>
         <load_address>0x2171b</load_address>
         <run_address>0x2171b</run_address>
         <size>0x1cc5</size>
         <input_file_ref idref="fl-31"/>
      </object_component>
      <object_component id="oc-1d4">
         <name>.debug_types</name>
         <load_address>0x233e0</load_address>
         <run_address>0x233e0</run_address>
         <size>0xcd4</size>
         <input_file_ref idref="fl-3c"/>
      </object_component>
      <object_component id="oc-1ef">
         <name>.debug_types</name>
         <load_address>0x240b4</load_address>
         <run_address>0x240b4</run_address>
         <size>0x3dfdf</size>
         <input_file_ref idref="fl-3d"/>
      </object_component>
      <object_component id="oc-18d">
         <name>.debug_types</name>
         <load_address>0x62093</load_address>
         <run_address>0x62093</run_address>
         <size>0x2a9d</size>
         <input_file_ref idref="fl-3e"/>
      </object_component>
      <object_component id="oc-f7">
         <name>.debug_types</name>
         <load_address>0x64b30</load_address>
         <run_address>0x64b30</run_address>
         <size>0xb4</size>
         <input_file_ref idref="fl-54"/>
      </object_component>
      <object_component id="oc-105">
         <name>.debug_types</name>
         <load_address>0x0</load_address>
         <run_address>0x0</run_address>
         <size>0x0</size>
         <input_file_ref idref="fl-55"/>
      </object_component>
      <object_component id="oc-15f">
         <name>.debug_types</name>
         <load_address>0x64be4</load_address>
         <run_address>0x64be4</run_address>
         <size>0x441</size>
         <input_file_ref idref="fl-56"/>
      </object_component>
      <object_component id="oc-c7">
         <name>.debug_types</name>
         <load_address>0x65025</load_address>
         <run_address>0x65025</run_address>
         <size>0x194</size>
         <input_file_ref idref="fl-58"/>
      </object_component>
      <object_component id="oc-bf">
         <name>.debug_types</name>
         <load_address>0x651b9</load_address>
         <run_address>0x651b9</run_address>
         <size>0x191</size>
         <input_file_ref idref="fl-59"/>
      </object_component>
      <object_component id="oc-145">
         <name>.debug_types</name>
         <load_address>0x6534a</load_address>
         <run_address>0x6534a</run_address>
         <size>0xbf</size>
         <input_file_ref idref="fl-5a"/>
      </object_component>
      <object_component id="oc-19b">
         <name>.debug_types</name>
         <load_address>0x65409</load_address>
         <run_address>0x65409</run_address>
         <size>0x2f</size>
         <input_file_ref idref="fl-5b"/>
      </object_component>
      <object_component id="oc-13d">
         <name>.debug_types</name>
         <load_address>0x65438</load_address>
         <run_address>0x65438</run_address>
         <size>0xe1</size>
         <input_file_ref idref="fl-5c"/>
      </object_component>
      <object_component id="oc-1a3">
         <name>.debug_types</name>
         <load_address>0x0</load_address>
         <run_address>0x0</run_address>
         <size>0x0</size>
         <input_file_ref idref="fl-5f"/>
      </object_component>
      <object_component id="oc-1ca">
         <name>.debug_info</name>
         <load_address>0x0</load_address>
         <run_address>0x0</run_address>
         <size>0x2d0</size>
         <input_file_ref idref="fl-10"/>
      </object_component>
      <object_component id="oc-16f">
         <name>.debug_info</name>
         <load_address>0x2d0</load_address>
         <run_address>0x2d0</run_address>
         <size>0x874</size>
         <input_file_ref idref="fl-11"/>
      </object_component>
      <object_component id="oc-186">
         <name>.debug_info</name>
         <load_address>0xb44</load_address>
         <run_address>0xb44</run_address>
         <size>0x662</size>
         <input_file_ref idref="fl-14"/>
      </object_component>
      <object_component id="oc-174">
         <name>.debug_info</name>
         <load_address>0x11a6</load_address>
         <run_address>0x11a6</run_address>
         <size>0xe0a</size>
         <input_file_ref idref="fl-1a"/>
      </object_component>
      <object_component id="oc-1cf">
         <name>.debug_info</name>
         <load_address>0x1fb0</load_address>
         <run_address>0x1fb0</run_address>
         <size>0xaa0</size>
         <input_file_ref idref="fl-1b"/>
      </object_component>
      <object_component id="oc-b1">
         <name>.debug_info</name>
         <load_address>0x2a50</load_address>
         <run_address>0x2a50</run_address>
         <size>0x14a</size>
         <input_file_ref idref="fl-21"/>
      </object_component>
      <object_component id="oc-ea">
         <name>.debug_info</name>
         <load_address>0x2b9a</load_address>
         <run_address>0x2b9a</run_address>
         <size>0x14b</size>
         <input_file_ref idref="fl-21"/>
      </object_component>
      <object_component id="oc-b8">
         <name>.debug_info</name>
         <load_address>0x2ce5</load_address>
         <run_address>0x2ce5</run_address>
         <size>0x2db3</size>
         <input_file_ref idref="fl-24"/>
      </object_component>
      <object_component id="oc-1c0">
         <name>.debug_info</name>
         <load_address>0x5a98</load_address>
         <run_address>0x5a98</run_address>
         <size>0xa92</size>
         <input_file_ref idref="fl-2a"/>
      </object_component>
      <object_component id="oc-17a">
         <name>.debug_info</name>
         <load_address>0x652a</load_address>
         <run_address>0x652a</run_address>
         <size>0x781</size>
         <input_file_ref idref="fl-2f"/>
      </object_component>
      <object_component id="oc-bb">
         <name>.debug_info</name>
         <load_address>0x6cab</load_address>
         <run_address>0x6cab</run_address>
         <size>0x143</size>
         <input_file_ref idref="fl-31"/>
      </object_component>
      <object_component id="oc-1c5">
         <name>.debug_info</name>
         <load_address>0x6dee</load_address>
         <run_address>0x6dee</run_address>
         <size>0x18b</size>
         <input_file_ref idref="fl-3c"/>
      </object_component>
      <object_component id="oc-182">
         <name>.debug_info</name>
         <load_address>0x6f79</load_address>
         <run_address>0x6f79</run_address>
         <size>0xc57</size>
         <input_file_ref idref="fl-3c"/>
      </object_component>
      <object_component id="oc-1fc">
         <name>.debug_info</name>
         <load_address>0x7bd0</load_address>
         <run_address>0x7bd0</run_address>
         <size>0x13c</size>
         <input_file_ref idref="fl-3d"/>
      </object_component>
      <object_component id="oc-1ae">
         <name>.debug_info</name>
         <load_address>0x7d0c</load_address>
         <run_address>0x7d0c</run_address>
         <size>0x130</size>
         <input_file_ref idref="fl-3d"/>
      </object_component>
      <object_component id="oc-1f9">
         <name>.debug_info</name>
         <load_address>0x7e3c</load_address>
         <run_address>0x7e3c</run_address>
         <size>0x13a</size>
         <input_file_ref idref="fl-3d"/>
      </object_component>
      <object_component id="oc-1b4">
         <name>.debug_info</name>
         <load_address>0x7f76</load_address>
         <run_address>0x7f76</run_address>
         <size>0x136</size>
         <input_file_ref idref="fl-3d"/>
      </object_component>
      <object_component id="oc-1b7">
         <name>.debug_info</name>
         <load_address>0x80ac</load_address>
         <run_address>0x80ac</run_address>
         <size>0x136</size>
         <input_file_ref idref="fl-3d"/>
      </object_component>
      <object_component id="oc-1ba">
         <name>.debug_info</name>
         <load_address>0x81e2</load_address>
         <run_address>0x81e2</run_address>
         <size>0x136</size>
         <input_file_ref idref="fl-3d"/>
      </object_component>
      <object_component id="oc-1b1">
         <name>.debug_info</name>
         <load_address>0x8318</load_address>
         <run_address>0x8318</run_address>
         <size>0x13a</size>
         <input_file_ref idref="fl-3d"/>
      </object_component>
      <object_component id="oc-138">
         <name>.debug_info</name>
         <load_address>0x8452</load_address>
         <run_address>0x8452</run_address>
         <size>0x702</size>
         <input_file_ref idref="fl-3e"/>
      </object_component>
      <object_component id="oc-a5">
         <name>.debug_info</name>
         <load_address>0x8b54</load_address>
         <run_address>0x8b54</run_address>
         <size>0x158</size>
         <input_file_ref idref="fl-49"/>
      </object_component>
      <object_component id="oc-20a">
         <name>.debug_info</name>
         <load_address>0x8cac</load_address>
         <run_address>0x8cac</run_address>
         <size>0x127</size>
         <input_file_ref idref="fl-4e"/>
      </object_component>
      <object_component id="oc-c1">
         <name>.debug_info</name>
         <load_address>0x8dd3</load_address>
         <run_address>0x8dd3</run_address>
         <size>0x19b</size>
         <input_file_ref idref="fl-54"/>
      </object_component>
      <object_component id="oc-d7">
         <name>.debug_info</name>
         <load_address>0x8f6e</load_address>
         <run_address>0x8f6e</run_address>
         <size>0x14d</size>
         <input_file_ref idref="fl-55"/>
      </object_component>
      <object_component id="oc-107">
         <name>.debug_info</name>
         <load_address>0x90bb</load_address>
         <run_address>0x90bb</run_address>
         <size>0x1bf</size>
         <input_file_ref idref="fl-56"/>
      </object_component>
      <object_component id="oc-9f">
         <name>.debug_info</name>
         <load_address>0x927a</load_address>
         <run_address>0x927a</run_address>
         <size>0x1b7</size>
         <input_file_ref idref="fl-58"/>
      </object_component>
      <object_component id="oc-99">
         <name>.debug_info</name>
         <load_address>0x9431</load_address>
         <run_address>0x9431</run_address>
         <size>0x20c</size>
         <input_file_ref idref="fl-59"/>
      </object_component>
      <object_component id="oc-13f">
         <name>.debug_info</name>
         <load_address>0x963d</load_address>
         <run_address>0x963d</run_address>
         <size>0x19e</size>
         <input_file_ref idref="fl-5a"/>
      </object_component>
      <object_component id="oc-e4">
         <name>.debug_info</name>
         <load_address>0x97db</load_address>
         <run_address>0x97db</run_address>
         <size>0x1a9</size>
         <input_file_ref idref="fl-5a"/>
      </object_component>
      <object_component id="oc-142">
         <name>.debug_info</name>
         <load_address>0x9984</load_address>
         <run_address>0x9984</run_address>
         <size>0x107</size>
         <input_file_ref idref="fl-5b"/>
      </object_component>
      <object_component id="oc-1db">
         <name>.debug_info</name>
         <load_address>0x9a8b</load_address>
         <run_address>0x9a8b</run_address>
         <size>0x10b</size>
         <input_file_ref idref="fl-5b"/>
      </object_component>
      <object_component id="oc-194">
         <name>.debug_info</name>
         <load_address>0x9b96</load_address>
         <run_address>0x9b96</run_address>
         <size>0x203</size>
         <input_file_ref idref="fl-5b"/>
      </object_component>
      <object_component id="oc-dc">
         <name>.debug_info</name>
         <load_address>0x9d99</load_address>
         <run_address>0x9d99</run_address>
         <size>0x15d</size>
         <input_file_ref idref="fl-5c"/>
      </object_component>
      <object_component id="oc-15a">
         <name>.debug_info</name>
         <load_address>0x9ef6</load_address>
         <run_address>0x9ef6</run_address>
         <size>0x147</size>
         <input_file_ref idref="fl-5f"/>
      </object_component>
      <object_component id="oc-2d2">
         <name>.debug_info</name>
         <load_address>0xa03d</load_address>
         <run_address>0xa03d</run_address>
         <size>0xd6</size>
      </object_component>
      <object_component id="oc-1c8">
         <name>.debug_line</name>
         <load_address>0x0</load_address>
         <run_address>0x0</run_address>
         <size>0x146</size>
         <input_file_ref idref="fl-10"/>
      </object_component>
      <object_component id="oc-221">
         <name>.debug_line</name>
         <load_address>0x146</load_address>
         <run_address>0x146</run_address>
         <size>0xb8</size>
         <input_file_ref idref="fl-10"/>
      </object_component>
      <object_component id="oc-172">
         <name>.debug_line</name>
         <load_address>0x1fe</load_address>
         <run_address>0x1fe</run_address>
         <size>0x246</size>
         <input_file_ref idref="fl-11"/>
      </object_component>
      <object_component id="oc-1e8">
         <name>.debug_line</name>
         <load_address>0x444</load_address>
         <run_address>0x444</run_address>
         <size>0xb6</size>
         <input_file_ref idref="fl-11"/>
      </object_component>
      <object_component id="oc-18a">
         <name>.debug_line</name>
         <load_address>0x4fa</load_address>
         <run_address>0x4fa</run_address>
         <size>0x248</size>
         <input_file_ref idref="fl-14"/>
      </object_component>
      <object_component id="oc-212">
         <name>.debug_line</name>
         <load_address>0x742</load_address>
         <run_address>0x742</run_address>
         <size>0x21</size>
         <input_file_ref idref="fl-14"/>
      </object_component>
      <object_component id="oc-177">
         <name>.debug_line</name>
         <load_address>0x763</load_address>
         <run_address>0x763</run_address>
         <size>0x472</size>
         <input_file_ref idref="fl-1a"/>
      </object_component>
      <object_component id="oc-1eb">
         <name>.debug_line</name>
         <load_address>0xbd5</load_address>
         <run_address>0xbd5</run_address>
         <size>0xb4</size>
         <input_file_ref idref="fl-1a"/>
      </object_component>
      <object_component id="oc-1ce">
         <name>.debug_line</name>
         <load_address>0xc89</load_address>
         <run_address>0xc89</run_address>
         <size>0x653</size>
         <input_file_ref idref="fl-1b"/>
      </object_component>
      <object_component id="oc-225">
         <name>.debug_line</name>
         <load_address>0x12dc</load_address>
         <run_address>0x12dc</run_address>
         <size>0x135</size>
         <input_file_ref idref="fl-1b"/>
      </object_component>
      <object_component id="oc-b3">
         <name>.debug_line</name>
         <load_address>0x1411</load_address>
         <run_address>0x1411</run_address>
         <size>0x5f</size>
         <input_file_ref idref="fl-21"/>
      </object_component>
      <object_component id="oc-e9">
         <name>.debug_line</name>
         <load_address>0x1470</load_address>
         <run_address>0x1470</run_address>
         <size>0x67</size>
         <input_file_ref idref="fl-21"/>
      </object_component>
      <object_component id="oc-b6">
         <name>.debug_line</name>
         <load_address>0x14d7</load_address>
         <run_address>0x14d7</run_address>
         <size>0xc64</size>
         <input_file_ref idref="fl-24"/>
      </object_component>
      <object_component id="oc-148">
         <name>.debug_line</name>
         <load_address>0x213b</load_address>
         <run_address>0x213b</run_address>
         <size>0x21</size>
         <input_file_ref idref="fl-24"/>
      </object_component>
      <object_component id="oc-1bf">
         <name>.debug_line</name>
         <load_address>0x215c</load_address>
         <run_address>0x215c</run_address>
         <size>0x280</size>
         <input_file_ref idref="fl-2a"/>
      </object_component>
      <object_component id="oc-21e">
         <name>.debug_line</name>
         <load_address>0x23dc</load_address>
         <run_address>0x23dc</run_address>
         <size>0x1aa</size>
         <input_file_ref idref="fl-2a"/>
      </object_component>
      <object_component id="oc-17d">
         <name>.debug_line</name>
         <load_address>0x2586</load_address>
         <run_address>0x2586</run_address>
         <size>0x1f8</size>
         <input_file_ref idref="fl-2f"/>
      </object_component>
      <object_component id="oc-201">
         <name>.debug_line</name>
         <load_address>0x277e</load_address>
         <run_address>0x277e</run_address>
         <size>0x1ae</size>
         <input_file_ref idref="fl-2f"/>
      </object_component>
      <object_component id="oc-f1">
         <name>.debug_line</name>
         <load_address>0x292c</load_address>
         <run_address>0x292c</run_address>
         <size>0x57</size>
         <input_file_ref idref="fl-31"/>
      </object_component>
      <object_component id="oc-14b">
         <name>.debug_line</name>
         <load_address>0x2983</load_address>
         <run_address>0x2983</run_address>
         <size>0x129</size>
         <input_file_ref idref="fl-31"/>
      </object_component>
      <object_component id="oc-204">
         <name>.debug_line</name>
         <load_address>0x2aac</load_address>
         <run_address>0x2aac</run_address>
         <size>0x41</size>
         <input_file_ref idref="fl-3c"/>
      </object_component>
      <object_component id="oc-181">
         <name>.debug_line</name>
         <load_address>0x2aed</load_address>
         <run_address>0x2aed</run_address>
         <size>0x479</size>
         <input_file_ref idref="fl-3c"/>
      </object_component>
      <object_component id="oc-20f">
         <name>.debug_line</name>
         <load_address>0x2f66</load_address>
         <run_address>0x2f66</run_address>
         <size>0x202</size>
         <input_file_ref idref="fl-3c"/>
      </object_component>
      <object_component id="oc-21c">
         <name>.debug_line</name>
         <load_address>0x3168</load_address>
         <run_address>0x3168</run_address>
         <size>0x56</size>
         <input_file_ref idref="fl-3d"/>
      </object_component>
      <object_component id="oc-1ee">
         <name>.debug_line</name>
         <load_address>0x31be</load_address>
         <run_address>0x31be</run_address>
         <size>0x56</size>
         <input_file_ref idref="fl-3d"/>
      </object_component>
      <object_component id="oc-21a">
         <name>.debug_line</name>
         <load_address>0x3214</load_address>
         <run_address>0x3214</run_address>
         <size>0x56</size>
         <input_file_ref idref="fl-3d"/>
      </object_component>
      <object_component id="oc-1f3">
         <name>.debug_line</name>
         <load_address>0x326a</load_address>
         <run_address>0x326a</run_address>
         <size>0x56</size>
         <input_file_ref idref="fl-3d"/>
      </object_component>
      <object_component id="oc-1f5">
         <name>.debug_line</name>
         <load_address>0x32c0</load_address>
         <run_address>0x32c0</run_address>
         <size>0x56</size>
         <input_file_ref idref="fl-3d"/>
      </object_component>
      <object_component id="oc-1f7">
         <name>.debug_line</name>
         <load_address>0x3316</load_address>
         <run_address>0x3316</run_address>
         <size>0x56</size>
         <input_file_ref idref="fl-3d"/>
      </object_component>
      <object_component id="oc-1f1">
         <name>.debug_line</name>
         <load_address>0x336c</load_address>
         <run_address>0x336c</run_address>
         <size>0x56</size>
         <input_file_ref idref="fl-3d"/>
      </object_component>
      <object_component id="oc-217">
         <name>.debug_line</name>
         <load_address>0x33c2</load_address>
         <run_address>0x33c2</run_address>
         <size>0xdb</size>
         <input_file_ref idref="fl-3d"/>
      </object_component>
      <object_component id="oc-137">
         <name>.debug_line</name>
         <load_address>0x349d</load_address>
         <run_address>0x349d</run_address>
         <size>0x336</size>
         <input_file_ref idref="fl-3e"/>
      </object_component>
      <object_component id="oc-1d8">
         <name>.debug_line</name>
         <load_address>0x37d3</load_address>
         <run_address>0x37d3</run_address>
         <size>0x280</size>
         <input_file_ref idref="fl-3e"/>
      </object_component>
      <object_component id="oc-a8">
         <name>.debug_line</name>
         <load_address>0x3a53</load_address>
         <run_address>0x3a53</run_address>
         <size>0x4f</size>
         <input_file_ref idref="fl-49"/>
      </object_component>
      <object_component id="oc-209">
         <name>.debug_line</name>
         <load_address>0x3aa2</load_address>
         <run_address>0x3aa2</run_address>
         <size>0xae</size>
         <input_file_ref idref="fl-4e"/>
      </object_component>
      <object_component id="oc-c5">
         <name>.debug_line</name>
         <load_address>0x3b50</load_address>
         <run_address>0x3b50</run_address>
         <size>0x63</size>
         <input_file_ref idref="fl-54"/>
      </object_component>
      <object_component id="oc-14e">
         <name>.debug_line</name>
         <load_address>0x3bb3</load_address>
         <run_address>0x3bb3</run_address>
         <size>0x21</size>
         <input_file_ref idref="fl-54"/>
      </object_component>
      <object_component id="oc-d9">
         <name>.debug_line</name>
         <load_address>0x3bd4</load_address>
         <run_address>0x3bd4</run_address>
         <size>0x3f</size>
         <input_file_ref idref="fl-55"/>
      </object_component>
      <object_component id="oc-156">
         <name>.debug_line</name>
         <load_address>0x3c13</load_address>
         <run_address>0x3c13</run_address>
         <size>0x21</size>
         <input_file_ref idref="fl-55"/>
      </object_component>
      <object_component id="oc-10a">
         <name>.debug_line</name>
         <load_address>0x3c34</load_address>
         <run_address>0x3c34</run_address>
         <size>0x74</size>
         <input_file_ref idref="fl-56"/>
      </object_component>
      <object_component id="oc-1a5">
         <name>.debug_line</name>
         <load_address>0x3ca8</load_address>
         <run_address>0x3ca8</run_address>
         <size>0x21</size>
         <input_file_ref idref="fl-56"/>
      </object_component>
      <object_component id="oc-a2">
         <name>.debug_line</name>
         <load_address>0x3cc9</load_address>
         <run_address>0x3cc9</run_address>
         <size>0x57</size>
         <input_file_ref idref="fl-58"/>
      </object_component>
      <object_component id="oc-f9">
         <name>.debug_line</name>
         <load_address>0x3d20</load_address>
         <run_address>0x3d20</run_address>
         <size>0x21</size>
         <input_file_ref idref="fl-58"/>
      </object_component>
      <object_component id="oc-9c">
         <name>.debug_line</name>
         <load_address>0x3d41</load_address>
         <run_address>0x3d41</run_address>
         <size>0x9a</size>
         <input_file_ref idref="fl-59"/>
      </object_component>
      <object_component id="oc-f4">
         <name>.debug_line</name>
         <load_address>0x3ddb</load_address>
         <run_address>0x3ddb</run_address>
         <size>0x21</size>
         <input_file_ref idref="fl-59"/>
      </object_component>
      <object_component id="oc-192">
         <name>.debug_line</name>
         <load_address>0x3dfc</load_address>
         <run_address>0x3dfc</run_address>
         <size>0x2b</size>
         <input_file_ref idref="fl-5a"/>
      </object_component>
      <object_component id="oc-e2">
         <name>.debug_line</name>
         <load_address>0x3e27</load_address>
         <run_address>0x3e27</run_address>
         <size>0x66</size>
         <input_file_ref idref="fl-5a"/>
      </object_component>
      <object_component id="oc-19d">
         <name>.debug_line</name>
         <load_address>0x3e8d</load_address>
         <run_address>0x3e8d</run_address>
         <size>0x21</size>
         <input_file_ref idref="fl-5a"/>
      </object_component>
      <object_component id="oc-19a">
         <name>.debug_line</name>
         <load_address>0x3eae</load_address>
         <run_address>0x3eae</run_address>
         <size>0x2c</size>
         <input_file_ref idref="fl-5b"/>
      </object_component>
      <object_component id="oc-215">
         <name>.debug_line</name>
         <load_address>0x3eda</load_address>
         <run_address>0x3eda</run_address>
         <size>0x2c</size>
         <input_file_ref idref="fl-5b"/>
      </object_component>
      <object_component id="oc-198">
         <name>.debug_line</name>
         <load_address>0x3f06</load_address>
         <run_address>0x3f06</run_address>
         <size>0x5f</size>
         <input_file_ref idref="fl-5b"/>
      </object_component>
      <object_component id="oc-1df">
         <name>.debug_line</name>
         <load_address>0x3f65</load_address>
         <run_address>0x3f65</run_address>
         <size>0x21</size>
         <input_file_ref idref="fl-5b"/>
      </object_component>
      <object_component id="oc-e0">
         <name>.debug_line</name>
         <load_address>0x3f86</load_address>
         <run_address>0x3f86</run_address>
         <size>0x4e</size>
         <input_file_ref idref="fl-5c"/>
      </object_component>
      <object_component id="oc-18f">
         <name>.debug_line</name>
         <load_address>0x3fd4</load_address>
         <run_address>0x3fd4</run_address>
         <size>0x30</size>
         <input_file_ref idref="fl-5c"/>
      </object_component>
      <object_component id="oc-15d">
         <name>.debug_line</name>
         <load_address>0x4004</load_address>
         <run_address>0x4004</run_address>
         <size>0x3b</size>
         <input_file_ref idref="fl-5f"/>
      </object_component>
      <object_component id="oc-1e2">
         <name>.debug_line</name>
         <load_address>0x403f</load_address>
         <run_address>0x403f</run_address>
         <size>0x21</size>
         <input_file_ref idref="fl-5f"/>
      </object_component>
      <object_component id="oc-1cc">
         <name>.debug_frame</name>
         <load_address>0x0</load_address>
         <run_address>0x0</run_address>
         <size>0x70</size>
         <input_file_ref idref="fl-10"/>
      </object_component>
      <object_component id="oc-16e">
         <name>.debug_frame</name>
         <load_address>0x70</load_address>
         <run_address>0x70</run_address>
         <size>0x13c</size>
         <input_file_ref idref="fl-11"/>
      </object_component>
      <object_component id="oc-189">
         <name>.debug_frame</name>
         <load_address>0x1ac</load_address>
         <run_address>0x1ac</run_address>
         <size>0x114</size>
         <input_file_ref idref="fl-14"/>
      </object_component>
      <object_component id="oc-178">
         <name>.debug_frame</name>
         <load_address>0x2c0</load_address>
         <run_address>0x2c0</run_address>
         <size>0x1d8</size>
         <input_file_ref idref="fl-1a"/>
      </object_component>
      <object_component id="oc-1d2">
         <name>.debug_frame</name>
         <load_address>0x498</load_address>
         <run_address>0x498</run_address>
         <size>0x188</size>
         <input_file_ref idref="fl-1b"/>
      </object_component>
      <object_component id="oc-b5">
         <name>.debug_frame</name>
         <load_address>0x620</load_address>
         <run_address>0x620</run_address>
         <size>0x11d0</size>
         <input_file_ref idref="fl-24"/>
      </object_component>
      <object_component id="oc-1be">
         <name>.debug_frame</name>
         <load_address>0x17f0</load_address>
         <run_address>0x17f0</run_address>
         <size>0x1b0</size>
         <input_file_ref idref="fl-2a"/>
      </object_component>
      <object_component id="oc-17e">
         <name>.debug_frame</name>
         <load_address>0x19a0</load_address>
         <run_address>0x19a0</run_address>
         <size>0xf4</size>
         <input_file_ref idref="fl-2f"/>
      </object_component>
      <object_component id="oc-184">
         <name>.debug_frame</name>
         <load_address>0x1a94</load_address>
         <run_address>0x1a94</run_address>
         <size>0x16c</size>
         <input_file_ref idref="fl-3c"/>
      </object_component>
      <object_component id="oc-13b">
         <name>.debug_frame</name>
         <load_address>0x1c00</load_address>
         <run_address>0x1c00</run_address>
         <size>0xb0</size>
         <input_file_ref idref="fl-3e"/>
      </object_component>
      <object_component id="oc-c4">
         <name>.debug_frame</name>
         <load_address>0x1cb0</load_address>
         <run_address>0x1cb0</run_address>
         <size>0x40</size>
         <input_file_ref idref="fl-54"/>
      </object_component>
      <object_component id="oc-d5">
         <name>.debug_frame</name>
         <load_address>0x1cf0</load_address>
         <run_address>0x1cf0</run_address>
         <size>0x40</size>
         <input_file_ref idref="fl-55"/>
      </object_component>
      <object_component id="oc-10b">
         <name>.debug_frame</name>
         <load_address>0x1d30</load_address>
         <run_address>0x1d30</run_address>
         <size>0x58</size>
         <input_file_ref idref="fl-56"/>
      </object_component>
      <object_component id="oc-9e">
         <name>.debug_frame</name>
         <load_address>0x1d88</load_address>
         <run_address>0x1d88</run_address>
         <size>0x40</size>
         <input_file_ref idref="fl-58"/>
      </object_component>
      <object_component id="oc-98">
         <name>.debug_frame</name>
         <load_address>0x1dc8</load_address>
         <run_address>0x1dc8</run_address>
         <size>0x48</size>
         <input_file_ref idref="fl-59"/>
      </object_component>
      <object_component id="oc-e6">
         <name>.debug_frame</name>
         <load_address>0x1e10</load_address>
         <run_address>0x1e10</run_address>
         <size>0x60</size>
         <input_file_ref idref="fl-5a"/>
      </object_component>
      <object_component id="oc-197">
         <name>.debug_frame</name>
         <load_address>0x1e70</load_address>
         <run_address>0x1e70</run_address>
         <size>0x70</size>
         <input_file_ref idref="fl-5b"/>
      </object_component>
      <object_component id="oc-df">
         <name>.debug_frame</name>
         <load_address>0x1ee0</load_address>
         <run_address>0x1ee0</run_address>
         <size>0x40</size>
         <input_file_ref idref="fl-5c"/>
      </object_component>
      <object_component id="oc-15c">
         <name>.debug_frame</name>
         <load_address>0x1f20</load_address>
         <run_address>0x1f20</run_address>
         <size>0x40</size>
         <input_file_ref idref="fl-5f"/>
      </object_component>
      <object_component id="oc-205">
         <name>.debug_abbrev</name>
         <load_address>0x0</load_address>
         <run_address>0x0</run_address>
         <size>0x5c</size>
         <input_file_ref idref="fl-10"/>
      </object_component>
      <object_component id="oc-220">
         <name>.debug_abbrev</name>
         <load_address>0x5c</load_address>
         <run_address>0x5c</run_address>
         <size>0x59</size>
         <input_file_ref idref="fl-10"/>
      </object_component>
      <object_component id="oc-1a9">
         <name>.debug_abbrev</name>
         <load_address>0xb5</load_address>
         <run_address>0xb5</run_address>
         <size>0xee</size>
         <input_file_ref idref="fl-11"/>
      </object_component>
      <object_component id="oc-1e7">
         <name>.debug_abbrev</name>
         <load_address>0x1a3</load_address>
         <run_address>0x1a3</run_address>
         <size>0x69</size>
         <input_file_ref idref="fl-11"/>
      </object_component>
      <object_component id="oc-1d5">
         <name>.debug_abbrev</name>
         <load_address>0x20c</load_address>
         <run_address>0x20c</run_address>
         <size>0xf0</size>
         <input_file_ref idref="fl-14"/>
      </object_component>
      <object_component id="oc-211">
         <name>.debug_abbrev</name>
         <load_address>0x2fc</load_address>
         <run_address>0x2fc</run_address>
         <size>0x3b</size>
         <input_file_ref idref="fl-14"/>
      </object_component>
      <object_component id="oc-1ab">
         <name>.debug_abbrev</name>
         <load_address>0x337</load_address>
         <run_address>0x337</run_address>
         <size>0xfa</size>
         <input_file_ref idref="fl-1a"/>
      </object_component>
      <object_component id="oc-1ea">
         <name>.debug_abbrev</name>
         <load_address>0x431</load_address>
         <run_address>0x431</run_address>
         <size>0x83</size>
         <input_file_ref idref="fl-1a"/>
      </object_component>
      <object_component id="oc-20c">
         <name>.debug_abbrev</name>
         <load_address>0x4b4</load_address>
         <run_address>0x4b4</run_address>
         <size>0xfa</size>
         <input_file_ref idref="fl-1b"/>
      </object_component>
      <object_component id="oc-224">
         <name>.debug_abbrev</name>
         <load_address>0x5ae</load_address>
         <run_address>0x5ae</run_address>
         <size>0x86</size>
         <input_file_ref idref="fl-1b"/>
      </object_component>
      <object_component id="oc-ed">
         <name>.debug_abbrev</name>
         <load_address>0x634</load_address>
         <run_address>0x634</run_address>
         <size>0x25</size>
         <input_file_ref idref="fl-21"/>
      </object_component>
      <object_component id="oc-146">
         <name>.debug_abbrev</name>
         <load_address>0x659</load_address>
         <run_address>0x659</run_address>
         <size>0x25</size>
         <input_file_ref idref="fl-21"/>
      </object_component>
      <object_component id="oc-ee">
         <name>.debug_abbrev</name>
         <load_address>0x67e</load_address>
         <run_address>0x67e</run_address>
         <size>0x91</size>
         <input_file_ref idref="fl-24"/>
      </object_component>
      <object_component id="oc-147">
         <name>.debug_abbrev</name>
         <load_address>0x70f</load_address>
         <run_address>0x70f</run_address>
         <size>0x1c</size>
         <input_file_ref idref="fl-24"/>
      </object_component>
      <object_component id="oc-1fe">
         <name>.debug_abbrev</name>
         <load_address>0x72b</load_address>
         <run_address>0x72b</run_address>
         <size>0xd5</size>
         <input_file_ref idref="fl-2a"/>
      </object_component>
      <object_component id="oc-21d">
         <name>.debug_abbrev</name>
         <load_address>0x800</load_address>
         <run_address>0x800</run_address>
         <size>0x152</size>
         <input_file_ref idref="fl-2a"/>
      </object_component>
      <object_component id="oc-1c2">
         <name>.debug_abbrev</name>
         <load_address>0x952</load_address>
         <run_address>0x952</run_address>
         <size>0xb4</size>
         <input_file_ref idref="fl-2f"/>
      </object_component>
      <object_component id="oc-200">
         <name>.debug_abbrev</name>
         <load_address>0xa06</load_address>
         <run_address>0xa06</run_address>
         <size>0x145</size>
         <input_file_ref idref="fl-2f"/>
      </object_component>
      <object_component id="oc-f0">
         <name>.debug_abbrev</name>
         <load_address>0xb4b</load_address>
         <run_address>0xb4b</run_address>
         <size>0x28</size>
         <input_file_ref idref="fl-31"/>
      </object_component>
      <object_component id="oc-14a">
         <name>.debug_abbrev</name>
         <load_address>0xb73</load_address>
         <run_address>0xb73</run_address>
         <size>0xa7</size>
         <input_file_ref idref="fl-31"/>
      </object_component>
      <object_component id="oc-203">
         <name>.debug_abbrev</name>
         <load_address>0xc1a</load_address>
         <run_address>0xc1a</run_address>
         <size>0x28</size>
         <input_file_ref idref="fl-3c"/>
      </object_component>
      <object_component id="oc-1d3">
         <name>.debug_abbrev</name>
         <load_address>0xc42</load_address>
         <run_address>0xc42</run_address>
         <size>0xf6</size>
         <input_file_ref idref="fl-3c"/>
      </object_component>
      <object_component id="oc-20e">
         <name>.debug_abbrev</name>
         <load_address>0xd38</load_address>
         <run_address>0xd38</run_address>
         <size>0x9e</size>
         <input_file_ref idref="fl-3c"/>
      </object_component>
      <object_component id="oc-21b">
         <name>.debug_abbrev</name>
         <load_address>0xdd6</load_address>
         <run_address>0xdd6</run_address>
         <size>0x26</size>
         <input_file_ref idref="fl-3d"/>
      </object_component>
      <object_component id="oc-1ed">
         <name>.debug_abbrev</name>
         <load_address>0xdfc</load_address>
         <run_address>0xdfc</run_address>
         <size>0x26</size>
         <input_file_ref idref="fl-3d"/>
      </object_component>
      <object_component id="oc-219">
         <name>.debug_abbrev</name>
         <load_address>0xe22</load_address>
         <run_address>0xe22</run_address>
         <size>0x26</size>
         <input_file_ref idref="fl-3d"/>
      </object_component>
      <object_component id="oc-1f2">
         <name>.debug_abbrev</name>
         <load_address>0xe48</load_address>
         <run_address>0xe48</run_address>
         <size>0x26</size>
         <input_file_ref idref="fl-3d"/>
      </object_component>
      <object_component id="oc-1f4">
         <name>.debug_abbrev</name>
         <load_address>0xe6e</load_address>
         <run_address>0xe6e</run_address>
         <size>0x26</size>
         <input_file_ref idref="fl-3d"/>
      </object_component>
      <object_component id="oc-1f6">
         <name>.debug_abbrev</name>
         <load_address>0xe94</load_address>
         <run_address>0xe94</run_address>
         <size>0x26</size>
         <input_file_ref idref="fl-3d"/>
      </object_component>
      <object_component id="oc-1f0">
         <name>.debug_abbrev</name>
         <load_address>0xeba</load_address>
         <run_address>0xeba</run_address>
         <size>0x26</size>
         <input_file_ref idref="fl-3d"/>
      </object_component>
      <object_component id="oc-216">
         <name>.debug_abbrev</name>
         <load_address>0xee0</load_address>
         <run_address>0xee0</run_address>
         <size>0x182</size>
         <input_file_ref idref="fl-3d"/>
      </object_component>
      <object_component id="oc-18c">
         <name>.debug_abbrev</name>
         <load_address>0x1062</load_address>
         <run_address>0x1062</run_address>
         <size>0x77</size>
         <input_file_ref idref="fl-3e"/>
      </object_component>
      <object_component id="oc-1d7">
         <name>.debug_abbrev</name>
         <load_address>0x10d9</load_address>
         <run_address>0x10d9</run_address>
         <size>0x11a</size>
         <input_file_ref idref="fl-3e"/>
      </object_component>
      <object_component id="oc-e7">
         <name>.debug_abbrev</name>
         <load_address>0x11f3</load_address>
         <run_address>0x11f3</run_address>
         <size>0x3d</size>
         <input_file_ref idref="fl-49"/>
      </object_component>
      <object_component id="oc-223">
         <name>.debug_abbrev</name>
         <load_address>0x1230</load_address>
         <run_address>0x1230</run_address>
         <size>0x3b</size>
         <input_file_ref idref="fl-4e"/>
      </object_component>
      <object_component id="oc-f6">
         <name>.debug_abbrev</name>
         <load_address>0x126b</load_address>
         <run_address>0x126b</run_address>
         <size>0x61</size>
         <input_file_ref idref="fl-54"/>
      </object_component>
      <object_component id="oc-14d">
         <name>.debug_abbrev</name>
         <load_address>0x12cc</load_address>
         <run_address>0x12cc</run_address>
         <size>0x44</size>
         <input_file_ref idref="fl-54"/>
      </object_component>
      <object_component id="oc-104">
         <name>.debug_abbrev</name>
         <load_address>0x1310</load_address>
         <run_address>0x1310</run_address>
         <size>0x4b</size>
         <input_file_ref idref="fl-55"/>
      </object_component>
      <object_component id="oc-155">
         <name>.debug_abbrev</name>
         <load_address>0x135b</load_address>
         <run_address>0x135b</run_address>
         <size>0x1c</size>
         <input_file_ref idref="fl-55"/>
      </object_component>
      <object_component id="oc-15e">
         <name>.debug_abbrev</name>
         <load_address>0x1377</load_address>
         <run_address>0x1377</run_address>
         <size>0x71</size>
         <input_file_ref idref="fl-56"/>
      </object_component>
      <object_component id="oc-1a4">
         <name>.debug_abbrev</name>
         <load_address>0x13e8</load_address>
         <run_address>0x13e8</run_address>
         <size>0xb3</size>
         <input_file_ref idref="fl-56"/>
      </object_component>
      <object_component id="oc-c6">
         <name>.debug_abbrev</name>
         <load_address>0x149b</load_address>
         <run_address>0x149b</run_address>
         <size>0x6d</size>
         <input_file_ref idref="fl-58"/>
      </object_component>
      <object_component id="oc-f8">
         <name>.debug_abbrev</name>
         <load_address>0x1508</load_address>
         <run_address>0x1508</run_address>
         <size>0x44</size>
         <input_file_ref idref="fl-58"/>
      </object_component>
      <object_component id="oc-be">
         <name>.debug_abbrev</name>
         <load_address>0x154c</load_address>
         <run_address>0x154c</run_address>
         <size>0x5f</size>
         <input_file_ref idref="fl-59"/>
      </object_component>
      <object_component id="oc-f3">
         <name>.debug_abbrev</name>
         <load_address>0x15ab</load_address>
         <run_address>0x15ab</run_address>
         <size>0x44</size>
         <input_file_ref idref="fl-59"/>
      </object_component>
      <object_component id="oc-191">
         <name>.debug_abbrev</name>
         <load_address>0x15ef</load_address>
         <run_address>0x15ef</run_address>
         <size>0x28</size>
         <input_file_ref idref="fl-5a"/>
      </object_component>
      <object_component id="oc-144">
         <name>.debug_abbrev</name>
         <load_address>0x1617</load_address>
         <run_address>0x1617</run_address>
         <size>0xa0</size>
         <input_file_ref idref="fl-5a"/>
      </object_component>
      <object_component id="oc-19c">
         <name>.debug_abbrev</name>
         <load_address>0x16b7</load_address>
         <run_address>0x16b7</run_address>
         <size>0x57</size>
         <input_file_ref idref="fl-5a"/>
      </object_component>
      <object_component id="oc-199">
         <name>.debug_abbrev</name>
         <load_address>0x170e</load_address>
         <run_address>0x170e</run_address>
         <size>0x28</size>
         <input_file_ref idref="fl-5b"/>
      </object_component>
      <object_component id="oc-214">
         <name>.debug_abbrev</name>
         <load_address>0x1736</load_address>
         <run_address>0x1736</run_address>
         <size>0x28</size>
         <input_file_ref idref="fl-5b"/>
      </object_component>
      <object_component id="oc-1dd">
         <name>.debug_abbrev</name>
         <load_address>0x175e</load_address>
         <run_address>0x175e</run_address>
         <size>0x5f</size>
         <input_file_ref idref="fl-5b"/>
      </object_component>
      <object_component id="oc-1de">
         <name>.debug_abbrev</name>
         <load_address>0x17bd</load_address>
         <run_address>0x17bd</run_address>
         <size>0x3a</size>
         <input_file_ref idref="fl-5b"/>
      </object_component>
      <object_component id="oc-13c">
         <name>.debug_abbrev</name>
         <load_address>0x17f7</load_address>
         <run_address>0x17f7</run_address>
         <size>0x64</size>
         <input_file_ref idref="fl-5c"/>
      </object_component>
      <object_component id="oc-18e">
         <name>.debug_abbrev</name>
         <load_address>0x185b</load_address>
         <run_address>0x185b</run_address>
         <size>0x79</size>
         <input_file_ref idref="fl-5c"/>
      </object_component>
      <object_component id="oc-1a2">
         <name>.debug_abbrev</name>
         <load_address>0x18d4</load_address>
         <run_address>0x18d4</run_address>
         <size>0x49</size>
         <input_file_ref idref="fl-5f"/>
      </object_component>
      <object_component id="oc-1e1">
         <name>.debug_abbrev</name>
         <load_address>0x191d</load_address>
         <run_address>0x191d</run_address>
         <size>0x1c</size>
         <input_file_ref idref="fl-5f"/>
      </object_component>
      <object_component id="oc-2d3">
         <name>.debug_abbrev</name>
         <load_address>0x1939</load_address>
         <run_address>0x1939</run_address>
         <size>0xf</size>
      </object_component>
      <object_component id="oc-222">
         <name>.debug_str</name>
         <load_address>0x0</load_address>
         <run_address>0x0</run_address>
         <size>0x67</size>
         <input_file_ref idref="fl-10"/>
      </object_component>
      <object_component id="oc-1e9">
         <name>.debug_str</name>
         <load_address>0x67</load_address>
         <run_address>0x67</run_address>
         <size>0x67</size>
         <input_file_ref idref="fl-11"/>
      </object_component>
      <object_component id="oc-213">
         <name>.debug_str</name>
         <load_address>0xce</load_address>
         <run_address>0xce</run_address>
         <size>0x67</size>
         <input_file_ref idref="fl-14"/>
      </object_component>
      <object_component id="oc-1ec">
         <name>.debug_str</name>
         <load_address>0x135</load_address>
         <run_address>0x135</run_address>
         <size>0x67</size>
         <input_file_ref idref="fl-1a"/>
      </object_component>
      <object_component id="oc-226">
         <name>.debug_str</name>
         <load_address>0x19c</load_address>
         <run_address>0x19c</run_address>
         <size>0x67</size>
         <input_file_ref idref="fl-1b"/>
      </object_component>
      <object_component id="oc-149">
         <name>.debug_str</name>
         <load_address>0x203</load_address>
         <run_address>0x203</run_address>
         <size>0x67</size>
         <input_file_ref idref="fl-24"/>
      </object_component>
      <object_component id="oc-21f">
         <name>.debug_str</name>
         <load_address>0x26a</load_address>
         <run_address>0x26a</run_address>
         <size>0x67</size>
         <input_file_ref idref="fl-2a"/>
      </object_component>
      <object_component id="oc-202">
         <name>.debug_str</name>
         <load_address>0x2d1</load_address>
         <run_address>0x2d1</run_address>
         <size>0x67</size>
         <input_file_ref idref="fl-2f"/>
      </object_component>
      <object_component id="oc-14c">
         <name>.debug_str</name>
         <load_address>0x338</load_address>
         <run_address>0x338</run_address>
         <size>0x67</size>
         <input_file_ref idref="fl-31"/>
      </object_component>
      <object_component id="oc-210">
         <name>.debug_str</name>
         <load_address>0x39f</load_address>
         <run_address>0x39f</run_address>
         <size>0x67</size>
         <input_file_ref idref="fl-3c"/>
[...]
         <value>0x82136</value>
         <object_component_ref idref="oc-b4"/>
      </symbol>
      <symbol id="sm-2d8">
         <name>I2CB_FIFO_ISR</name>
         <value>0x8223a</value>
         <object_component_ref idref="oc-b4"/>
      </symbol>
      <symbol id="sm-2d9">
         <name>DMA_CH1_ISR</name>
         <value>0x82413</value>
         <object_component_ref idref="oc-b4"/>
      </symbol>
      <symbol id="sm-2da">
         <name>UPPA_ISR</name>
         <value>0x820c8</value>
         <object_component_ref idref="oc-b4"/>
      </symbol>
      <symbol id="sm-2db">
         <name>CLA1_8_ISR</name>
         <value>0x8243b</value>
         <object_component_ref idref="oc-b4"/>
      </symbol>
      <symbol id="sm-2dc">
         <name>USER6_ISR</name>
         <value>0x82064</value>
         <object_component_ref idref="oc-b4"/>
      </symbol>
      <symbol id="sm-2dd">
         <name>CLA1_2_ISR</name>
         <value>0x82477</value>
         <object_component_ref idref="oc-b4"/>
      </symbol>
      <symbol id="sm-2de">
         <name>EMIF_ERROR_ISR</name>
         <value>0x8239b</value>
         <object_component_ref idref="oc-b4"/>
      </symbol>
      <symbol id="sm-2df">
         <name>USER8_ISR</name>
         <value>0x82050</value>
         <object_component_ref idref="oc-b4"/>
      </symbol>
      <symbol id="sm-2e0">
         <name>MCBSPB_RX_ISR</name>
         <value>0x821e0</value>
         <object_component_ref idref="oc-b4"/>
      </symbol>
      <symbol id="sm-2e1">
         <name>MCBSPB_TX_ISR</name>
         <value>0x821d6</value>
         <object_component_ref idref="oc-b4"/>
      </symbol>
      <symbol id="sm-2e2">
         <name>SPIB_RX_ISR</name>
         <value>0x82118</value>
         <object_component_ref idref="oc-b4"/>
      </symbol>
      <symbol id="sm-2e3">
         <name>SPIB_TX_ISR</name>
         <value>0x8210e</value>
         <object_component_ref idref="oc-b4"/>
      </symbol>
      <symbol id="sm-2e4">
         <name>ECAP3_ISR</name>
         <value>0x823c3</value>
         <object_component_ref idref="oc-b4"/>
      </symbol>
      <symbol id="sm-2e5">
         <name>EPWM1_ISR</name>
         <value>0x8233e</value>
         <object_component_ref idref="oc-b4"/>
      </symbol>
      <symbol id="sm-2e6">
         <name>IPC0_ISR</name>
         <value>0x8221c</value>
         <object_component_ref idref="oc-b4"/>
      </symbol>
      <symbol id="sm-2e7">
         <name>DMA_CH2_ISR</name>
         <value>0x82409</value>
         <object_component_ref idref="oc-b4"/>
      </symbol>
      <symbol id="sm-2e8">
         <name>USER12_ISR</name>
         <value>0x820a0</value>
         <object_component_ref idref="oc-b4"/>
      </symbol>
      <symbol id="sm-2e9">
         <name>XINT3_ISR</name>
         <value>0x82014</value>
         <object_component_ref idref="oc-b4"/>
      </symbol>
      <symbol id="sm-2ea">
         <name>USER1_ISR</name>
         <value>0x82096</value>
         <object_component_ref idref="oc-b4"/>
      </symbol>
      <symbol id="sm-2eb">
         <name>CLA1_3_ISR</name>
         <value>0x8246d</value>
         <object_component_ref idref="oc-b4"/>
      </symbol>
      <symbol id="sm-2ec">
         <name>I2CA_ISR</name>
         <value>0x82244</value>
         <object_component_ref idref="oc-b4"/>
      </symbol>
      <symbol id="sm-2ed">
         <name>CANA0_ISR</name>
         <value>0x824a9</value>
         <object_component_ref idref="oc-b4"/>
      </symbol>
      <symbol id="sm-2ee">
         <name>CANB0_ISR</name>
         <value>0x82495</value>
         <object_component_ref idref="oc-b4"/>
      </symbol>
      <symbol id="sm-2ef">
         <name>EPWM1_TZ_ISR</name>
         <value>0x82334</value>
         <object_component_ref idref="oc-b4"/>
      </symbol>
      <symbol id="sm-2f0">
         <name>I2CA_FIFO_ISR</name>
         <value>0x8224e</value>
         <object_component_ref idref="oc-b4"/>
      </symbol>
      <symbol id="sm-2f1">
         <name>EPWM2_ISR</name>
         <value>0x8232a</value>
         <object_component_ref idref="oc-b4"/>
      </symbol>
      <symbol id="sm-2f2">
         <name>IPC1_ISR</name>
         <value>0x82212</value>
         <object_component_ref idref="oc-b4"/>
      </symbol>
      <symbol id="sm-2f3">
         <name>USBA_ISR</name>
         <value>0x820be</value>
         <object_component_ref idref="oc-b4"/>
      </symbol>
      <symbol id="sm-2f4">
         <name>RAM_CORRECTABLE_ERROR_ISR</name>
         <value>0x821a4</value>
         <object_component_ref idref="oc-b4"/>
      </symbol>
      <symbol id="sm-2f5">
         <name>ADCD_EVT_ISR</name>
         <value>0x824bd</value>
         <object_component_ref idref="oc-b4"/>
      </symbol>
      <symbol id="sm-2f6">
         <name>DMA_CH3_ISR</name>
         <value>0x823ff</value>
         <object_component_ref idref="oc-b4"/>
      </symbol>
      <symbol id="sm-2f7">
         <name>ADCC_EVT_ISR</name>
         <value>0x824ef</value>
         <object_component_ref idref="oc-b4"/>
      </symbol>
      <symbol id="sm-2f8">
         <name>EPWM11_ISR</name>
         <value>0x82366</value>
         <object_component_ref idref="oc-b4"/>
      </symbol>
      <symbol id="sm-2f9">
         <name>DATALOG_ISR</name>
         <value>0x8241d</value>
         <object_component_ref idref="oc-b4"/>
      </symbol>
      <symbol id="sm-2fa">
         <name>XINT2_ISR</name>
         <value>0x8201e</value>
         <object_component_ref idref="oc-b4"/>
      </symbol>
      <symbol id="sm-2fb">
         <name>PIE_RESERVED_ISR</name>
         <value>0x821b8</value>
         <object_component_ref idref="oc-b4"/>
      </symbol>
      <symbol id="sm-2fc">
         <name>SCIB_RX_ISR</name>
         <value>0x8217c</value>
         <object_component_ref idref="oc-b4"/>
      </symbol>
      <symbol id="sm-2fd">
         <name>SCIB_TX_ISR</name>
         <value>0x82172</value>
         <object_component_ref idref="oc-b4"/>
      </symbol>
      <symbol id="sm-2fe">
         <name>I2CB_ISR</name>
         <value>0x82230</value>
         <object_component_ref idref="oc-b4"/>
      </symbol>
      <symbol id="sm-2ff">
         <name>CANA1_ISR</name>
         <value>0x8249f</value>
         <object_component_ref idref="oc-b4"/>
      </symbol>
      <symbol id="sm-300">
         <name>SPIC_RX_ISR</name>
         <value>0x82104</value>
         <object_component_ref idref="oc-b4"/>
      </symbol>
      <symbol id="sm-301">
         <name>CANB1_ISR</name>
         <value>0x8248b</value>
         <object_component_ref idref="oc-b4"/>
      </symbol>
      <symbol id="sm-302">
         <name>SPIC_TX_ISR</name>
         <value>0x820fa</value>
         <object_component_ref idref="oc-b4"/>
      </symbol>
      <symbol id="sm-303">
         <name>EPWM12_TZ_ISR</name>
         <value>0x82348</value>
         <object_component_ref idref="oc-b4"/>
      </symbol>
      <symbol id="sm-304">
         <name>ILLEGAL_ISR</name>
         <value>0x82226</value>
         <object_component_ref idref="oc-b4"/>
      </symbol>
      <symbol id="sm-305">
         <name>EPWM3_ISR</name>
         <value>0x82316</value>
         <object_component_ref idref="oc-b4"/>
      </symbol>
      <symbol id="sm-306">
         <name>IPC2_ISR</name>
         <value>0x82208</value>
         <object_component_ref idref="oc-b4"/>
      </symbol>
      <symbol id="sm-307">
         <name>TIMER0_ISR</name>
         <value>0x820e6</value>
         <object_component_ref idref="oc-b4"/>
      </symbol>
      <symbol id="sm-308">
         <name>EPWM10_ISR</name>
         <value>0x8237a</value>
         <object_component_ref idref="oc-b4"/>
      </symbol>
      <symbol id="sm-309">
         <name>USER3_ISR</name>
         <value>0x82082</value>
         <object_component_ref idref="oc-b4"/>
      </symbol>
      <symbol id="sm-32d">
         <name>GPIO_SetupPinMux</name>
         <value>0x83068</value>
         <object_component_ref idref="oc-1bc"/>
      </symbol>
      <symbol id="sm-32e">
         <name>GPIO_SetupLock</name>
         <value>0x830bd</value>
         <object_component_ref idref="oc-1bc"/>
      </symbol>
      <symbol id="sm-32f">
         <name>GPIO_SetupXINT2Gpio</name>
         <value>0x82fd5</value>
         <object_component_ref idref="oc-1bc"/>
      </symbol>
      <symbol id="sm-330">
         <name>GPIO_EnableUnbondedIOPullupsFor176Pin</name>
         <value>0x830f3</value>
         <object_component_ref idref="oc-1bc"/>
      </symbol>
      <symbol id="sm-331">
         <name>GPIO_SetupXINT3Gpio</name>
         <value>0x82fce</value>
         <object_component_ref idref="oc-1bc"/>
      </symbol>
      <symbol id="sm-332">
         <name>GPIO_WritePin</name>
         <value>0x82fa6</value>
         <object_component_ref idref="oc-1bc"/>
      </symbol>
      <symbol id="sm-333">
         <name>GPIO_SetupXINT1Gpio</name>
         <value>0x82fdc</value>
         <object_component_ref idref="oc-1bc"/>
      </symbol>
      <symbol id="sm-334">
         <name>GPIO_EnableUnbondedIOPullups</name>
         <value>0x83131</value>
         <object_component_ref idref="oc-1bc"/>
      </symbol>
      <symbol id="sm-335">
         <name>GPIO_ReadPin</name>
         <value>0x830df</value>
         <object_component_ref idref="oc-1bc"/>
      </symbol>
      <symbol id="sm-336">
         <name>GPIO_SetupXINT4Gpio</name>
         <value>0x82fc7</value>
         <object_component_ref idref="oc-1bc"/>
      </symbol>
      <symbol id="sm-337">
         <name>GPIO_SetupPinOptions</name>
         <value>0x82fe3</value>
         <object_component_ref idref="oc-1bc"/>
      </symbol>
      <symbol id="sm-338">
         <name>GPIO_EnableUnbondedIOPullupsFor100Pin</name>
         <value>0x8310c</value>
         <object_component_ref idref="oc-1bc"/>
      </symbol>
      <symbol id="sm-339">
         <name>GPIO_SetupXINT5Gpio</name>
         <value>0x82fc0</value>
         <object_component_ref idref="oc-1bc"/>
      </symbol>
      <symbol id="sm-33a">
         <name>InitGpio</name>
         <value>0x82f76</value>
         <object_component_ref idref="oc-1bc"/>
      </symbol>
      <symbol id="sm-35c">
         <name>IPCGetBootStatus</name>
         <value>0x83441</value>
         <object_component_ref idref="oc-179"/>
      </symbol>
      <symbol id="sm-35d">
         <name>IPCRtoLFlagBusy</name>
         <value>0x83421</value>
         <object_component_ref idref="oc-179"/>
      </symbol>
      <symbol id="sm-35e">
         <name>IPCBootCPU2</name>
         <value>0x83445</value>
         <object_component_ref idref="oc-179"/>
      </symbol>
      <symbol id="sm-35f">
         <name>IPCLtoRFlagClear</name>
         <value>0x83433</value>
         <object_component_ref idref="oc-179"/>
      </symbol>
      <symbol id="sm-360">
         <name>IPCLtoRFlagSet</name>
         <value>0x8342f</value>
         <object_component_ref idref="oc-179"/>
      </symbol>
      <symbol id="sm-361">
         <name>IPCRtoLFlagAcknowledge</name>
         <value>0x8342b</value>
         <object_component_ref idref="oc-179"/>
      </symbol>
      <symbol id="sm-362">
         <name>IPCLtoRFlagBusy</name>
         <value>0x83437</value>
         <object_component_ref idref="oc-179"/>
      </symbol>
      <symbol id="sm-36e">
         <name>PieVectTableInit</name>
         <value>0x90000</value>
         <object_component_ref idref="oc-ba"/>
      </symbol>
      <symbol id="sm-39b">
         <name>Device_enableAllPeripherals</name>
         <value>0x82acf</value>
         <object_component_ref idref="oc-17f"/>
      </symbol>
      <symbol id="sm-39c">
         <name>Device_initGPIO</name>
         <value>0x82a7e</value>
         <object_component_ref idref="oc-17f"/>
      </symbol>
      <symbol id="sm-39d">
         <name>Example_Fail</name>
         <value>0xa804</value>
         <object_component_ref idref="oc-1c4"/>
      </symbol>
      <symbol id="sm-39e">
         <name>Example_setResultFail</name>
         <value>0x82a38</value>
         <object_component_ref idref="oc-17f"/>
      </symbol>
      <symbol id="sm-39f">
         <name>Device_bootCPU2</name>
         <value>0x82be9</value>
         <object_component_ref idref="oc-17f"/>
      </symbol>
      <symbol id="sm-3a0">
         <name>Device_init</name>
         <value>0x82bad</value>
         <object_component_ref idref="oc-17f"/>
      </symbol>
      <symbol id="sm-3a1">
         <name>Example_Result</name>
         <value>0xa800</value>
         <object_component_ref idref="oc-1c4"/>
      </symbol>
      <symbol id="sm-3a2">
         <name>Device_enableUnbondedGPIOPullups</name>
         <value>0x82a6e</value>
         <object_component_ref idref="oc-17f"/>
      </symbol>
      <symbol id="sm-3a3">
         <name>__error__</name>
         <value>0x82a30</value>
         <object_component_ref idref="oc-17f"/>
      </symbol>
      <symbol id="sm-3a4">
         <name>Example_setResultPass</name>
         <value>0x82a33</value>
         <object_component_ref idref="oc-17f"/>
      </symbol>
      <symbol id="sm-3a5">
         <name>Device_configureTMXAnalogTrim</name>
         <value>0x82a9c</value>
         <object_component_ref idref="oc-17f"/>
      </symbol>
      <symbol id="sm-3a6">
         <name>Device_enableUnbondedGPIOPullupsFor176Pin</name>
         <value>0x82a3e</value>
         <object_component_ref idref="oc-17f"/>
      </symbol>
      <symbol id="sm-3a7">
         <name>Example_done</name>
         <value>0x82a3d</value>
         <object_component_ref idref="oc-17f"/>
      </symbol>
      <symbol id="sm-3a8">
         <name>Example_PassCount</name>
         <value>0xa802</value>
         <object_component_ref idref="oc-1c4"/>
      </symbol>
      <symbol id="sm-3a9">
         <name>Device_enableUnbondedGPIOPullupsFor100Pin</name>
         <value>0x82a51</value>
         <object_component_ref idref="oc-17f"/>
      </symbol>
      <symbol id="sm-3d2">
         <name>ClkCfgRegs</name>
         <value>0x5d200</value>
         <object_component_ref idref="oc-1b3"/>
      </symbol>
      <symbol id="sm-3d3">
         <name>IpcRegs</name>
         <value>0x50000</value>
         <object_component_ref idref="oc-1ad"/>
      </symbol>
      <symbol id="sm-3d4">
         <name>GpioCtrlRegs</name>
         <value>0x7c00</value>
         <object_component_ref idref="oc-1b0"/>
      </symbol>
      <symbol id="sm-3d5">
         <name>CpuSysRegs</name>
         <value>0x5d300</value>
         <object_component_ref idref="oc-1b6"/>
      </symbol>
      <symbol id="sm-3d6">
         <name>DevCfgRegs</name>
         <value>0x5d000</value>
         <object_component_ref idref="oc-1b9"/>
      </symbol>
      <symbol id="sm-3d7">
         <name>GpioDataRegs</name>
         <value>0x7f00</value>
         <object_component_ref idref="oc-1f8"/>
      </symbol>
      <symbol id="sm-3d8">
         <name>InputXbarRegs</name>
         <value>0x7900</value>
         <object_component_ref idref="oc-1fb"/>
      </symbol>
      <symbol id="sm-3e6">
         <name>_Z13initSPIBSlavev</name>
         <value>0x8366e</value>
         <object_component_ref idref="oc-136"/>
      </symbol>
      <symbol id="sm-3e7">
         <name>_Z14initSPIAMasterv</name>
         <value>0x835bb</value>
         <object_component_ref idref="oc-136"/>
      </symbol>
      <symbol id="sm-3e8">
         <name>main</name>
         <value>0x835f3</value>
         <object_component_ref idref="oc-136"/>
      </symbol>
      <symbol id="sm-3e9">
         <name>_Z17configGPIOs_slavev</name>
         <value>0x83624</value>
         <object_component_ref idref="oc-136"/>
      </symbol>
      <symbol id="sm-3ea">
         <name>_Z11configGPIOsv</name>
         <value>0x8356d</value>
         <object_component_ref idref="oc-136"/>
      </symbol>
      <symbol id="sm-3f5">
         <name>_c_int00</name>
         <value>0x837d0</value>
         <object_component_ref idref="oc-a4"/>
      </symbol>
      <symbol id="sm-3f6">
         <name>__stack</name>
         <value>0x400</value>
         <object_component_ref idref="oc-bd"/>
      </symbol>
      <symbol id="sm-407">
         <name>__c28xabi_divf</name>
         <value>0x836a6</value>
         <object_component_ref idref="oc-207"/>
      </symbol>
      <symbol id="sm-41e">
         <name>memcpy</name>
         <value>0x837b3</value>
         <object_component_ref idref="oc-c0"/>
      </symbol>
      <symbol id="sm-42b">
         <name>_system_pre_init</name>
         <value>0x8380c</value>
         <object_component_ref idref="oc-d4"/>
      </symbol>
      <symbol id="sm-43a">
         <name>__TI_auto_init_nobinit_nopinit</name>
         <value>0x8375f</value>
         <object_component_ref idref="oc-106"/>
      </symbol>
      <symbol id="sm-448">
         <name>__TI_decompress_none</name>
         <value>0x83804</value>
         <object_component_ref idref="oc-9d"/>
      </symbol>
      <symbol id="sm-45c">
         <name>__TI_decompress_lzss</name>
         <value>0x8372e</value>
         <object_component_ref idref="oc-97"/>
      </symbol>
      <symbol id="sm-472">
         <name>C$$EXIT</name>
         <value>0x8378a</value>
         <object_component_ref idref="oc-e1"/>
      </symbol>
      <symbol id="sm-473">
         <name>abort</name>
         <value>0x8378a</value>
         <object_component_ref idref="oc-e1"/>
      </symbol>
      <symbol id="sm-474">
         <name>exit</name>
         <value>0x8378c</value>
         <object_component_ref idref="oc-e1"/>
      </symbol>
      <symbol id="sm-475">
         <name>__TI_dtors_ptr</name>
         <value>0xa80a</value>
         <object_component_ref idref="oc-13e"/>
      </symbol>
      <symbol id="sm-476">
         <name>__TI_cleanup_ptr</name>
         <value>0xa808</value>
         <object_component_ref idref="oc-13e"/>
      </symbol>
      <symbol id="sm-477">
         <name>__TI_enable_exit_profile_output</name>
         <value>0xa806</value>
         <object_component_ref idref="oc-13e"/>
      </symbol>
      <symbol id="sm-48e">
         <name>_nop</name>
         <value>0x837fb</value>
         <object_component_ref idref="oc-193"/>
      </symbol>
      <symbol id="sm-48f">
         <name>_lock</name>
         <value>0xa80c</value>
         <object_component_ref idref="oc-141"/>
      </symbol>
      <symbol id="sm-490">
         <name>_unlock</name>
         <value>0xa80e</value>
         <object_component_ref idref="oc-1da"/>
      </symbol>
      <symbol id="sm-491">
         <name>_register_lock</name>
         <value>0x837f7</value>
         <object_component_ref idref="oc-193"/>
      </symbol>
      <symbol id="sm-492">
         <name>_register_unlock</name>
         <value>0x837f3</value>
         <object_component_ref idref="oc-193"/>
      </symbol>
      <symbol id="sm-4a1">
         <name>_args_main</name>
         <value>0x837e7</value>
         <object_component_ref idref="oc-db"/>
      </symbol>
      <symbol id="sm-4b0">
         <name>_system_post_cinit</name>
         <value>0x8380e</value>
         <object_component_ref idref="oc-158"/>
      </symbol>
      <symbol id="sm-4b2">
         <name>__c_args__</name>
         <value>0x0</value>
      </symbol>
   </symbol_table>
   <title>Link successful</title>
</link_info>
