******************************************************************************
             TMS320C2000 Linker PC v21.6.0                     
******************************************************************************
>> Linked Mon Jun 27 19:45:07 2022

OUTPUT FILE NAME:   <28379d_CPU1_temp.out>
ENTRY POINT SYMBOL: "_c_int00"  address: 000837d0


MEMORY CONFIGURATION

         name            origin    length      used     unused   attr    fill
----------------------  --------  ---------  --------  --------  ----  --------
PAGE 0:
  RAMM0                 00000123   000002dd  00000000  000002dd  RWIX
  RAMLS0                00008000   00000800  00000071  0000078f  RWIX
  RAMLS1                00008800   00000800  00000000  00000800  RWIX
  RAMLS2                00009000   00000800  00000000  00000800  RWIX
  RAMLS3                00009800   00000800  00000000  00000800  RWIX
  RAMLS4                0000a000   00000800  00000000  00000800  RWIX
  RAMD0                 0000b000   00000800  00000000  00000800  RWIX
  RAMGS14               0001a000   00001000  00000000  00001000  RWIX
  RAMGS15               0001b000   00000ff8  00000000  00000ff8  RWIX
  BEGIN                 00080000   00000002  00000002  00000000  RWIX
  FLASHA                00080002   00001ffe  00000000  00001ffe  RWIX
  FLASHB                00082000   00002000  00001823  000007dd  RWIX
  FLASHC                00084000   00002000  00000000  00002000  RWIX
  FLASHD                00086000   00002000  00000071  00001f8f  RWIX
  FLASHE                00088000   00008000  00000000  00008000  RWIX
  FLASHF                00090000   00008000  000001c0  00007e40  RWIX
  FLASHG                00098000   00008000  00000000  00008000  RWIX
  FLASHH                000a0000   00008000  00000000  00008000  RWIX
  FLASHI                000a8000   00008000  00000000  00008000  RWIX
  FLASHJ                000b0000   00008000  00000000  00008000  RWIX
  FLASHK                000b8000   00002000  00000000  00002000  RWIX
  FLASHL                000ba000   00002000  00000000  00002000  RWIX
  FLASHM                000bc000   00002000  00000000  00002000  RWIX
  FLASHN                000be000   00001ff0  00000000  00001ff0  RWIX
  RESET                 003fffc0   00000002  00000000  00000002  RWIX

PAGE 1:
  BOOT_RSVD             00000002   00000121  00000000  00000121  RWIX
  RAMM1                 00000400   000003f8  00000200  000001f8  RWIX
  ADCARESULT            00000b00   00000018  00000000  00000018  RWIX
  ADCBRESULT            00000b20   00000018  00000000  00000018  RWIX
  ADCCRESULT            00000b40   00000018  00000000  00000018  RWIX
  ADCDRESULT            00000b60   00000018  00000000  00000018  RWIX
  CPUTIMER0             00000c00   00000008  00000000  00000008  RWIX
  CPUTIMER1             00000c08   00000008  00000000  00000008  RWIX
  CPUTIMER2             00000c10   00000008  00000000  00000008  RWIX
  PIECTRL               00000ce0   0000001a  00000000  0000001a  RWIX
  PIEVECTTABLE          00000d00   00000200  00000000  00000200  RWIX
  DMA                   00001000   00000200  00000000  00000200  RWIX
  CLA1                  00001400   00000080  00000000  00000080  RWIX
  CLB1LOGICCFG          00003000   00000052  00000000  00000052  RWIX
  CLB1LOGICCTRL         00003100   00000040  00000000  00000040  RWIX
  CLB1DATAEXCH          00003200   00000200  00000000  00000200  RWIX
  CLB2LOGICCFG          00003400   00000052  00000000  00000052  RWIX
  CLB2LOGICCTRL         00003500   00000040  00000000  00000040  RWIX
  CLB2DATAEXCH          00003600   00000200  00000000  00000200  RWIX
  CLB3LOGICCFG          00003800   00000052  00000000  00000052  RWIX
  CLB3LOGICCTRL         00003900   00000040  00000000  00000040  RWIX
  CLB3DATAEXCH          00003a00   00000200  00000000  00000200  RWIX
  CLB4LOGICCFG          00003c00   00000052  00000000  00000052  RWIX
  CLB4LOGICCTRL         00003d00   00000040  00000000  00000040  RWIX
  CLB4DATAEXCH          00003e00   00000200  00000000  00000200  RWIX
  EPWM1                 00004000   00000100  00000000  00000100  RWIX
  EPWM2                 00004100   00000100  00000000  00000100  RWIX
  EPWM3                 00004200   00000100  00000000  00000100  RWIX
  EPWM4                 00004300   00000100  00000000  00000100  RWIX
  EPWM5                 00004400   00000100  00000000  00000100  RWIX
  EPWM6                 00004500   00000100  00000000  00000100  RWIX
  EPWM7                 00004600   00000100  00000000  00000100  RWIX
  EPWM8                 00004700   00000100  00000000  00000100  RWIX
  EPWM9                 00004800   00000100  00000000  00000100  RWIX
  EPWM10                00004900   00000100  00000000  00000100  RWIX
  EPWM11                00004a00   00000100  00000000  00000100  RWIX
  EPWM12                00004b00   00000100  00000000  00000100  RWIX
  ECAP1                 00005000   00000020  00000000  00000020  RWIX
  ECAP2                 00005020   00000020  00000000  00000020  RWIX
  ECAP3                 00005040   00000020  00000000  00000020  RWIX
  ECAP4                 00005060   00000020  00000000  00000020  RWIX
  ECAP5                 00005080   00000020  00000000  00000020  RWIX
  ECAP6                 000050a0   00000020  00000000  00000020  RWIX
  EQEP1                 00005100   00000022  00000000  00000022  RWIX
  EQEP2                 00005140   00000022  00000000  00000022  RWIX
  EQEP3                 00005180   00000022  00000000  00000022  RWIX
  DACA                  00005c00   00000008  00000000  00000008  RWIX
  DACB                  00005c10   00000008  00000000  00000008  RWIX
  DACC                  00005c20   00000008  00000000  00000008  RWIX
  CMPSS1                00005c80   00000020  00000000  00000020  RWIX
  CMPSS2                00005ca0   00000020  00000000  00000020  RWIX
  CMPSS3                00005cc0   00000020  00000000  00000020  RWIX
  CMPSS4                00005ce0   00000020  00000000  00000020  RWIX
  CMPSS5                00005d00   00000020  00000000  00000020  RWIX
  CMPSS6                00005d20   00000020  00000000  00000020  RWIX
  CMPSS7                00005d40   00000020  00000000  00000020  RWIX
  CMPSS8                00005d60   00000020  00000000  00000020  RWIX
  SDFM1                 00005e00   00000080  00000000  00000080  RWIX
  SDFM2                 00005e80   00000080  00000000  00000080  RWIX
  MCBSPA                00006000   00000024  00000000  00000024  RWIX
  MCBSPB                00006040   00000024  00000000  00000024  RWIX
  SPIA                  00006100   00000010  00000000  00000010  RWIX
  SPIB                  00006110   00000010  00000000  00000010  RWIX
  SPIC                  00006120   00000010  00000000  00000010  RWIX
  UPP                   00006200   00000048  00000000  00000048  RWIX
  WD                    00007000   0000002b  00000000  0000002b  RWIX
  NMIINTRUPT            00007060   00000007  00000000  00000007  RWIX
  XINT                  00007070   0000000b  00000000  0000000b  RWIX
  SCIA                  00007200   00000010  00000000  00000010  RWIX
  SCIB                  00007210   00000010  00000000  00000010  RWIX
  SCIC                  00007220   00000010  00000000  00000010  RWIX
  SCID                  00007230   00000010  00000000  00000010  RWIX
  I2CA                  00007300   00000022  00000000  00000022  RWIX
  I2CB                  00007340   00000022  00000000  00000022  RWIX
  ADCA                  00007400   00000080  00000000  00000080  RWIX
  ADCB                  00007480   00000080  00000000  00000080  RWIX
  ADCC                  00007500   00000080  00000000  00000080  RWIX
  ADCD                  00007580   00000080  00000000  00000080  RWIX
  INPUTXBAR             00007900   00000020  00000020  00000000  RWIX
  XBAR                  00007920   00000020  00000000  00000020  RWIX
  SYNCSOC               00007940   00000006  00000000  00000006  RWIX
  DMACLASRCSEL          00007980   0000001a  00000000  0000001a  RWIX
  EPWMXBAR              00007a00   00000040  00000000  00000040  RWIX
  CLBXBAR               00007a40   00000040  00000000  00000040  RWIX
  OUTPUTXBAR            00007a80   00000040  00000000  00000040  RWIX
  GPIOCTRL              00007c00   00000180  00000180  00000000  RWIX
  GPIODATA              00007f00   00000030  00000030  00000000  RWIX
  RAMLS5                0000a800   00000800  00000010  000007f0  RWIX
  RAMD1                 0000b800   00000800  00000000  00000800  RWIX
  RAMGS0                0000c000   00001000  00000000  00001000  RWIX
  RAMGS1                0000d000   00001000  00000000  00001000  RWIX
  RAMGS2                0000e000   00001000  00000000  00001000  RWIX
  RAMGS3                0000f000   00001000  00000000  00001000  RWIX
  RAMGS4                00010000   00001000  00000000  00001000  RWIX
  RAMGS5                00011000   00001000  00000000  00001000  RWIX
  RAMGS6                00012000   00001000  00000000  00001000  RWIX
  RAMGS7                00013000   00001000  00000000  00001000  RWIX
  RAMGS8                00014000   00001000  00000000  00001000  RWIX
  RAMGS9                00015000   00001000  00000000  00001000  RWIX
  RAMGS10               00016000   00001000  00000000  00001000  RWIX
  RAMGS11               00017000   00001000  00000000  00001000  RWIX
  RAMGS12               00018000   00001000  00000000  00001000  RWIX
  RAMGS13               00019000   00001000  00000000  00001000  RWIX
  CPU2TOCPU1RAM         0003f800   00000400  00000000  00000400  RWIX
  CPU1TOCPU2RAM         0003fc00   00000400  00000000  00000400  RWIX
  EMIF1                 00047000   00000070  00000000  00000070  RWIX
  EMIF2                 00047800   00000070  00000000  00000070  RWIX
  CANA                  00048000   00000200  00000000  00000200  RWIX
  CANB                  0004a000   00000200  00000000  00000200  RWIX
  IPC                   00050000   00000024  00000024  00000000  RWIX
  FLASHPUMPSEMAPHORE    00050024   00000002  00000000  00000002  RWIX
  DEVCFG                0005d000   0000012e  0000012e  00000000  RWIX
  ANALOGSUBSYS          0005d180   00000048  00000000  00000048  RWIX
  CLKCFG                0005d200   00000032  00000032  00000000  RWIX
  CPUSYS                0005d300   00000082  00000082  00000000  RWIX
  ROMPREFETCH           0005e608   00000002  00000000  00000002  RWIX
  DCSMZ1                0005f000   00000024  00000000  00000024  RWIX
  DCSMZ2                0005f040   00000024  00000000  00000024  RWIX
  DCSMCOMMON            0005f070   00000008  00000000  00000008  RWIX
  MEMCFG                0005f400   00000080  00000000  00000080  RWIX
  EMIF1CONFIG           0005f480   00000020  00000000  00000020  RWIX
  EMIF2CONFIG           0005f4a0   00000020  00000000  00000020  RWIX
  ACCESSPROTECTION      0005f4c0   00000040  00000000  00000040  RWIX
  MEMORYERROR           0005f500   00000040  00000000  00000040  RWIX
  ROMWAITSTATE          0005f540   00000002  00000000  00000002  RWIX
  FLASH0CTRL            0005f800   00000182  00000000  00000182  RWIX
  FLASH0ECC             0005fb00   00000028  00000000  00000028  RWIX


SECTION ALLOCATION MAP

 output                                  attributes/
section   page    origin      length       input sections
--------  ----  ----------  ----------   ----------------
codestart 
*          0    00080000    00000002     
                  00080000    00000002     F2837xD_CodeStartBranch.obj (codestart)

.cinit     0    00083810    00000014     
                  00083810    0000000a     (.cinit..data.load) [load image, compression = lzss]
                  0008381a    00000004     (__TI_handler_table)
                  0008381e    00000002     --HOLE-- [fill = 0]
                  00083820    00000004     (__TI_cinit_table)

.stack     1    00000400    00000200     UNINITIALIZED
                  00000400    00000200     --HOLE--

.reset     0    003fffc0    00000000     DSECT

.init_array 
*          0    00082000    00000000     UNINITIALIZED

.data      1    0000a800    00000010     UNINITIALIZED
                  0000a800    00000006     device.obj (.data)
                  0000a806    00000006     rts2800_fpu32_eabi.lib : exit.c.obj (.data)
                  0000a80c    00000002                            : _lock.c.obj (.data:_lock)
                  0000a80e    00000002                            : _lock.c.obj (.data:_unlock)

.const     0    00090000    000001c0     
                  00090000    000001c0     F2837xD_SWPrioritizedPieVect.obj (.const)

.TI.ramfunc 
*          0    00086000    00000071     RUN ADDR = 00008000
                  00086000    0000006d     flash.obj (.TI.ramfunc)
                  0008606d    00000004     sysctl.obj (.TI.ramfunc)

GETBUFFER 
*          0    0003f800    00000000     DSECT

GETWRITEIDX 
*          0    0003f800    00000000     DSECT

PUTREADIDX 
*          0    0003f800    00000000     DSECT

ClkCfgRegsFile 
*          1    0005d200    00000032     UNINITIALIZED
                  0005d200    00000032     F2837xD_GlobalVariableDefs.obj (ClkCfgRegsFile)

CpuSysRegsFile 
*          1    0005d300    00000082     UNINITIALIZED
                  0005d300    00000082     F2837xD_GlobalVariableDefs.obj (CpuSysRegsFile)

DevCfgRegsFile 
*          1    0005d000    0000012e     UNINITIALIZED
                  0005d000    0000012e     F2837xD_GlobalVariableDefs.obj (DevCfgRegsFile)

GpioCtrlRegsFile 
*          1    00007c00    00000180     UNINITIALIZED
                  00007c00    00000180     F2837xD_GlobalVariableDefs.obj (GpioCtrlRegsFile)

GpioDataRegsFile 
*          1    00007f00    00000030     UNINITIALIZED
                  00007f00    00000030     F2837xD_GlobalVariableDefs.obj (GpioDataRegsFile)

InputXbarRegsFile 
*          1    00007900    00000020     UNINITIALIZED
                  00007900    00000020     F2837xD_GlobalVariableDefs.obj (InputXbarRegsFile)

IpcRegsFile 
*          1    00050000    00000024     UNINITIALIZED
                  00050000    00000024     F2837xD_GlobalVariableDefs.obj (IpcRegsFile)

.text      0    00082000    0000180f     
                  00082000    00000585     F2837xD_DefaultISR.obj (.text:retain)
                  00082585    000004ab     sysctl.obj (.text)
                  00082a30    0000032a     device.obj (.text)
                  00082d5a    0000021c     spi.obj (.text)
                  00082f76    000001cb     F2837xD_Gpio.obj (.text)
                  00083141    0000018c     gpio.obj (.text)
                  000832cd    00000154     interrupt.obj (.text)
                  00083421    0000014c     F2837xD_Ipc_Driver_Util.obj (.text)
                  0008356d    00000139     main_cpu1.obj (.text)
                  000836a6    00000088     rts2800_fpu32_eabi.lib : fs_div28.asm.obj (.text)
                  0008372e    00000031                            : copy_decompress_lzss.c.obj (.text:decompress:lzss)
                  0008375f    0000002b                            : autoinit.c.obj (.text:__TI_auto_init_nobinit_nopinit)
                  0008378a    00000029                            : exit.c.obj (.text)
                  000837b3    0000001d                            : memcpy.c.obj (.text)
                  000837d0    00000017                            : boot28.asm.obj (.text)
                  000837e7    0000000c                            : args_main.c.obj (.text)
                  000837f3    00000009                            : _lock.c.obj (.text)
                  000837fc    00000008     F2837xD_CodeStartBranch.obj (.text)
                  00083804    00000008     rts2800_fpu32_eabi.lib : copy_decompress_none.c.obj (.text:decompress:none)
                  0008380c    00000002                            : pre_init.c.obj (.text)
                  0008380e    00000001                            : startup.c.obj (.text)

MODULE SUMMARY

       Module                             code   ro data   rw data
       ------                             ----   -------   -------
    .\03_device\source\
       sysctl.obj                         1203   0         0      
       spi.obj                            540    0         0      
       gpio.obj                           396    0         0      
       interrupt.obj                      340    0         0      
       flash.obj                          218    0         0      
    +--+----------------------------------+------+---------+---------+
       Total:                             2697   0         0      
                                                                  
    .\04_common\source\
       F2837xD_DefaultISR.obj             1413   0         0      
       device.obj                         810    0         6      
       F2837xD_Gpio.obj                   459    0         0      
       F2837xD_SWPrioritizedPieVect.obj   0      448       0      
       F2837xD_Ipc_Driver_Util.obj        332    0         0      
       F2837xD_CodeStartBranch.obj        10     0         0      
    +--+----------------------------------+------+---------+---------+
       Total:                             3024   448       6      
                                                                  
    .\05_headers\source\
       F2837xD_GlobalVariableDefs.obj     0      0         982    
    +--+----------------------------------+------+---------+---------+
       Total:                             0      0         982    
                                                                  
    .\06_user\
       main_cpu1.obj                      313    0         0      
    +--+----------------------------------+------+---------+---------+
       Total:                             313    0         0      
                                                                  
    ../02_math_lib/rts2800_fpu32_eabi.lib
       fs_div28.asm.obj                   136    0         0      
       copy_decompress_lzss.c.obj         49     0         0      
       exit.c.obj                         41     0         6      
       autoinit.c.obj                     43     0         0      
       memcpy.c.obj                       29     0         0      
       boot28.asm.obj                     23     0         0      
       _lock.c.obj                        9      0         4      
       args_main.c.obj                    12     0         0      
       copy_decompress_none.c.obj         8      0         0      
       pre_init.c.obj                     2      0         0      
       startup.c.obj                      1      0         0      
    +--+----------------------------------+------+---------+---------+
       Total:                             353    0         10     
                                                                  
       Stack:                             0      0         512    
       Linker Generated:                  0      18        0      
    +--+----------------------------------+------+---------+---------+
       Grand Total:                       6387   466       1510   


LINKER GENERATED COPY TABLES

__TI_cinit_table @ 00083820 records: 1, size/record: 4, table size: 4
	.data: load addr=00083810, load size=0000000a bytes, run addr=0000a800, run size=00000010 bytes, compression=lzss


LINKER GENERATED HANDLER TABLE

__TI_handler_table @ 0008381a records: 2, size/record: 2, table size: 4
	index: 0, handler: __TI_decompress_lzss
	index: 1, handler: __TI_decompress_none


GLOBAL DATA SYMBOLS: SORTED BY DATA PAGE

address     data page           name
--------    ----------------    ----
00000400      10 (00000400)     __stack

00007900     1e4 (00007900)     InputXbarRegs

00007c00     1f0 (00007c00)     GpioCtrlRegs

00007f00     1fc (00007f00)     GpioDataRegs

0000a800     2a0 (0000a800)     Example_Result
0000a802     2a0 (0000a800)     Example_PassCount
0000a804     2a0 (0000a800)     Example_Fail
0000a806     2a0 (0000a800)     __TI_enable_exit_profile_output
0000a808     2a0 (0000a800)     __TI_cleanup_ptr
0000a80a     2a0 (0000a800)     __TI_dtors_ptr
0000a80c     2a0 (0000a800)     _lock
0000a80e     2a0 (0000a800)     _unlock

00050000    1400 (00050000)     IpcRegs

0005d000    1740 (0005d000)     DevCfgRegs

0005d200    1748 (0005d200)     ClkCfgRegs

0005d300    174c (0005d300)     CpuSysRegs

00090000    2400 (00090000)     PieVectTableInit


GLOBAL SYMBOLS: SORTED ALPHABETICALLY BY Name 

page  address   name                                     
----  -------   ----                                     
0     0008257b  ADCA1_ISR                                
0     00082571  ADCA2_ISR                                
0     00082567  ADCA3_ISR                                
0     0008255d  ADCA4_ISR                                
0     00082553  ADCA_EVT_ISR                             
0     00082549  ADCB1_ISR                                
0     0008253f  ADCB2_ISR                                
0     00082535  ADCB3_ISR                                
0     0008252b  ADCB4_ISR                                
0     00082521  ADCB_EVT_ISR                             
0     00082517  ADCC1_ISR                                
0     0008250d  ADCC2_ISR                                
0     00082503  ADCC3_ISR                                
0     000824f9  ADCC4_ISR                                
0     000824ef  ADCC_EVT_ISR                             
0     000824e5  ADCD1_ISR                                
0     000824db  ADCD2_ISR                                
0     000824d1  ADCD3_ISR                                
0     000824c7  ADCD4_ISR                                
0     000824bd  ADCD_EVT_ISR                             
0     000824b3  AUX_PLL_SLIP_ISR                         
0     0008378a  C$$EXIT                                  
0     000824a9  CANA0_ISR                                
0     0008249f  CANA1_ISR                                
0     00082495  CANB0_ISR                                
0     0008248b  CANB1_ISR                                
0     00082481  CLA1_1_ISR                               
0     00082477  CLA1_2_ISR                               
0     0008246d  CLA1_3_ISR                               
0     00082463  CLA1_4_ISR                               
0     00082459  CLA1_5_ISR                               
0     0008244f  CLA1_6_ISR                               
0     00082445  CLA1_7_ISR                               
0     0008243b  CLA1_8_ISR                               
0     00082431  CLA_OVERFLOW_ISR                         
0     00082427  CLA_UNDERFLOW_ISR                        
1     0005d200  ClkCfgRegs                               
1     0005d300  CpuSysRegs                               
0     0008241d  DATALOG_ISR                              
0     00082413  DMA_CH1_ISR                              
0     00082409  DMA_CH2_ISR                              
0     000823ff  DMA_CH3_ISR                              
0     000823f5  DMA_CH4_ISR                              
0     000823eb  DMA_CH5_ISR                              
0     000823e1  DMA_CH6_ISR                              
1     0005d000  DevCfgRegs                               
0     00082be9  Device_bootCPU2                          
0     00082a9c  Device_configureTMXAnalogTrim            
0     00082acf  Device_enableAllPeripherals              
0     00082a6e  Device_enableUnbondedGPIOPullups         
0     00082a51  Device_enableUnbondedGPIOPullupsFor100Pin
0     00082a3e  Device_enableUnbondedGPIOPullupsFor176Pin
0     00082bad  Device_init                              
0     00082a7e  Device_initGPIO                          
0     000823d7  ECAP1_ISR                                
0     000823cd  ECAP2_ISR                                
0     000823c3  ECAP3_ISR                                
0     000823b9  ECAP4_ISR                                
0     000823af  ECAP5_ISR                                
0     000823a5  ECAP6_ISR                                
0     0008239b  EMIF_ERROR_ISR                           
0     0008238e  EMPTY_ISR                                
0     00082384  EMU_ISR                                  
0     0008237a  EPWM10_ISR                               
0     00082370  EPWM10_TZ_ISR                            
0     00082366  EPWM11_ISR                               
0     0008235c  EPWM11_TZ_ISR                            
0     00082352  EPWM12_ISR                               
0     00082348  EPWM12_TZ_ISR                            
0     0008233e  EPWM1_ISR                                
0     00082334  EPWM1_TZ_ISR                             
0     0008232a  EPWM2_ISR                                
0     00082320  EPWM2_TZ_ISR                             
0     00082316  EPWM3_ISR                                
0     0008230c  EPWM3_TZ_ISR                             
0     00082302  EPWM4_ISR                                
0     000822f8  EPWM4_TZ_ISR                             
0     000822ee  EPWM5_ISR                                
0     000822e4  EPWM5_TZ_ISR                             
0     000822da  EPWM6_ISR                                
0     000822d0  EPWM6_TZ_ISR                             
0     000822c6  EPWM7_ISR                                
0     000822bc  EPWM7_TZ_ISR                             
0     000822b2  EPWM8_ISR                                
0     000822a8  EPWM8_TZ_ISR                             
0     0008229e  EPWM9_ISR                                
0     00082294  EPWM9_TZ_ISR                             
0     0008228a  EQEP1_ISR                                
0     00082280  EQEP2_ISR                                
0     00082276  EQEP3_ISR                                
1     0000a804  Example_Fail                             
1     0000a802  Example_PassCount                        
1     0000a800  Example_Result                           
0     00082a3d  Example_done                             
0     00082a38  Example_setResultFail                    
0     00082a33  Example_setResultPass                    
0     0008226c  FLASH_CORRECTABLE_ERROR_ISR              
0     00082262  FPU_OVERFLOW_ISR                         
0     00082258  FPU_UNDERFLOW_ISR                        
0     00008027  Flash_initModule                         
0     0000800f  Flash_powerDown                          
0     00008000  Flash_wakeFromLPM                        
0     00083131  GPIO_EnableUnbondedIOPullups             
0     0008310c  GPIO_EnableUnbondedIOPullupsFor100Pin    
0     000830f3  GPIO_EnableUnbondedIOPullupsFor176Pin    
0     000830df  GPIO_ReadPin                             
0     000830bd  GPIO_SetupLock                           
0     00083068  GPIO_SetupPinMux                         
0     00082fe3  GPIO_SetupPinOptions                     
0     00082fdc  GPIO_SetupXINT1Gpio                      
0     00082fd5  GPIO_SetupXINT2Gpio                      
0     00082fce  GPIO_SetupXINT3Gpio                      
0     00082fc7  GPIO_SetupXINT4Gpio                      
0     00082fc0  GPIO_SetupXINT5Gpio                      
0     00082fa6  GPIO_WritePin                            
0     000832bb  GPIO_getDirectionMode                    
0     0008328f  GPIO_getPadConfig                        
0     00083270  GPIO_getQualificationMode                
0     0008324f  GPIO_setAnalogMode                       
0     0008322f  GPIO_setDirectionMode                    
0     0008320f  GPIO_setInterruptPin                     
0     000831ed  GPIO_setMasterCore                       
0     000831ae  GPIO_setPadConfig                        
0     0008317e  GPIO_setPinConfig                        
0     0008315c  GPIO_setQualificationMode                
0     00083141  GPIO_setQualificationPeriod              
1     00007c00  GpioCtrlRegs                             
1     00007f00  GpioDataRegs                             
0     0008224e  I2CA_FIFO_ISR                            
0     00082244  I2CA_ISR                                 
0     0008223a  I2CB_FIFO_ISR                            
0     00082230  I2CB_ISR                                 
0     00082226  ILLEGAL_ISR                              
0     0008221c  IPC0_ISR                                 
0     00082212  IPC1_ISR                                 
0     00082208  IPC2_ISR                                 
0     000821fe  IPC3_ISR                                 
0     00083445  IPCBootCPU2                              
0     00083441  IPCGetBootStatus                         
0     00083437  IPCLtoRFlagBusy                          
0     00083433  IPCLtoRFlagClear                         
0     0008342f  IPCLtoRFlagSet                           
0     0008342b  IPCRtoLFlagAcknowledge                   
0     00083421  IPCRtoLFlagBusy                          
0     00082f76  InitGpio                                 
1     00007900  InputXbarRegs                            
0     000833d5  Interrupt_disable                        
0     00083327  Interrupt_enable                         
0     000832e4  Interrupt_initModule                     
0     000832cf  Interrupt_initVectorTable                
1     00050000  IpcRegs                                  
0     000821f4  MCBSPA_RX_ISR                            
0     000821ea  MCBSPA_TX_ISR                            
0     000821e0  MCBSPB_RX_ISR                            
0     000821d6  MCBSPB_TX_ISR                            
0     000821cc  NMI_ISR                                  
0     000821c2  NOTUSED_ISR                              
0     000821b8  PIE_RESERVED_ISR                         
0     00090000  PieVectTableInit                         
0     000821ae  RAM_ACCESS_VIOLATION_ISR                 
0     000821a4  RAM_CORRECTABLE_ERROR_ISR                
0     0008219a  RTOS_ISR                                 
0     00086071  RamfuncsLoadEnd                          
abs   00000071  RamfuncsLoadSize                         
0     00086000  RamfuncsLoadStart                        
0     00008071  RamfuncsRunEnd                           
abs   00000071  RamfuncsRunSize                          
0     00008000  RamfuncsRunStart                         
0     00082190  SCIA_RX_ISR                              
0     00082186  SCIA_TX_ISR                              
0     0008217c  SCIB_RX_ISR                              
0     00082172  SCIB_TX_ISR                              
0     00082168  SCIC_RX_ISR                              
0     0008215e  SCIC_TX_ISR                              
0     00082154  SCID_RX_ISR                              
0     0008214a  SCID_TX_ISR                              
0     00082140  SD1_ISR                                  
0     00082136  SD2_ISR                                  
0     0008212c  SPIA_RX_ISR                              
0     00082122  SPIA_TX_ISR                              
0     00082118  SPIB_RX_ISR                              
0     0008210e  SPIB_TX_ISR                              
0     00082104  SPIC_RX_ISR                              
0     000820fa  SPIC_TX_ISR                              
0     00082f58  SPI_clearInterruptStatus                 
0     00082f40  SPI_disableInterrupt                     
0     00082f28  SPI_enableInterrupt                      
0     00082f12  SPI_getInterruptStatus                   
0     00082d5a  SPI_pollingFIFOTransaction               
0     00082ef9  SPI_pollingNonFIFOTransaction            
0     00082ecf  SPI_receive16Bits                        
0     00082e9f  SPI_receive24Bits                        
0     00082e6b  SPI_receive32Bits                        
0     00082e60  SPI_setBaudRate                          
0     00082e41  SPI_setConfig                            
0     00082e20  SPI_transmit24Bits                       
0     00082e04  SPI_transmit32Bits                       
0     000820f0  SYS_PLL_SLIP_ISR                         
0     0000806d  SysCtl_delay                             
0     000829f9  SysCtl_getAuxClock                       
0     0008295a  SysCtl_getClock                          
0     000829b5  SysCtl_getDeviceParametric               
0     000829a0  SysCtl_getLowSpeedClock                  
0     00082626  SysCtl_selectOscSource                   
0     00082825  SysCtl_selectOscSourceAuxPLL             
0     0008259c  SysCtl_selectXTAL                        
0     0008284e  SysCtl_setAuxClock                       
0     00082651  SysCtl_setClock                          
0     000820e6  TIMER0_ISR                               
0     000820dc  TIMER1_ISR                               
0     000820d2  TIMER2_ISR                               
0     000820c8  UPPA_ISR                                 
0     000820be  USBA_ISR                                 
0     000820b4  USER10_ISR                               
0     000820aa  USER11_ISR                               
0     000820a0  USER12_ISR                               
0     00082096  USER1_ISR                                
0     0008208c  USER2_ISR                                
0     00082082  USER3_ISR                                
0     00082078  USER4_ISR                                
0     0008206e  USER5_ISR                                
0     00082064  USER6_ISR                                
0     0008205a  USER7_ISR                                
0     00082050  USER8_ISR                                
0     00082046  USER9_ISR                                
0     0008203c  VCU_ISR                                  
0     00082032  WAKE_ISR                                 
0     00082028  XINT1_ISR                                
0     0008201e  XINT2_ISR                                
0     00082014  XINT3_ISR                                
0     0008200a  XINT4_ISR                                
0     00082000  XINT5_ISR                                
0     0008356d  _Z11configGPIOsv                         
0     0008366e  _Z13initSPIBSlavev                       
0     000835bb  _Z14initSPIAMasterv                      
0     00083624  _Z17configGPIOs_slavev                   
0     00083820  __TI_CINIT_Base                          
0     00083824  __TI_CINIT_Limit                         
0     00083824  __TI_CINIT_Warm                          
0     0008381a  __TI_Handler_Table_Base                  
0     0008381e  __TI_Handler_Table_Limit                 
1     00000600  __TI_STACK_END                           
abs   00000200  __TI_STACK_SIZE                          
0     0008375f  __TI_auto_init_nobinit_nopinit           
1     0000a808  __TI_cleanup_ptr                         
0     0008372e  __TI_decompress_lzss                     
0     00083804  __TI_decompress_none                     
1     0000a80a  __TI_dtors_ptr                           
1     0000a806  __TI_enable_exit_profile_output          
abs   ffffffff  __TI_pprof_out_hndl                      
abs   ffffffff  __TI_prof_data_size                      
abs   ffffffff  __TI_prof_data_start                     
0     000836a6  __c28xabi_divf                           
n/a   UNDEFED   __c_args__                               
0     00082a30  __error__                                
1     00000400  __stack                                  
0     000837e7  _args_main                               
0     000837d0  _c_int00                                 
1     0000a80c  _lock                                    
0     000837fb  _nop                                     
0     000837f7  _register_lock                           
0     000837f3  _register_unlock                         
0     0008380e  _system_post_cinit                       
0     0008380c  _system_pre_init                         
1     0000a80e  _unlock                                  
0     0008378a  abort                                    
0     00080000  code_start                               
0     0008378c  exit                                     
0     000835f3  main                                     
0     000837b3  memcpy                                   


GLOBAL SYMBOLS: SORTED BY Symbol Address 

page  address   name                                     
----  -------   ----                                     
0     00008000  Flash_wakeFromLPM                        
0     00008000  RamfuncsRunStart                         
0     0000800f  Flash_powerDown                          
0     00008027  Flash_initModule                         
0     0000806d  SysCtl_delay                             
0     00008071  RamfuncsRunEnd                           
0     00080000  code_start                               
0     00082000  XINT5_ISR                                
0     0008200a  XINT4_ISR                                
0     00082014  XINT3_ISR                                
0     0008201e  XINT2_ISR                                
0     00082028  XINT1_ISR                                
0     00082032  WAKE_ISR                                 
0     0008203c  VCU_ISR                                  
0     00082046  USER9_ISR                                
0     00082050  USER8_ISR                                
0     0008205a  USER7_ISR                                
0     00082064  USER6_ISR                                
0     0008206e  USER5_ISR                                
0     00082078  USER4_ISR                                
0     00082082  USER3_ISR                                
0     0008208c  USER2_ISR                                
0     00082096  USER1_ISR                                
0     000820a0  USER12_ISR                               
0     000820aa  USER11_ISR                               
0     000820b4  USER10_ISR                               
0     000820be  USBA_ISR                                 
0     000820c8  UPPA_ISR                                 
0     000820d2  TIMER2_ISR                               
0     000820dc  TIMER1_ISR                               
0     000820e6  TIMER0_ISR                               
0     000820f0  SYS_PLL_SLIP_ISR                         
0     000820fa  SPIC_TX_ISR                              
0     00082104  SPIC_RX_ISR                              
0     0008210e  SPIB_TX_ISR                              
0     00082118  SPIB_RX_ISR                              
0     00082122  SPIA_TX_ISR                              
0     0008212c  SPIA_RX_ISR                              
0     00082136  SD2_ISR                                  
0     00082140  SD1_ISR                                  
0     0008214a  SCID_TX_ISR                              
0     00082154  SCID_RX_ISR                              
0     0008215e  SCIC_TX_ISR                              
0     00082168  SCIC_RX_ISR                              
0     00082172  SCIB_TX_ISR                              
0     0008217c  SCIB_RX_ISR                              
0     00082186  SCIA_TX_ISR                              
0     00082190  SCIA_RX_ISR                              
0     0008219a  RTOS_ISR                                 
0     000821a4  RAM_CORRECTABLE_ERROR_ISR                
0     000821ae  RAM_ACCESS_VIOLATION_ISR                 
0     000821b8  PIE_RESERVED_ISR                         
0     000821c2  NOTUSED_ISR                              
0     000821cc  NMI_ISR                                  
0     000821d6  MCBSPB_TX_ISR                            
0     000821e0  MCBSPB_RX_ISR                            
0     000821ea  MCBSPA_TX_ISR                            
0     000821f4  MCBSPA_RX_ISR                            
0     000821fe  IPC3_ISR                                 
0     00082208  IPC2_ISR                                 
0     00082212  IPC1_ISR                                 
0     0008221c  IPC0_ISR                                 
0     00082226  ILLEGAL_ISR                              
0     00082230  I2CB_ISR                                 
0     0008223a  I2CB_FIFO_ISR                            
0     00082244  I2CA_ISR                                 
0     0008224e  I2CA_FIFO_ISR                            
0     00082258  FPU_UNDERFLOW_ISR                        
0     00082262  FPU_OVERFLOW_ISR                         
0     0008226c  FLASH_CORRECTABLE_ERROR_ISR              
0     00082276  EQEP3_ISR                                
0     00082280  EQEP2_ISR                                
0     0008228a  EQEP1_ISR                                
0     00082294  EPWM9_TZ_ISR                             
0     0008229e  EPWM9_ISR                                
0     000822a8  EPWM8_TZ_ISR                             
0     000822b2  EPWM8_ISR                                
0     000822bc  EPWM7_TZ_ISR                             
0     000822c6  EPWM7_ISR                                
0     000822d0  EPWM6_TZ_ISR                             
0     000822da  EPWM6_ISR                                
0     000822e4  EPWM5_TZ_ISR                             
0     000822ee  EPWM5_ISR                                
0     000822f8  EPWM4_TZ_ISR                             
0     00082302  EPWM4_ISR                                
0     0008230c  EPWM3_TZ_ISR                             
0     00082316  EPWM3_ISR                                
0     00082320  EPWM2_TZ_ISR                             
0     0008232a  EPWM2_ISR                                
0     00082334  EPWM1_TZ_ISR                             
0     0008233e  EPWM1_ISR                                
0     00082348  EPWM12_TZ_ISR                            
0     00082352  EPWM12_ISR                               
0     0008235c  EPWM11_TZ_ISR                            
0     00082366  EPWM11_ISR                               
0     00082370  EPWM10_TZ_ISR                            
0     0008237a  EPWM10_ISR                               
0     00082384  EMU_ISR                                  
0     0008238e  EMPTY_ISR                                
0     0008239b  EMIF_ERROR_ISR                           
0     000823a5  ECAP6_ISR                                
0     000823af  ECAP5_ISR                                
0     000823b9  ECAP4_ISR                                
0     000823c3  ECAP3_ISR                                
0     000823cd  ECAP2_ISR                                
0     000823d7  ECAP1_ISR                                
0     000823e1  DMA_CH6_ISR                              
0     000823eb  DMA_CH5_ISR                              
0     000823f5  DMA_CH4_ISR                              
0     000823ff  DMA_CH3_ISR                              
0     00082409  DMA_CH2_ISR                              
0     00082413  DMA_CH1_ISR                              
0     0008241d  DATALOG_ISR                              
0     00082427  CLA_UNDERFLOW_ISR                        
0     00082431  CLA_OVERFLOW_ISR                         
0     0008243b  CLA1_8_ISR                               
0     00082445  CLA1_7_ISR                               
0     0008244f  CLA1_6_ISR                               
0     00082459  CLA1_5_ISR                               
0     00082463  CLA1_4_ISR                               
0     0008246d  CLA1_3_ISR                               
0     00082477  CLA1_2_ISR                               
0     00082481  CLA1_1_ISR                               
0     0008248b  CANB1_ISR                                
0     00082495  CANB0_ISR                                
0     0008249f  CANA1_ISR                                
0     000824a9  CANA0_ISR                                
0     000824b3  AUX_PLL_SLIP_ISR                         
0     000824bd  ADCD_EVT_ISR                             
0     000824c7  ADCD4_ISR                                
0     000824d1  ADCD3_ISR                                
0     000824db  ADCD2_ISR                                
0     000824e5  ADCD1_ISR                                
0     000824ef  ADCC_EVT_ISR                             
0     000824f9  ADCC4_ISR                                
0     00082503  ADCC3_ISR                                
0     0008250d  ADCC2_ISR                                
0     00082517  ADCC1_ISR                                
0     00082521  ADCB_EVT_ISR                             
0     0008252b  ADCB4_ISR                                
0     00082535  ADCB3_ISR                                
0     0008253f  ADCB2_ISR                                
0     00082549  ADCB1_ISR                                
0     00082553  ADCA_EVT_ISR                             
0     0008255d  ADCA4_ISR                                
0     00082567  ADCA3_ISR                                
0     00082571  ADCA2_ISR                                
0     0008257b  ADCA1_ISR                                
0     0008259c  SysCtl_selectXTAL                        
0     00082626  SysCtl_selectOscSource                   
0     00082651  SysCtl_setClock                          
0     00082825  SysCtl_selectOscSourceAuxPLL             
0     0008284e  SysCtl_setAuxClock                       
0     0008295a  SysCtl_getClock                          
0     000829a0  SysCtl_getLowSpeedClock                  
0     000829b5  SysCtl_getDeviceParametric               
0     000829f9  SysCtl_getAuxClock                       
0     00082a30  __error__                                
0     00082a33  Example_setResultPass                    
0     00082a38  Example_setResultFail                    
0     00082a3d  Example_done                             
0     00082a3e  Device_enableUnbondedGPIOPullupsFor176Pin
0     00082a51  Device_enableUnbondedGPIOPullupsFor100Pin
0     00082a6e  Device_enableUnbondedGPIOPullups         
0     00082a7e  Device_initGPIO                          
0     00082a9c  Device_configureTMXAnalogTrim            
0     00082acf  Device_enableAllPeripherals              
0     00082bad  Device_init                              
0     00082be9  Device_bootCPU2                          
0     00082d5a  SPI_pollingFIFOTransaction               
0     00082e04  SPI_transmit32Bits                       
0     00082e20  SPI_transmit24Bits                       
0     00082e41  SPI_setConfig                            
0     00082e60  SPI_setBaudRate                          
0     00082e6b  SPI_receive32Bits                        
0     00082e9f  SPI_receive24Bits                        
0     00082ecf  SPI_receive16Bits                        
0     00082ef9  SPI_pollingNonFIFOTransaction            
0     00082f12  SPI_getInterruptStatus                   
0     00082f28  SPI_enableInterrupt                      
0     00082f40  SPI_disableInterrupt                     
0     00082f58  SPI_clearInterruptStatus                 
0     00082f76  InitGpio                                 
0     00082fa6  GPIO_WritePin                            
0     00082fc0  GPIO_SetupXINT5Gpio                      
0     00082fc7  GPIO_SetupXINT4Gpio                      
0     00082fce  GPIO_SetupXINT3Gpio                      
0     00082fd5  GPIO_SetupXINT2Gpio                      
0     00082fdc  GPIO_SetupXINT1Gpio                      
0     00082fe3  GPIO_SetupPinOptions                     
0     00083068  GPIO_SetupPinMux                         
0     000830bd  GPIO_SetupLock                           
0     000830df  GPIO_ReadPin                             
0     000830f3  GPIO_EnableUnbondedIOPullupsFor176Pin    
0     0008310c  GPIO_EnableUnbondedIOPullupsFor100Pin    
0     00083131  GPIO_EnableUnbondedIOPullups             
0     00083141  GPIO_setQualificationPeriod              
0     0008315c  GPIO_setQualificationMode                
0     0008317e  GPIO_setPinConfig                        
0     000831ae  GPIO_setPadConfig                        
0     000831ed  GPIO_setMasterCore                       
0     0008320f  GPIO_setInterruptPin                     
0     0008322f  GPIO_setDirectionMode                    
0     0008324f  GPIO_setAnalogMode                       
0     00083270  GPIO_getQualificationMode                
0     0008328f  GPIO_getPadConfig                        
0     000832bb  GPIO_getDirectionMode                    
0     000832cf  Interrupt_initVectorTable                
0     000832e4  Interrupt_initModule                     
0     00083327  Interrupt_enable                         
0     000833d5  Interrupt_disable                        
0     00083421  IPCRtoLFlagBusy                          
0     0008342b  IPCRtoLFlagAcknowledge                   
0     0008342f  IPCLtoRFlagSet                           
0     00083433  IPCLtoRFlagClear                         
0     00083437  IPCLtoRFlagBusy                          
0     00083441  IPCGetBootStatus                         
0     00083445  IPCBootCPU2                              
0     0008356d  _Z11configGPIOsv                         
0     000835bb  _Z14initSPIAMasterv                      
0     000835f3  main                                     
0     00083624  _Z17configGPIOs_slavev                   
0     0008366e  _Z13initSPIBSlavev                       
0     000836a6  __c28xabi_divf                           
0     0008372e  __TI_decompress_lzss                     
0     0008375f  __TI_auto_init_nobinit_nopinit           
0     0008378a  C$$EXIT                                  
0     0008378a  abort                                    
0     0008378c  exit                                     
0     000837b3  memcpy                                   
0     000837d0  _c_int00                                 
0     000837e7  _args_main                               
0     000837f3  _register_unlock                         
0     000837f7  _register_lock                           
0     000837fb  _nop                                     
0     00083804  __TI_decompress_none                     
0     0008380c  _system_pre_init                         
0     0008380e  _system_post_cinit                       
0     0008381a  __TI_Handler_Table_Base                  
0     0008381e  __TI_Handler_Table_Limit                 
0     00083820  __TI_CINIT_Base                          
0     00083824  __TI_CINIT_Limit                         
0     00083824  __TI_CINIT_Warm                          
0     00086000  RamfuncsLoadStart                        
0     00086071  RamfuncsLoadEnd                          
0     00090000  PieVectTableInit                         
1     00000400  __stack                                  
1     00000600  __TI_STACK_END                           
1     00007900  InputXbarRegs                            
1     00007c00  GpioCtrlRegs                             
1     00007f00  GpioDataRegs                             
1     0000a800  Example_Result                           
1     0000a802  Example_PassCount                        
1     0000a804  Example_Fail                             
1     0000a806  __TI_enable_exit_profile_output          
1     0000a808  __TI_cleanup_ptr                         
1     0000a80a  __TI_dtors_ptr                           
1     0000a80c  _lock                                    
1     0000a80e  _unlock                                  
1     00050000  IpcRegs                                  
1     0005d000  DevCfgRegs                               
1     0005d200  ClkCfgRegs                               
1     0005d300  CpuSysRegs                               
abs   00000071  RamfuncsLoadSize                         
abs   00000071  RamfuncsRunSize                          
abs   00000200  __TI_STACK_SIZE                          
abs   ffffffff  __TI_pprof_out_hndl                      
abs   ffffffff  __TI_prof_data_size                      
abs   ffffffff  __TI_prof_data_start                     
n/a   UNDEFED   __c_args__                               

[270 symbols]
